Archive member included to satisfy reference by file (symbol)

/usr/lib/gcc/arm-none-eabi/5.4.1/../../../arm-none-eabi/lib/armv7e-m/fpu/libc_nano.a(lib_a-atexit.o)
                              /usr/lib/gcc/arm-none-eabi/5.4.1/../../../arm-none-eabi/lib/armv7e-m/fpu/crt0.o (atexit)
/usr/lib/gcc/arm-none-eabi/5.4.1/../../../arm-none-eabi/lib/armv7e-m/fpu/libc_nano.a(lib_a-exit.o)
                              /usr/lib/gcc/arm-none-eabi/5.4.1/../../../arm-none-eabi/lib/armv7e-m/fpu/crt0.o (exit)
/usr/lib/gcc/arm-none-eabi/5.4.1/../../../arm-none-eabi/lib/armv7e-m/fpu/libc_nano.a(lib_a-fini.o)
                              /usr/lib/gcc/arm-none-eabi/5.4.1/../../../arm-none-eabi/lib/armv7e-m/fpu/crt0.o (__libc_fini_array)
/usr/lib/gcc/arm-none-eabi/5.4.1/../../../arm-none-eabi/lib/armv7e-m/fpu/libc_nano.a(lib_a-impure.o)
                              /usr/lib/gcc/arm-none-eabi/5.4.1/../../../arm-none-eabi/lib/armv7e-m/fpu/libc_nano.a(lib_a-exit.o) (_global_impure_ptr)
/usr/lib/gcc/arm-none-eabi/5.4.1/../../../arm-none-eabi/lib/armv7e-m/fpu/libc_nano.a(lib_a-init.o)
                              /usr/lib/gcc/arm-none-eabi/5.4.1/../../../arm-none-eabi/lib/armv7e-m/fpu/crt0.o (__libc_init_array)
/usr/lib/gcc/arm-none-eabi/5.4.1/../../../arm-none-eabi/lib/armv7e-m/fpu/libc_nano.a(lib_a-memcpy.o)
                              build/queue.o (memcpy)
/usr/lib/gcc/arm-none-eabi/5.4.1/../../../arm-none-eabi/lib/armv7e-m/fpu/libc_nano.a(lib_a-memset.o)
                              /usr/lib/gcc/arm-none-eabi/5.4.1/../../../arm-none-eabi/lib/armv7e-m/fpu/crt0.o (memset)
/usr/lib/gcc/arm-none-eabi/5.4.1/../../../arm-none-eabi/lib/armv7e-m/fpu/libc_nano.a(lib_a-printf.o)
                              build/freertos.o (printf)
/usr/lib/gcc/arm-none-eabi/5.4.1/../../../arm-none-eabi/lib/armv7e-m/fpu/libc_nano.a(lib_a-__atexit.o)
                              /usr/lib/gcc/arm-none-eabi/5.4.1/../../../arm-none-eabi/lib/armv7e-m/fpu/libc_nano.a(lib_a-atexit.o) (__register_exitproc)
/usr/lib/gcc/arm-none-eabi/5.4.1/../../../arm-none-eabi/lib/armv7e-m/fpu/libc_nano.a(lib_a-__call_atexit.o)
                              /usr/lib/gcc/arm-none-eabi/5.4.1/../../../arm-none-eabi/lib/armv7e-m/fpu/libc_nano.a(lib_a-__atexit.o) (__call_exitprocs)
/usr/lib/gcc/arm-none-eabi/5.4.1/../../../arm-none-eabi/lib/armv7e-m/fpu/libc_nano.a(lib_a-findfp.o)
                              /usr/lib/gcc/arm-none-eabi/5.4.1/../../../arm-none-eabi/lib/armv7e-m/fpu/libc_nano.a(lib_a-printf.o) (__sinit)
/usr/lib/gcc/arm-none-eabi/5.4.1/../../../arm-none-eabi/lib/armv7e-m/fpu/libc_nano.a(lib_a-fwalk.o)
                              /usr/lib/gcc/arm-none-eabi/5.4.1/../../../arm-none-eabi/lib/armv7e-m/fpu/libc_nano.a(lib_a-findfp.o) (_fwalk)
/usr/lib/gcc/arm-none-eabi/5.4.1/../../../arm-none-eabi/lib/armv7e-m/fpu/libc_nano.a(lib_a-nano-mallocr.o)
                              /usr/lib/gcc/arm-none-eabi/5.4.1/../../../arm-none-eabi/lib/armv7e-m/fpu/libc_nano.a(lib_a-findfp.o) (_malloc_r)
/usr/lib/gcc/arm-none-eabi/5.4.1/../../../arm-none-eabi/lib/armv7e-m/fpu/libc_nano.a(lib_a-nano-vfprintf.o)
                              /usr/lib/gcc/arm-none-eabi/5.4.1/../../../arm-none-eabi/lib/armv7e-m/fpu/libc_nano.a(lib_a-printf.o) (_vfprintf_r)
/usr/lib/gcc/arm-none-eabi/5.4.1/../../../arm-none-eabi/lib/armv7e-m/fpu/libc_nano.a(lib_a-nano-vfprintf_i.o)
                              /usr/lib/gcc/arm-none-eabi/5.4.1/../../../arm-none-eabi/lib/armv7e-m/fpu/libc_nano.a(lib_a-nano-vfprintf.o) (_printf_i)
/usr/lib/gcc/arm-none-eabi/5.4.1/../../../arm-none-eabi/lib/armv7e-m/fpu/libc_nano.a(lib_a-sbrkr.o)
                              /usr/lib/gcc/arm-none-eabi/5.4.1/../../../arm-none-eabi/lib/armv7e-m/fpu/libc_nano.a(lib_a-nano-mallocr.o) (_sbrk_r)
/usr/lib/gcc/arm-none-eabi/5.4.1/../../../arm-none-eabi/lib/armv7e-m/fpu/libc_nano.a(lib_a-stdio.o)
                              /usr/lib/gcc/arm-none-eabi/5.4.1/../../../arm-none-eabi/lib/armv7e-m/fpu/libc_nano.a(lib_a-findfp.o) (__sread)
/usr/lib/gcc/arm-none-eabi/5.4.1/../../../arm-none-eabi/lib/armv7e-m/fpu/libc_nano.a(lib_a-wbuf.o)
                              /usr/lib/gcc/arm-none-eabi/5.4.1/../../../arm-none-eabi/lib/armv7e-m/fpu/libc_nano.a(lib_a-nano-vfprintf.o) (__swbuf_r)
/usr/lib/gcc/arm-none-eabi/5.4.1/../../../arm-none-eabi/lib/armv7e-m/fpu/libc_nano.a(lib_a-writer.o)
                              /usr/lib/gcc/arm-none-eabi/5.4.1/../../../arm-none-eabi/lib/armv7e-m/fpu/libc_nano.a(lib_a-stdio.o) (_write_r)
/usr/lib/gcc/arm-none-eabi/5.4.1/../../../arm-none-eabi/lib/armv7e-m/fpu/libc_nano.a(lib_a-wsetup.o)
                              /usr/lib/gcc/arm-none-eabi/5.4.1/../../../arm-none-eabi/lib/armv7e-m/fpu/libc_nano.a(lib_a-nano-vfprintf.o) (__swsetup_r)
/usr/lib/gcc/arm-none-eabi/5.4.1/../../../arm-none-eabi/lib/armv7e-m/fpu/libc_nano.a(lib_a-closer.o)
                              /usr/lib/gcc/arm-none-eabi/5.4.1/../../../arm-none-eabi/lib/armv7e-m/fpu/libc_nano.a(lib_a-stdio.o) (_close_r)
[...]
Memory Configuration

Name             Origin             Length             Attributes
RAM              0x0000000020000000 0x0000000000003000 xrw
CCMRAM           0x0000000010000000 0x0000000000001000 rw
FLASH            0x0000000008000000 0x0000000000010000 xr
*default*        0x0000000000000000 0xffffffffffffffff

Linker script and memory map

LOAD /usr/lib/gcc/arm-none-eabi/5.4.1/armv7e-m/fpu/crti.o
LOAD /usr/lib/gcc/arm-none-eabi/5.4.1/armv7e-m/fpu/crtbegin.o
LOAD /usr/lib/gcc/arm-none-eabi/5.4.1/../../../arm-none-eabi/lib/armv7e-m/fpu/crt0.o
LOAD build/stm32f3xx_hal_tim.o
LOAD build/stm32f3xx_hal_flash_ex.o
LOAD build/tasks.o
LOAD build/stm32f3xx_hal_i2c_ex.o
LOAD build/stm32f3xx_hal_gpio.o
LOAD build/stm32f3xx_hal_dma.o
LOAD build/cmsis_os.o
LOAD build/heap_4.o
LOAD build/stm32f3xx_hal_pwr_ex.o
LOAD build/stm32f3xx_hal_cortex.o
LOAD build/croutine.o
LOAD build/stm32f3xx_hal_flash.o
LOAD build/stm32f3xx_it.o
LOAD build/stm32f3xx_hal_i2c.o
LOAD build/stm32f3xx_hal.o
LOAD build/event_groups.o
LOAD build/list.o
LOAD build/stm32f3xx_hal_timebase_TIM.o
LOAD build/queue.o
LOAD build/stm32f3xx_hal_pwr.o
LOAD build/timers.o
LOAD build/port.o
LOAD build/stm32f3xx_hal_rcc_ex.o
LOAD build/system_stm32f3xx.o
LOAD build/freertos.o
LOAD build/stm32f3xx_hal_msp.o
LOAD build/main.o
LOAD build/stm32f3xx_hal_tim_ex.o
LOAD build/stm32f3xx_hal_rcc.o
LOAD build/stm32f3xx_hal_adc.o
LOAD build/stm32f3xx_hal_adc_ex.o
LOAD build/stm32f3xx_hal_uart_ex.o
LOAD build/stm32f3xx_hal_uart.o
LOAD build/startup_stm32f303x8.o
LOAD /usr/lib/gcc/arm-none-eabi/5.4.1/../../../arm-none-eabi/lib/armv7e-m/fpu/libc_nano.a
LOAD /usr/lib/gcc/arm-none-eabi/5.4.1/../../../arm-none-eabi/lib/armv7e-m/fpu/libm.a
LOAD /usr/lib/gcc/arm-none-eabi/5.4.1/../../../arm-none-eabi/lib/armv7e-m/fpu/libnosys.a
START GROUP
LOAD /usr/lib/gcc/arm-none-eabi/5.4.1/armv7e-m/fpu/libgcc.a
LOAD /usr/lib/gcc/arm-none-eabi/5.4.1/../../../arm-none-eabi/lib/armv7e-m/fpu/libc_nano.a
END GROUP
START GROUP
LOAD /usr/lib/gcc/arm-none-eabi/5.4.1/armv7e-m/fpu/libgcc.a
LOAD /usr/lib/gcc/arm-none-eabi/5.4.1/../../../arm-none-eabi/lib/armv7e-m/fpu/libc_nano.a
END GROUP
LOAD /usr/lib/gcc/arm-none-eabi/5.4.1/armv7e-m/fpu/crtend.o
LOAD /usr/lib/gcc/arm-none-eabi/5.4.1/armv7e-m/fpu/crtn.o
                0x0000000020003000                _estack = 0x20003000
                0x0000000000000200                _Min_Heap_Size = 0x200
                0x0000000000000400                _Min_Stack_Size = 0x400

.isr_vector     0x0000000008000000      0x188
                0x0000000008000000                . = ALIGN (0x4)
 *(.isr_vector)
 .isr_vector    0x0000000008000000      0x188 build/startup_stm32f303x8.o
                0x0000000008000000                g_pfnVectors
                0x0000000008000188                . = ALIGN (0x4)

.text           0x0000000008000190     0x54fc
                0x0000000008000190                . = ALIGN (0x4)
 *(.text)
 .text          0x0000000008000190       0xa4 /usr/lib/gcc/arm-none-eabi/5.4.1/armv7e-m/fpu/crtbegin.o
 .text          0x0000000008000234       0x50 /usr/lib/gcc/arm-none-eabi/5.4.1/../../../arm-none-eabi/lib/armv7e-m/fpu/libc_nano.a(lib_a-init.o)
                0x0000000008000234                __libc_init_array
 .text          0x0000000008000284      0x134 /usr/lib/gcc/arm-none-eabi/5.4.1/../../../arm-none-eabi/lib/armv7e-m/fpu/libc_nano.a(lib_a-memcpy.o)
                0x0000000008000284                memcpy
 .text          0x00000000080003b8       0x9c /usr/lib/gcc/arm-none-eabi/5.4.1/../../../arm-none-eabi/lib/armv7e-m/fpu/libc_nano.a(lib_a-memset.o)
                0x00000000080003b8                memset
 .text          0x0000000008000454       0x60 /usr/lib/gcc/arm-none-eabi/5.4.1/../../../arm-none-eabi/lib/armv7e-m/fpu/libc_nano.a(lib_a-printf.o)
                0x0000000008000454                _printf_r
                0x0000000008000454                _iprintf_r
                0x0000000008000480                printf
                0x0000000008000480                iprintf
 .text          0x00000000080004b4      0x22c /usr/lib/gcc/arm-none-eabi/5.4.1/../../../arm-none-eabi/lib/armv7e-m/fpu/libc_nano.a(lib_a-findfp.o)
                0x00000000080004b8                _cleanup_r
                0x00000000080004c8                __sfmoreglue
                0x00000000080004f8                __sfp
                0x000000000800068c                _cleanup
                0x00000000080006a0                __sinit
                0x00000000080006a8                __sfp_lock_acquire
                0x00000000080006ac                __sfp_lock_release
                0x00000000080006b0                __sinit_lock_acquire
                0x00000000080006b4                __sinit_lock_release
                0x00000000080006b8                __fp_lock_all
                0x00000000080006cc                __fp_unlock_all
 .text          0x00000000080006e0       0xa0 /usr/lib/gcc/arm-none-eabi/5.4.1/../../../arm-none-eabi/lib/armv7e-m/fpu/libc_nano.a(lib_a-fwalk.o)
                0x00000000080006e0                _fwalk
                0x000000000800072c                _fwalk_reent
 .text          0x0000000008000780       0xbc /usr/lib/gcc/arm-none-eabi/5.4.1/../../../arm-none-eabi/lib/armv7e-m/fpu/libc_nano.a(lib_a-nano-mallocr.o)
                0x0000000008000780                _malloc_r
 .text          0x000000000800083c      0x2fc /usr/lib/gcc/arm-none-eabi/5.4.1/../../../arm-none-eabi/lib/armv7e-m/fpu/libc_nano.a(lib_a-nano-vfprintf.o)
                0x0000000008000870                __sfputs_r
                0x000000000800089c                __sprint_r
                0x00000000080008b8                _vfiprintf_r
                0x00000000080008b8                _vfprintf_r
                0x0000000008000b20                vfiprintf
                0x0000000008000b20                vfprintf
 .text          0x0000000008000b38      0x3d8 /usr/lib/gcc/arm-none-eabi/5.4.1/../../../arm-none-eabi/lib/armv7e-m/fpu/libc_nano.a(lib_a-nano-vfprintf_i.o)
                0x0000000008000b38                _printf_common
                0x0000000008000c68                _printf_i
 .text          0x0000000008000f10       0x24 /usr/lib/gcc/arm-none-eabi/5.4.1/../../../arm-none-eabi/lib/armv7e-m/fpu/libc_nano.a(lib_a-sbrkr.o)
                0x0000000008000f10                _sbrk_r
 .text          0x0000000008000f34       0x8c /usr/lib/gcc/arm-none-eabi/5.4.1/../../../arm-none-eabi/lib/armv7e-m/fpu/libc_nano.a(lib_a-stdio.o)
                0x0000000008000f34                __sread
                0x0000000008000f58                __seofread
                0x0000000008000f5c                __swrite
                0x0000000008000f98                __sseek
                0x0000000008000fb8                __sclose
 .text          0x0000000008000fc0       0xc4 /usr/lib/gcc/arm-none-eabi/5.4.1/../../../arm-none-eabi/lib/armv7e-m/fpu/libc_nano.a(lib_a-wbuf.o)
                0x0000000008000fc0                __swbuf_r
                0x0000000008001074                __swbuf
 .text          0x0000000008001084       0x2c /usr/lib/gcc/arm-none-eabi/5.4.1/../../../arm-none-eabi/lib/armv7e-m/fpu/libc_nano.a(lib_a-writer.o)
                0x0000000008001084                _write_r
 .text          0x00000000080010b0       0xf4 /usr/lib/gcc/arm-none-eabi/5.4.1/../../../arm-none-eabi/lib/armv7e-m/fpu/libc_nano.a(lib_a-wsetup.o)
                0x00000000080010b0                __swsetup_r
 .text          0x00000000080011a4       0x24 /usr/lib/gcc/arm-none-eabi/5.4.1/../../../arm-none-eabi/lib/armv7e-m/fpu/libc_nano.a(lib_a-closer.o)
                0x00000000080011a4                _close_r
 .text          0x00000000080011c8      0x1b8 /usr/lib/gcc/arm-none-eabi/5.4.1/../../../arm-none-eabi/lib/armv7e-m/fpu/libc_nano.a(lib_a-fflush.o)
                0x00000000080011c8                __sflush_r
                0x00000000080012f8                _fflush_r
                0x000000000800135c                fflush
 .text          0x0000000008001380      0x304 /usr/lib/gcc/arm-none-eabi/5.4.1/../../../arm-none-eabi/lib/armv7e-m/fpu/libc_nano.a(lib_a-fvwrite.o)
                0x0000000008001380                __sfvwrite_r
 .text          0x0000000008001684       0x2c /usr/lib/gcc/arm-none-eabi/5.4.1/../../../arm-none-eabi/lib/armv7e-m/fpu/libc_nano.a(lib_a-lseekr.o)
                0x0000000008001684                _lseek_r
 .text          0x00000000080016b0       0xe4 /usr/lib/gcc/arm-none-eabi/5.4.1/../../../arm-none-eabi/lib/armv7e-m/fpu/libc_nano.a(lib_a-makebuf.o)
                0x00000000080016b0                __swhatbuf_r
                0x000000000800170c                __smakebuf_r
 *fill*         0x0000000008001794        0xc 
 .text          0x00000000080017a0       0xa0 /usr/lib/gcc/arm-none-eabi/5.4.1/../../../arm-none-eabi/lib/armv7e-m/fpu/libc_nano.a(lib_a-memchr.o)
                0x00000000080017a0                memchr
 .text          0x0000000008001840       0xc8 /usr/lib/gcc/arm-none-eabi/5.4.1/../../../arm-none-eabi/lib/armv7e-m/fpu/libc_nano.a(lib_a-memmove.o)
                0x0000000008001840                memmove
 .text          0x0000000008001908       0x8c /usr/lib/gcc/arm-none-eabi/5.4.1/../../../arm-none-eabi/lib/armv7e-m/fpu/libc_nano.a(lib_a-nano-freer.o)
                0x0000000008001908                _free_r
 .text          0x0000000008001994       0x48 /usr/lib/gcc/arm-none-eabi/5.4.1/../../../arm-none-eabi/lib/armv7e-m/fpu/libc_nano.a(lib_a-nano-reallocr.o)
                0x0000000008001994                _realloc_r
 .text          0x00000000080019dc       0x2c /usr/lib/gcc/arm-none-eabi/5.4.1/../../../arm-none-eabi/lib/armv7e-m/fpu/libc_nano.a(lib_a-readr.o)
                0x00000000080019dc                _read_r
 .text          0x0000000008001a08       0x28 /usr/lib/gcc/arm-none-eabi/5.4.1/../../../arm-none-eabi/lib/armv7e-m/fpu/libc_nano.a(lib_a-fstatr.o)
                0x0000000008001a08                _fstat_r
 .text          0x0000000008001a30       0x24 /usr/lib/gcc/arm-none-eabi/5.4.1/../../../arm-none-eabi/lib/armv7e-m/fpu/libc_nano.a(lib_a-isattyr.o)
                0x0000000008001a30                _isatty_r
 .text          0x0000000008001a54       0x14 /usr/lib/gcc/arm-none-eabi/5.4.1/../../../arm-none-eabi/lib/armv7e-m/fpu/libc_nano.a(lib_a-nano-msizer.o)
                0x0000000008001a54                _malloc_usable_size_r
 .text          0x0000000008001a68       0x10 /usr/lib/gcc/arm-none-eabi/5.4.1/../../../arm-none-eabi/lib/armv7e-m/fpu/libnosys.a(close.o)
                0x0000000008001a68                _close
 .text          0x0000000008001a78       0x10 /usr/lib/gcc/arm-none-eabi/5.4.1/../../../arm-none-eabi/lib/armv7e-m/fpu/libnosys.a(fstat.o)
                0x0000000008001a78                _fstat
 .text          0x0000000008001a88       0x10 /usr/lib/gcc/arm-none-eabi/5.4.1/../../../arm-none-eabi/lib/armv7e-m/fpu/libnosys.a(isatty.o)
                0x0000000008001a88                _isatty
 .text          0x0000000008001a98       0x10 /usr/lib/gcc/arm-none-eabi/5.4.1/../../../arm-none-eabi/lib/armv7e-m/fpu/libnosys.a(lseek.o)
                0x0000000008001a98                _lseek
 .text          0x0000000008001aa8       0x10 /usr/lib/gcc/arm-none-eabi/5.4.1/../../../arm-none-eabi/lib/armv7e-m/fpu/libnosys.a(read.o)
                0x0000000008001aa8                _read
 .text          0x0000000008001ab8       0x1c /usr/lib/gcc/arm-none-eabi/5.4.1/../../../arm-none-eabi/lib/armv7e-m/fpu/libnosys.a(sbrk.o)
                0x0000000008001ab8                _sbrk
 *(.text*)
 .text.HAL_TIM_Base_MspInit
                0x0000000008001ad4        0x4 build/stm32f3xx_hal_tim.o
                0x0000000008001ad4                HAL_TIM_Base_MspInit
 .text.HAL_TIM_Base_Start
                0x0000000008001ad8       0x1c build/stm32f3xx_hal_tim.o
                0x0000000008001ad8                HAL_TIM_Base_Start
 .text.HAL_TIM_Base_Start_IT
                0x0000000008001af4       0x18 build/stm32f3xx_hal_tim.o
                0x0000000008001af4                HAL_TIM_Base_Start_IT
 .text.HAL_TIM_OC_DelayElapsedCallback
                0x0000000008001b0c        0x4 build/stm32f3xx_hal_tim.o
                0x0000000008001b0c                HAL_TIM_OC_DelayElapsedCallback
 .text.HAL_TIM_IC_CaptureCallback
                0x0000000008001b10        0x4 build/stm32f3xx_hal_tim.o
                0x0000000008001b10                HAL_TIM_IC_CaptureCallback
 .text.HAL_TIM_PWM_PulseFinishedCallback
                0x0000000008001b14        0x4 build/stm32f3xx_hal_tim.o
                0x0000000008001b14                HAL_TIM_PWM_PulseFinishedCallback
 .text.HAL_TIM_TriggerCallback
                0x0000000008001b18        0x4 build/stm32f3xx_hal_tim.o
                0x0000000008001b18                HAL_TIM_TriggerCallback
 .text.HAL_TIM_IRQHandler
                0x0000000008001b1c      0x174 build/stm32f3xx_hal_tim.o
                0x0000000008001b1c                HAL_TIM_IRQHandler
 .text.TIM_Base_SetConfig
                0x0000000008001c90       0x90 build/stm32f3xx_hal_tim.o
                0x0000000008001c90                TIM_Base_SetConfig
 .text.HAL_TIM_Base_Init
                0x0000000008001d20       0x38 build/stm32f3xx_hal_tim.o
                0x0000000008001d20                HAL_TIM_Base_Init
 .text.HAL_TIM_PWM_Init
                0x0000000008001d58       0x38 build/stm32f3xx_hal_tim.o
                0x0000000008001d58                HAL_TIM_PWM_Init
 .text.TIM_OC1_SetConfig
                0x0000000008001d90       0x8c build/stm32f3xx_hal_tim.o
                0x0000000008001d90                TIM_OC1_SetConfig
 .text.TIM_OC2_SetConfig
                0x0000000008001e1c       0x7c build/stm32f3xx_hal_tim.o
                0x0000000008001e1c                TIM_OC2_SetConfig
 .text.TIM_OC3_SetConfig
                0x0000000008001e98       0x7c build/stm32f3xx_hal_tim.o
                0x0000000008001e98                TIM_OC3_SetConfig
 .text.TIM_OC4_SetConfig
                0x0000000008001f14       0x64 build/stm32f3xx_hal_tim.o
                0x0000000008001f14                TIM_OC4_SetConfig
 .text.TIM_CCxChannelCmd
                0x0000000008001f78       0x20 build/stm32f3xx_hal_tim.o
                0x0000000008001f78                TIM_CCxChannelCmd
 .text.HAL_TIM_PWM_Start
                0x0000000008001f98       0x5c build/stm32f3xx_hal_tim.o
                0x0000000008001f98                HAL_TIM_PWM_Start
 .text.prvResetNextTaskUnblockTime
                0x0000000008001ff4       0x34 build/tasks.o
 .text.prvDeleteTCB
                0x0000000008002028       0x14 build/tasks.o
 .text.prvInitialiseNewTask
                0x000000000800203c       0x80 build/tasks.o
 .text.prvInitialiseTaskLists
                0x00000000080020bc       0x68 build/tasks.o
 .text.prvAddNewTaskToReadyList
                0x0000000008002124       0xa8 build/tasks.o
 .text.prvAddCurrentTaskToDelayedList
                0x00000000080021cc       0x98 build/tasks.o
 .text.xTaskCreate
                0x0000000008002264       0x64 build/tasks.o
                0x0000000008002264                xTaskCreate
 .text.vTaskStartScheduler
                0x00000000080022c8       0x7c build/tasks.o
                0x00000000080022c8                vTaskStartScheduler
 .text.vTaskSuspendAll
                0x0000000008002344       0x10 build/tasks.o
                0x0000000008002344                vTaskSuspendAll
 .text.xTaskIncrementTick
                0x0000000008002354      0x124 build/tasks.o
                0x0000000008002354                xTaskIncrementTick
 .text.xTaskResumeAll
                0x0000000008002478       0xf8 build/tasks.o
                0x0000000008002478                xTaskResumeAll
 .text.vTaskDelay
                0x0000000008002570       0x50 build/tasks.o
                0x0000000008002570                vTaskDelay
 .text.prvCheckTasksWaitingTermination
                0x00000000080025c0       0x54 build/tasks.o
 .text.prvIdleTask
                0x0000000008002614       0x28 build/tasks.o
 .text.vTaskSwitchContext
                0x000000000800263c       0x94 build/tasks.o
                0x000000000800263c                vTaskSwitchContext
 .text.xTaskGetSchedulerState
                0x00000000080026d0       0x20 build/tasks.o
                0x00000000080026d0                xTaskGetSchedulerState
 .text.HAL_GPIO_Init
                0x00000000080026f0      0x188 build/stm32f3xx_hal_gpio.o
                0x00000000080026f0                HAL_GPIO_Init
 .text.HAL_GPIO_WritePin
                0x0000000008002878        0xc build/stm32f3xx_hal_gpio.o
                0x0000000008002878                HAL_GPIO_WritePin
 .text.HAL_GPIO_TogglePin
                0x0000000008002884        0x8 build/stm32f3xx_hal_gpio.o
                0x0000000008002884                HAL_GPIO_TogglePin
 .text.makeFreeRtosPriority
                0x000000000800288c        0xc build/cmsis_os.o
 .text.osKernelStart
                0x0000000008002898        0xc build/cmsis_os.o
                0x0000000008002898                osKernelStart
 .text.osThreadCreate
                0x00000000080028a4       0x34 build/cmsis_os.o
                0x00000000080028a4                osThreadCreate
 .text.osDelay  0x00000000080028d8       0x10 build/cmsis_os.o
                0x00000000080028d8                osDelay
 .text.osSystickHandler
                0x00000000080028e8       0x10 build/cmsis_os.o
                0x00000000080028e8                osSystickHandler
 .text.prvHeapInit
                0x00000000080028f8       0x64 build/heap_4.o
 .text.prvInsertBlockIntoFreeList
                0x000000000800295c       0x58 build/heap_4.o
 .text.pvPortMalloc
                0x00000000080029b4      0x104 build/heap_4.o
                0x00000000080029b4                pvPortMalloc
 .text.vPortFree
                0x0000000008002ab8       0x78 build/heap_4.o
                0x0000000008002ab8                vPortFree
 .text.HAL_NVIC_SetPriorityGrouping
                0x0000000008002b30       0x24 build/stm32f3xx_hal_cortex.o
                0x0000000008002b30                HAL_NVIC_SetPriorityGrouping
 .text.HAL_NVIC_SetPriority
                0x0000000008002b54       0x64 build/stm32f3xx_hal_cortex.o
                0x0000000008002b54                HAL_NVIC_SetPriority
 .text.HAL_NVIC_EnableIRQ
                0x0000000008002bb8       0x18 build/stm32f3xx_hal_cortex.o
                0x0000000008002bb8                HAL_NVIC_EnableIRQ
 .text.HAL_SYSTICK_Config
                0x0000000008002bd0       0x2c build/stm32f3xx_hal_cortex.o
                0x0000000008002bd0                HAL_SYSTICK_Config
 .text.HAL_SYSTICK_CLKSourceConfig
                0x0000000008002bfc       0x20 build/stm32f3xx_hal_cortex.o
                0x0000000008002bfc                HAL_SYSTICK_CLKSourceConfig
 .text.SysTick_Handler
                0x0000000008002c1c        0x8 build/stm32f3xx_it.o
                0x0000000008002c1c                SysTick_Handler
 .text.ADC1_2_IRQHandler
                0x0000000008002c24       0x10 build/stm32f3xx_it.o
                0x0000000008002c24                ADC1_2_IRQHandler
 .text.TIM1_BRK_TIM15_IRQHandler
                0x0000000008002c34       0x10 build/stm32f3xx_it.o
                0x0000000008002c34                TIM1_BRK_TIM15_IRQHandler
 .text.HAL_Init
                0x0000000008002c44       0x24 build/stm32f3xx_hal.o
                0x0000000008002c44                HAL_Init
 .text.HAL_IncTick
                0x0000000008002c68       0x10 build/stm32f3xx_hal.o
                0x0000000008002c68                HAL_IncTick
 .text.HAL_GetTick
                0x0000000008002c78        0xc build/stm32f3xx_hal.o
                0x0000000008002c78                HAL_GetTick
 .text.vListInitialise
                0x0000000008002c84       0x18 build/list.o
                0x0000000008002c84                vListInitialise
 .text.vListInitialiseItem
                0x0000000008002c9c        0x8 build/list.o
                0x0000000008002c9c                vListInitialiseItem
 .text.vListInsertEnd
                0x0000000008002ca4       0x18 build/list.o
                0x0000000008002ca4                vListInsertEnd
 .text.vListInsert
                0x0000000008002cbc       0x34 build/list.o
                0x0000000008002cbc                vListInsert
 .text.uxListRemove
                0x0000000008002cf0       0x24 build/list.o
                0x0000000008002cf0                uxListRemove
 .text.HAL_InitTick
                0x0000000008002d14       0x78 build/stm32f3xx_hal_timebase_TIM.o
                0x0000000008002d14                HAL_InitTick
 .text.prvTaskExitError
                0x0000000008002d8c       0x34 build/port.o
 .text.prvPortStartFirstTask
                0x0000000008002dc0       0x20 build/port.o
 .text.vPortEnableVFP
                0x0000000008002de0       0x14 build/port.o
 .text.pxPortInitialiseStack
                0x0000000008002df4       0x2c build/port.o
                0x0000000008002df4                pxPortInitialiseStack
 .text.SVC_Handler
                0x0000000008002e20       0x24 build/port.o
                0x0000000008002e20                SVC_Handler
 .text.vPortEnterCritical
                0x0000000008002e44       0x44 build/port.o
                0x0000000008002e44                vPortEnterCritical
 .text.vPortExitCritical
                0x0000000008002e88       0x2c build/port.o
                0x0000000008002e88                vPortExitCritical
 *fill*         0x0000000008002eb4        0xc 
 .text.PendSV_Handler
                0x0000000008002ec0       0x64 build/port.o
                0x0000000008002ec0                PendSV_Handler
 .text.xPortSysTickHandler
                0x0000000008002f24       0x2c build/port.o
                0x0000000008002f24                xPortSysTickHandler
 .text.vPortSetupTimerInterrupt
                0x0000000008002f50       0x2c build/port.o
                0x0000000008002f50                vPortSetupTimerInterrupt
 .text.xPortStartScheduler
                0x0000000008002f7c       0xec build/port.o
                0x0000000008002f7c                xPortStartScheduler
 .text.HAL_RCCEx_PeriphCLKConfig
                0x0000000008003068      0x19c build/stm32f3xx_hal_rcc_ex.o
                0x0000000008003068                HAL_RCCEx_PeriphCLKConfig
 .text.SystemInit
                0x0000000008003204       0x68 build/system_stm32f3xx.o
                0x0000000008003204                SystemInit
 .text.alumer_gauche
                0x000000000800326c       0x24 build/freertos.o
                0x000000000800326c                alumer_gauche
 .text.alumer_droite
                0x0000000008003290       0x28 build/freertos.o
                0x0000000008003290                alumer_droite
 .text.eteindre_gauche
                0x00000000080032b8       0x20 build/freertos.o
                0x00000000080032b8                eteindre_gauche
 .text.eteindre_droite
                0x00000000080032d8       0x20 build/freertos.o
                0x00000000080032d8                eteindre_droite
 .text.pwm_max  0x00000000080032f8       0x14 build/freertos.o
                0x00000000080032f8                pwm_max
 .text.accelerer
                0x000000000800330c       0x24 build/freertos.o
                0x000000000800330c                accelerer
 .text.deccelerer
                0x0000000008003330       0x24 build/freertos.o
                0x0000000008003330                deccelerer
 .text.reculer_robot
                0x0000000008003354       0x34 build/freertos.o
                0x0000000008003354                reculer_robot
 .text.avancer_robot
                0x0000000008003388       0x34 build/freertos.o
                0x0000000008003388                avancer_robot
 .text.pivoter_gauche
                0x00000000080033bc       0x30 build/freertos.o
                0x00000000080033bc                pivoter_gauche
 .text.pivoter_droite
                0x00000000080033ec       0x30 build/freertos.o
                0x00000000080033ec                pivoter_droite
 .text.HAL_ADC_ConvCpltCallback
                0x000000000800341c       0x1c build/freertos.o
                0x000000000800341c                HAL_ADC_ConvCpltCallback
 .text._write   0x0000000008003438       0x18 build/freertos.o
                0x0000000008003438                _write
 .text.deplacement
                0x0000000008003450       0x28 build/freertos.o
                0x0000000008003450                deplacement
 .text.motor    0x0000000008003478       0x98 build/freertos.o
                0x0000000008003478                motor
 .text.adcControl
                0x0000000008003510       0x3c build/freertos.o
                0x0000000008003510                adcControl
 .text.HAL_MspInit
                0x000000000800354c       0x7c build/stm32f3xx_hal_msp.o
                0x000000000800354c                HAL_MspInit
 .text.HAL_ADC_MspInit
                0x00000000080035c8       0x54 build/stm32f3xx_hal_msp.o
                0x00000000080035c8                HAL_ADC_MspInit
 .text.HAL_TIM_PWM_MspInit
                0x000000000800361c       0x28 build/stm32f3xx_hal_msp.o
                0x000000000800361c                HAL_TIM_PWM_MspInit
 .text.HAL_TIM_MspPostInit
                0x0000000008003644       0x34 build/stm32f3xx_hal_msp.o
                0x0000000008003644                HAL_TIM_MspPostInit
 .text.HAL_UART_MspInit
                0x0000000008003678       0x50 build/stm32f3xx_hal_msp.o
                0x0000000008003678                HAL_UART_MspInit
 .text.MX_GPIO_Init
                0x00000000080036c8       0xb0 build/main.o
 .text.StartDefaultTask
                0x0000000008003778       0x18 build/main.o
                0x0000000008003778                StartDefaultTask
 .text.HAL_TIM_PeriodElapsedCallback
                0x0000000008003790       0x14 build/main.o
                0x0000000008003790                HAL_TIM_PeriodElapsedCallback
 .text._Error_Handler
                0x00000000080037a4        0x4 build/main.o
                0x00000000080037a4                _Error_Handler
 .text.MX_TIM3_Init
                0x00000000080037a8       0x9c build/main.o
 .text.MX_ADC1_Init
                0x0000000008003844       0x8c build/main.o
 .text.MX_USART2_UART_Init
                0x00000000080038d0       0x40 build/main.o
 .text.SystemClock_Config
                0x0000000008003910       0x9c build/main.o
                0x0000000008003910                SystemClock_Config
 .text.main     0x00000000080039ac       0x80 build/main.o
                0x00000000080039ac                main
 .text.TIM_OC5_SetConfig
                0x0000000008003a2c       0x60 build/stm32f3xx_hal_tim_ex.o
 .text.TIM_OC6_SetConfig
                0x0000000008003a8c       0x64 build/stm32f3xx_hal_tim_ex.o
 .text.HAL_TIM_PWM_ConfigChannel
                0x0000000008003af0      0x138 build/stm32f3xx_hal_tim_ex.o
                0x0000000008003af0                HAL_TIM_PWM_ConfigChannel
 .text.HAL_TIMEx_MasterConfigSynchronization
                0x0000000008003c28       0x50 build/stm32f3xx_hal_tim_ex.o
                0x0000000008003c28                HAL_TIMEx_MasterConfigSynchronization
 .text.HAL_TIMEx_CommutationCallback
                0x0000000008003c78        0x4 build/stm32f3xx_hal_tim_ex.o
                0x0000000008003c78                HAL_TIMEx_CommutationCallback
 .text.HAL_TIMEx_BreakCallback
                0x0000000008003c7c        0x4 build/stm32f3xx_hal_tim_ex.o
                0x0000000008003c7c                HAL_TIMEx_BreakCallback
 .text.HAL_RCC_OscConfig
                0x0000000008003c80      0x620 build/stm32f3xx_hal_rcc.o
                0x0000000008003c80                HAL_RCC_OscConfig
 .text.HAL_RCC_GetSysClockFreq
                0x00000000080042a0       0x70 build/stm32f3xx_hal_rcc.o
                0x00000000080042a0                HAL_RCC_GetSysClockFreq
 .text.HAL_RCC_ClockConfig
                0x0000000008004310      0x1e4 build/stm32f3xx_hal_rcc.o
                0x0000000008004310                HAL_RCC_ClockConfig
 .text.HAL_RCC_GetHCLKFreq
                0x00000000080044f4        0xc build/stm32f3xx_hal_rcc.o
                0x00000000080044f4                HAL_RCC_GetHCLKFreq
 .text.HAL_RCC_GetPCLK1Freq
                0x0000000008004500       0x30 build/stm32f3xx_hal_rcc.o
                0x0000000008004500                HAL_RCC_GetPCLK1Freq
 .text.HAL_RCC_GetPCLK2Freq
                0x0000000008004530       0x30 build/stm32f3xx_hal_rcc.o
                0x0000000008004530                HAL_RCC_GetPCLK2Freq
 .text.HAL_RCC_GetClockConfig
                0x0000000008004560       0x3c build/stm32f3xx_hal_rcc.o
                0x0000000008004560                HAL_RCC_GetClockConfig
 .text.HAL_ADC_LevelOutOfWindowCallback
                0x000000000800459c        0x4 build/stm32f3xx_hal_adc.o
                0x000000000800459c                HAL_ADC_LevelOutOfWindowCallback
 .text.HAL_ADC_ErrorCallback
                0x00000000080045a0        0x4 build/stm32f3xx_hal_adc.o
                0x00000000080045a0                HAL_ADC_ErrorCallback
 .text.ADC_Disable
                0x00000000080045a4       0x8c build/stm32f3xx_hal_adc_ex.o
 .text.ADC_Enable
                0x0000000008004630       0x84 build/stm32f3xx_hal_adc_ex.o
 .text.HAL_ADC_Init
                0x00000000080046b4      0x21c build/stm32f3xx_hal_adc_ex.o
                0x00000000080046b4                HAL_ADC_Init
 .text.HAL_ADC_Start_IT
                0x00000000080048d0      0x144 build/stm32f3xx_hal_adc_ex.o
                0x00000000080048d0                HAL_ADC_Start_IT
 .text.HAL_ADC_GetValue
                0x0000000008004a14        0x8 build/stm32f3xx_hal_adc_ex.o
                0x0000000008004a14                HAL_ADC_GetValue
 .text.HAL_ADCEx_InjectedConvCpltCallback
                0x0000000008004a1c        0x4 build/stm32f3xx_hal_adc_ex.o
                0x0000000008004a1c                HAL_ADCEx_InjectedConvCpltCallback
 .text.HAL_ADCEx_InjectedQueueOverflowCallback
                0x0000000008004a20        0x4 build/stm32f3xx_hal_adc_ex.o
                0x0000000008004a20                HAL_ADCEx_InjectedQueueOverflowCallback
 .text.HAL_ADCEx_LevelOutOfWindow2Callback
                0x0000000008004a24        0x4 build/stm32f3xx_hal_adc_ex.o
                0x0000000008004a24                HAL_ADCEx_LevelOutOfWindow2Callback
 .text.HAL_ADCEx_LevelOutOfWindow3Callback
                0x0000000008004a28        0x4 build/stm32f3xx_hal_adc_ex.o
                0x0000000008004a28                HAL_ADCEx_LevelOutOfWindow3Callback
 .text.HAL_ADC_IRQHandler
                0x0000000008004a2c      0x2d0 build/stm32f3xx_hal_adc_ex.o
                0x0000000008004a2c                HAL_ADC_IRQHandler
 .text.HAL_ADC_ConfigChannel
                0x0000000008004cfc      0x36c build/stm32f3xx_hal_adc_ex.o
                0x0000000008004cfc                HAL_ADC_ConfigChannel
 .text.HAL_ADCEx_MultiModeConfigChannel
                0x0000000008005068      0x130 build/stm32f3xx_hal_adc_ex.o
                0x0000000008005068                HAL_ADCEx_MultiModeConfigChannel
 .text.UART_SetConfig
                0x0000000008005198      0x1b0 build/stm32f3xx_hal_uart.o
                0x0000000008005198                UART_SetConfig
 .text.UART_AdvFeatureConfig
                0x0000000008005348       0xc8 build/stm32f3xx_hal_uart.o
                0x0000000008005348                UART_AdvFeatureConfig
 .text.UART_WaitOnFlagUntilTimeout
                0x0000000008005410       0x68 build/stm32f3xx_hal_uart.o
                0x0000000008005410                UART_WaitOnFlagUntilTimeout
 .text.HAL_UART_Transmit
                0x0000000008005478       0xd0 build/stm32f3xx_hal_uart.o
                0x0000000008005478                HAL_UART_Transmit
 .text.UART_CheckIdleState
                0x0000000008005548       0x6c build/stm32f3xx_hal_uart.o
                0x0000000008005548                UART_CheckIdleState
 .text.HAL_UART_Init
                0x00000000080055b4       0x6c build/stm32f3xx_hal_uart.o
                0x00000000080055b4                HAL_UART_Init
 .text.Reset_Handler
                0x0000000008005620       0x50 build/startup_stm32f303x8.o
                0x0000000008005620                Reset_Handler
 .text.Default_Handler
                0x0000000008005670        0x2 build/startup_stm32f303x8.o
                0x0000000008005670                RTC_Alarm_IRQHandler
                0x0000000008005670                DebugMon_Handler
                0x0000000008005670                TIM1_CC_IRQHandler
                0x0000000008005670                HardFault_Handler
                0x0000000008005670                PVD_IRQHandler
                0x0000000008005670                TAMP_STAMP_IRQHandler
                0x0000000008005670                NMI_Handler
                0x0000000008005670                EXTI3_IRQHandler
                0x0000000008005670                EXTI0_IRQHandler
                0x0000000008005670                FPU_IRQHandler
                0x0000000008005670                CAN_TX_IRQHandler
                0x0000000008005670                TIM1_UP_TIM16_IRQHandler
                0x0000000008005670                UsageFault_Handler
                0x0000000008005670                SPI1_IRQHandler
                0x0000000008005670                CAN_SCE_IRQHandler
                0x0000000008005670                DMA1_Channel4_IRQHandler
                0x0000000008005670                USART3_IRQHandler
                0x0000000008005670                DMA1_Channel7_IRQHandler
                0x0000000008005670                TIM7_DAC2_IRQHandler
                0x0000000008005670                CAN_RX1_IRQHandler
                0x0000000008005670                I2C1_EV_IRQHandler
                0x0000000008005670                DMA1_Channel6_IRQHandler
                0x0000000008005670                TIM3_IRQHandler
                0x0000000008005670                RCC_IRQHandler
                0x0000000008005670                DMA1_Channel1_IRQHandler
                0x0000000008005670                Default_Handler
                0x0000000008005670                EXTI15_10_IRQHandler
                0x0000000008005670                COMP2_IRQHandler
                0x0000000008005670                TIM6_DAC1_IRQHandler
                0x0000000008005670                EXTI9_5_IRQHandler
                0x0000000008005670                RTC_WKUP_IRQHandler
                0x0000000008005670                MemManage_Handler
                0x0000000008005670                DMA1_Channel5_IRQHandler
                0x0000000008005670                EXTI4_IRQHandler
                0x0000000008005670                TIM1_TRG_COM_TIM17_IRQHandler
                0x0000000008005670                DMA1_Channel3_IRQHandler
                0x0000000008005670                WWDG_IRQHandler
                0x0000000008005670                TIM2_IRQHandler
                0x0000000008005670                EXTI1_IRQHandler
                0x0000000008005670                COMP4_6_IRQHandler
                0x0000000008005670                USART2_IRQHandler
                0x0000000008005670                DMA1_Channel2_IRQHandler
                0x0000000008005670                FLASH_IRQHandler
                0x0000000008005670                BusFault_Handler
                0x0000000008005670                USART1_IRQHandler
                0x0000000008005670                CAN_RX0_IRQHandler
                0x0000000008005670                I2C1_ER_IRQHandler
                0x0000000008005670                EXTI2_TSC_IRQHandler
 *(.glue_7)
 .glue_7        0x0000000008005672        0x0 linker stubs
 *(.glue_7t)
 .glue_7t       0x0000000008005672        0x0 linker stubs
 *(.eh_frame)
 *fill*         0x0000000008005672        0x2 
 .eh_frame      0x0000000008005674        0x0 /usr/lib/gcc/arm-none-eabi/5.4.1/armv7e-m/fpu/crtbegin.o
 *(.init)
 .init          0x0000000008005674        0x4 /usr/lib/gcc/arm-none-eabi/5.4.1/armv7e-m/fpu/crti.o
                0x0000000008005674                _init
 .init          0x0000000008005678        0x8 /usr/lib/gcc/arm-none-eabi/5.4.1/armv7e-m/fpu/crtn.o
 *(.fini)
 .fini          0x0000000008005680        0x4 /usr/lib/gcc/arm-none-eabi/5.4.1/armv7e-m/fpu/crti.o
                0x0000000008005680                _fini
 .fini          0x0000000008005684        0x8 /usr/lib/gcc/arm-none-eabi/5.4.1/armv7e-m/fpu/crtn.o
                0x000000000800568c                . = ALIGN (0x4)
                0x000000000800568c                _etext = .

.vfp11_veneer   0x000000000800568c        0x0
 .vfp11_veneer  0x000000000800568c        0x0 linker stubs

.v4_bx          0x000000000800568c        0x0
 .v4_bx         0x000000000800568c        0x0 linker stubs

.iplt           0x000000000800568c        0x0
 .iplt          0x000000000800568c        0x0 /usr/lib/gcc/arm-none-eabi/5.4.1/armv7e-m/fpu/crtbegin.o

.rodata         0x000000000800568c      0x164
                0x000000000800568c                . = ALIGN (0x4)
 *(.rodata)
 .rodata        0x000000000800568c       0x3c build/main.o
 .rodata        0x00000000080056c8        0x4 /usr/lib/gcc/arm-none-eabi/5.4.1/../../../arm-none-eabi/lib/armv7e-m/fpu/libc_nano.a(lib_a-impure.o)
                0x00000000080056c8                _global_impure_ptr
 .rodata        0x00000000080056cc       0x60 /usr/lib/gcc/arm-none-eabi/5.4.1/../../../arm-none-eabi/lib/armv7e-m/fpu/libc_nano.a(lib_a-findfp.o)
                0x00000000080056cc                __sf_fake_stderr
                0x00000000080056ec                __sf_fake_stdout
                0x000000000800570c                __sf_fake_stdin
 *(.rodata*)
 .rodata.str1.4
                0x000000000800572c        0x5 build/tasks.o
 *fill*         0x0000000008005731        0x3 
 .rodata.AHBPrescTable
                0x0000000008005734       0x10 build/system_stm32f3xx.o
                0x0000000008005734                AHBPrescTable
 .rodata.APBPrescTable
                0x0000000008005744        0x8 build/system_stm32f3xx.o
                0x0000000008005744                APBPrescTable
 .rodata.str1.4
                0x000000000800574c        0xe build/freertos.o
 *fill*         0x000000000800575a        0x2 
 .rodata.str1.4
                0x000000000800575c       0x34 build/main.o
 .rodata.aPredivFactorTable
                0x0000000008005790       0x10 build/stm32f3xx_hal_rcc.o
                0x0000000008005790                aPredivFactorTable
 .rodata.aPLLMULFactorTable
                0x00000000080057a0       0x10 build/stm32f3xx_hal_rcc.o
                0x00000000080057a0                aPLLMULFactorTable
 .rodata.str1.4
                0x00000000080057b0        0x2 /usr/lib/gcc/arm-none-eabi/5.4.1/../../../arm-none-eabi/lib/armv7e-m/fpu/libc_nano.a(lib_a-impure.o)
 *fill*         0x00000000080057b2        0x2 
 .rodata.str1.4
                0x00000000080057b4       0x13 /usr/lib/gcc/arm-none-eabi/5.4.1/../../../arm-none-eabi/lib/armv7e-m/fpu/libc_nano.a(lib_a-nano-vfprintf.o)
 *fill*         0x00000000080057c7        0x1 
 .rodata.str1.4
                0x00000000080057c8       0x28 /usr/lib/gcc/arm-none-eabi/5.4.1/../../../arm-none-eabi/lib/armv7e-m/fpu/libc_nano.a(lib_a-nano-vfprintf_i.o)
                                         0x25 (size before relaxing)
                0x00000000080057f0                . = ALIGN (0x4)

.rel.dyn        0x00000000080057f0        0x0
 .rel.iplt      0x00000000080057f0        0x0 /usr/lib/gcc/arm-none-eabi/5.4.1/armv7e-m/fpu/crtbegin.o

.ARM.extab
 *(.ARM.extab* .gnu.linkonce.armextab.*)

.ARM            0x00000000080057f0        0x0
                0x00000000080057f0                __exidx_start = .
 *(.ARM.exidx*)
                0x00000000080057f0                __exidx_end = .

.preinit_array  0x00000000080057f0        0x0
                0x00000000080057f0                PROVIDE (__preinit_array_start, .)
 *(.preinit_array*)
                0x00000000080057f0                PROVIDE (__preinit_array_end, .)

.init_array     0x00000000080057f0        0x4
                0x00000000080057f0                PROVIDE (__init_array_start, .)
 *(SORT(.init_array.*))
 *(.init_array*)
 .init_array    0x00000000080057f0        0x4 /usr/lib/gcc/arm-none-eabi/5.4.1/armv7e-m/fpu/crtbegin.o
                0x00000000080057f4                PROVIDE (__init_array_end, .)

.fini_array     0x00000000080057f4        0x4
                0x00000000080057f4                PROVIDE (__fini_array_start, .)
 *(SORT(.fini_array.*))
 *(.fini_array*)
 .fini_array    0x00000000080057f4        0x4 /usr/lib/gcc/arm-none-eabi/5.4.1/armv7e-m/fpu/crtbegin.o
                0x00000000080057f8                PROVIDE (__fini_array_end, .)
                0x00000000080057f8                _sidata = LOADADDR (.data)

.data           0x0000000020000000       0x6c load address 0x00000000080057f8
                0x0000000020000000                . = ALIGN (0x4)
                0x0000000020000000                _sdata = .
 *(.data)
 .data          0x0000000020000000       0x64 /usr/lib/gcc/arm-none-eabi/5.4.1/../../../arm-none-eabi/lib/armv7e-m/fpu/libc_nano.a(lib_a-impure.o)
                0x0000000020000000                _impure_ptr
 *(.data*)
 .data.uxCriticalNesting
                0x0000000020000064        0x4 build/port.o
 .data.SystemCoreClock
                0x0000000020000068        0x4 build/system_stm32f3xx.o
                0x0000000020000068                SystemCoreClock
                0x000000002000006c                . = ALIGN (0x4)
                0x000000002000006c                _edata = .
                0x0000000008005864                _siccmram = LOADADDR (.ccmram)

.jcr            0x000000002000006c        0x0 load address 0x0000000008005864
 .jcr           0x000000002000006c        0x0 /usr/lib/gcc/arm-none-eabi/5.4.1/armv7e-m/fpu/crtbegin.o

.tm_clone_table
                0x000000002000006c        0x0 load address 0x0000000008005864
 .tm_clone_table
                0x000000002000006c        0x0 /usr/lib/gcc/arm-none-eabi/5.4.1/armv7e-m/fpu/crtbegin.o
 .tm_clone_table
                0x000000002000006c        0x0 /usr/lib/gcc/arm-none-eabi/5.4.1/armv7e-m/fpu/crtend.o

.igot.plt       0x000000002000006c        0x0 load address 0x0000000008005864
 .igot.plt      0x000000002000006c        0x0 /usr/lib/gcc/arm-none-eabi/5.4.1/armv7e-m/fpu/crtbegin.o

.ccmram         0x0000000010000000        0x0 load address 0x0000000008005864
                0x0000000010000000                . = ALIGN (0x4)
                0x0000000010000000                _sccmram = .
 *(.ccmram)
 *(.ccmram*)
                0x0000000010000000                . = ALIGN (0x4)
                0x0000000010000000                _eccmram = .
                0x0000000010000000                . = ALIGN (0x4)

.bss            0x000000002000006c     0x26d8
                0x000000002000006c                _sbss = .
                0x000000002000006c                __bss_start__ = _sbss
 *(.bss)
 .bss           0x000000002000006c       0x1c /usr/lib/gcc/arm-none-eabi/5.4.1/armv7e-m/fpu/crtbegin.o
 .bss           0x0000000020000088        0x8 /usr/lib/gcc/arm-none-eabi/5.4.1/../../../arm-none-eabi/lib/armv7e-m/fpu/libc_nano.a(lib_a-nano-mallocr.o)
                0x0000000020000088                __malloc_free_list
                0x000000002000008c                __malloc_sbrk_start
 .bss           0x0000000020000090        0x4 /usr/lib/gcc/arm-none-eabi/5.4.1/../../../arm-none-eabi/lib/armv7e-m/fpu/libnosys.a(sbrk.o)
 *(.bss*)
 .bss.xNumOfOverflows
                0x0000000020000094        0x4 build/tasks.o
 .bss.pxDelayedTaskList
                0x0000000020000098        0x4 build/tasks.o
 .bss.xSchedulerRunning
                0x000000002000009c        0x4 build/tasks.o
 .bss.xTasksWaitingTermination
                0x00000000200000a0       0x14 build/tasks.o
 .bss.pxOverflowDelayedTaskList
                0x00000000200000b4        0x4 build/tasks.o
 .bss.uxPendedTicks
                0x00000000200000b8        0x4 build/tasks.o
 .bss.pxReadyTasksLists
                0x00000000200000bc       0x8c build/tasks.o
 .bss.uxSchedulerSuspended
                0x0000000020000148        0x4 build/tasks.o
 .bss.uxDeletedTasksWaitingCleanUp
                0x000000002000014c        0x4 build/tasks.o
 .bss.uxCurrentNumberOfTasks
                0x0000000020000150        0x4 build/tasks.o
 .bss.pxCurrentTCB
                0x0000000020000154        0x4 build/tasks.o
                0x0000000020000154                pxCurrentTCB
 .bss.xPendingReadyList
                0x0000000020000158       0x14 build/tasks.o
 .bss.xIdleTaskHandle
                0x000000002000016c        0x4 build/tasks.o
 .bss.xTickCount
                0x0000000020000170        0x4 build/tasks.o
 .bss.xNextTaskUnblockTime
                0x0000000020000174        0x4 build/tasks.o
 .bss.uxTaskNumber
                0x0000000020000178        0x4 build/tasks.o
 .bss.xDelayedTaskList1
                0x000000002000017c       0x14 build/tasks.o
 .bss.xDelayedTaskList2
                0x0000000020000190       0x14 build/tasks.o
 .bss.xSuspendedTaskList
                0x00000000200001a4       0x14 build/tasks.o
 .bss.uxTopReadyPriority
                0x00000000200001b8        0x4 build/tasks.o
 .bss.xYieldPending
                0x00000000200001bc        0x4 build/tasks.o
 .bss.xFreeBytesRemaining
                0x00000000200001c0        0x4 build/heap_4.o
 .bss.pxEnd     0x00000000200001c4        0x4 build/heap_4.o
 .bss.xStart    0x00000000200001c8        0x8 build/heap_4.o
 .bss.ucHeap    0x00000000200001d0     0x2400 build/heap_4.o
 .bss.xBlockAllocatedBit
                0x00000000200025d0        0x4 build/heap_4.o
 .bss.xMinimumEverFreeBytesRemaining
                0x00000000200025d4        0x4 build/heap_4.o
 .bss.ucMaxSysCallPriority
                0x00000000200025d8        0x1 build/port.o
 *fill*         0x00000000200025d9        0x3 
 .bss.ulMaxPRIGROUPValue
                0x00000000200025dc        0x4 build/port.o
 .bss.flag_adc  0x00000000200025e0        0x4 build/freertos.o
                0x00000000200025e0                flag_adc
 .bss.deplacement_fini
                0x00000000200025e4        0x4 build/freertos.o
                0x00000000200025e4                deplacement_fini
 .bss.adcValue  0x00000000200025e8        0x4 build/freertos.o
                0x00000000200025e8                adcValue
 *(COMMON)
 COMMON         0x00000000200025ec        0x4 build/stm32f3xx_hal.o
                0x00000000200025ec                uwTick
 COMMON         0x00000000200025f0       0x40 build/stm32f3xx_hal_timebase_TIM.o
                0x00000000200025f0                htim15
 COMMON         0x0000000020002630      0x110 build/main.o
                0x0000000020002630                defaultTaskHandle
                0x0000000020002634                adc_dma_taskHandle
                0x0000000020002638                motor_taskHandle
                0x000000002000263c                htim3
                0x000000002000267c                hadc1
                0x00000000200026d0                huart2
 COMMON         0x0000000020002740        0x4 /usr/lib/gcc/arm-none-eabi/5.4.1/../../../arm-none-eabi/lib/armv7e-m/fpu/libc_nano.a(lib_a-reent.o)
                0x0000000020002740                errno
                0x0000000020002744                . = ALIGN (0x4)
                0x0000000020002744                _ebss = .
                0x0000000020002744                __bss_end__ = _ebss

._user_heap_stack
                0x0000000020002744      0x604
                0x0000000020002748                . = ALIGN (0x8)
 *fill*         0x0000000020002744        0x4 
                0x0000000020002748                PROVIDE (end, .)
                [!provide]                        PROVIDE (_end, .)
                0x0000000020002948                . = (. + _Min_Heap_Size)
 *fill*         0x0000000020002748      0x200 
                0x0000000020002d48                . = (. + _Min_Stack_Size)
 *fill*         0x0000000020002948      0x400 
                0x0000000020002d48                . = ALIGN (0x8)

/DISCARD/
 libc.a(*)
 libm.a(*)
 libgcc.a(*)

.ARM.attributes
                0x0000000000000000       0x30
 *(.ARM.attributes)
 .ARM.attributes
                0x0000000000000000       0x22 /usr/lib/gcc/arm-none-eabi/5.4.1/armv7e-m/fpu/crti.o
 .ARM.attributes
                0x0000000000000022       0x34 /usr/lib/gcc/arm-none-eabi/5.4.1/armv7e-m/fpu/crtbegin.o
 .ARM.attributes
                0x0000000000000056       0x39 build/stm32f3xx_hal_tim.o
 .ARM.attributes
                0x000000000000008f       0x39 build/tasks.o
 .ARM.attributes
                0x00000000000000c8       0x39 build/stm32f3xx_hal_gpio.o
 .ARM.attributes
                0x0000000000000101       0x39 build/cmsis_os.o
 .ARM.attributes
                0x000000000000013a       0x39 build/heap_4.o
 .ARM.attributes
                0x0000000000000173       0x39 build/stm32f3xx_hal_cortex.o
 .ARM.attributes
                0x00000000000001ac       0x39 build/stm32f3xx_it.o
 .ARM.attributes
                0x00000000000001e5       0x39 build/stm32f3xx_hal.o
 .ARM.attributes
                0x000000000000021e       0x39 build/list.o
 .ARM.attributes
                0x0000000000000257       0x39 build/stm32f3xx_hal_timebase_TIM.o
 .ARM.attributes
                0x0000000000000290       0x39 build/port.o
 .ARM.attributes
                0x00000000000002c9       0x39 build/stm32f3xx_hal_rcc_ex.o
 .ARM.attributes
                0x0000000000000302       0x39 build/system_stm32f3xx.o
 .ARM.attributes
                0x000000000000033b       0x39 build/freertos.o
 .ARM.attributes
                0x0000000000000374       0x39 build/stm32f3xx_hal_msp.o
 .ARM.attributes
                0x00000000000003ad       0x39 build/main.o
 .ARM.attributes
                0x00000000000003e6       0x39 build/stm32f3xx_hal_tim_ex.o
 .ARM.attributes
                0x000000000000041f       0x39 build/stm32f3xx_hal_rcc.o
 .ARM.attributes
                0x0000000000000458       0x39 build/stm32f3xx_hal_adc.o
 .ARM.attributes
                0x0000000000000491       0x39 build/stm32f3xx_hal_adc_ex.o
 .ARM.attributes
                0x00000000000004ca       0x39 build/stm32f3xx_hal_uart.o
 .ARM.attributes
                0x0000000000000503       0x21 build/startup_stm32f303x8.o
 .ARM.attributes
                0x0000000000000524       0x34 /usr/lib/gcc/arm-none-eabi/5.4.1/../../../arm-none-eabi/lib/armv7e-m/fpu/libc_nano.a(lib_a-impure.o)
 .ARM.attributes
                0x0000000000000558       0x34 /usr/lib/gcc/arm-none-eabi/5.4.1/../../../arm-none-eabi/lib/armv7e-m/fpu/libc_nano.a(lib_a-init.o)
 .ARM.attributes
                0x000000000000058c       0x20 /usr/lib/gcc/arm-none-eabi/5.4.1/../../../arm-none-eabi/lib/armv7e-m/fpu/libc_nano.a(lib_a-memcpy.o)
 .ARM.attributes
                0x00000000000005ac       0x34 /usr/lib/gcc/arm-none-eabi/5.4.1/../../../arm-none-eabi/lib/armv7e-m/fpu/libc_nano.a(lib_a-memset.o)
 .ARM.attributes
                0x00000000000005e0       0x34 /usr/lib/gcc/arm-none-eabi/5.4.1/../../../arm-none-eabi/lib/armv7e-m/fpu/libc_nano.a(lib_a-printf.o)
 .ARM.attributes
                0x0000000000000614       0x34 /usr/lib/gcc/arm-none-eabi/5.4.1/../../../arm-none-eabi/lib/armv7e-m/fpu/libc_nano.a(lib_a-findfp.o)
 .ARM.attributes
                0x0000000000000648       0x34 /usr/lib/gcc/arm-none-eabi/5.4.1/../../../arm-none-eabi/lib/armv7e-m/fpu/libc_nano.a(lib_a-fwalk.o)
 .ARM.attributes
                0x000000000000067c       0x34 /usr/lib/gcc/arm-none-eabi/5.4.1/../../../arm-none-eabi/lib/armv7e-m/fpu/libc_nano.a(lib_a-nano-mallocr.o)
 .ARM.attributes
                0x00000000000006b0       0x34 /usr/lib/gcc/arm-none-eabi/5.4.1/../../../arm-none-eabi/lib/armv7e-m/fpu/libc_nano.a(lib_a-nano-vfprintf.o)
 .ARM.attributes
                0x00000000000006e4       0x34 /usr/lib/gcc/arm-none-eabi/5.4.1/../../../arm-none-eabi/lib/armv7e-m/fpu/libc_nano.a(lib_a-nano-vfprintf_i.o)
 .ARM.attributes
                0x0000000000000718       0x34 /usr/lib/gcc/arm-none-eabi/5.4.1/../../../arm-none-eabi/lib/armv7e-m/fpu/libc_nano.a(lib_a-sbrkr.o)
 .ARM.attributes
                0x000000000000074c       0x34 /usr/lib/gcc/arm-none-eabi/5.4.1/../../../arm-none-eabi/lib/armv7e-m/fpu/libc_nano.a(lib_a-stdio.o)
 .ARM.attributes
                0x0000000000000780       0x34 /usr/lib/gcc/arm-none-eabi/5.4.1/../../../arm-none-eabi/lib/armv7e-m/fpu/libc_nano.a(lib_a-wbuf.o)
 .ARM.attributes
                0x00000000000007b4       0x34 /usr/lib/gcc/arm-none-eabi/5.4.1/../../../arm-none-eabi/lib/armv7e-m/fpu/libc_nano.a(lib_a-writer.o)
 .ARM.attributes
                0x00000000000007e8       0x34 /usr/lib/gcc/arm-none-eabi/5.4.1/../../../arm-none-eabi/lib/armv7e-m/fpu/libc_nano.a(lib_a-wsetup.o)
 .ARM.attributes
                0x000000000000081c       0x34 /usr/lib/gcc/arm-none-eabi/5.4.1/../../../arm-none-eabi/lib/armv7e-m/fpu/libc_nano.a(lib_a-closer.o)
 .ARM.attributes
                0x0000000000000850       0x34 /usr/lib/gcc/arm-none-eabi/5.4.1/../../../arm-none-eabi/lib/armv7e-m/fpu/libc_nano.a(lib_a-fflush.o)
 .ARM.attributes
                0x0000000000000884       0x34 /usr/lib/gcc/arm-none-eabi/5.4.1/../../../arm-none-eabi/lib/armv7e-m/fpu/libc_nano.a(lib_a-fvwrite.o)
 .ARM.attributes
                0x00000000000008b8       0x34 /usr/lib/gcc/arm-none-eabi/5.4.1/../../../arm-none-eabi/lib/armv7e-m/fpu/libc_nano.a(lib_a-lseekr.o)
 .ARM.attributes
                0x00000000000008ec       0x34 /usr/lib/gcc/arm-none-eabi/5.4.1/../../../arm-none-eabi/lib/armv7e-m/fpu/libc_nano.a(lib_a-makebuf.o)
 .ARM.attributes
                0x0000000000000920       0x20 /usr/lib/gcc/arm-none-eabi/5.4.1/../../../arm-none-eabi/lib/armv7e-m/fpu/libc_nano.a(lib_a-memchr.o)
 .ARM.attributes
                0x0000000000000940       0x34 /usr/lib/gcc/arm-none-eabi/5.4.1/../../../arm-none-eabi/lib/armv7e-m/fpu/libc_nano.a(lib_a-memmove.o)
 .ARM.attributes
                0x0000000000000974       0x34 /usr/lib/gcc/arm-none-eabi/5.4.1/../../../arm-none-eabi/lib/armv7e-m/fpu/libc_nano.a(lib_a-nano-freer.o)
 .ARM.attributes
                0x00000000000009a8       0x34 /usr/lib/gcc/arm-none-eabi/5.4.1/../../../arm-none-eabi/lib/armv7e-m/fpu/libc_nano.a(lib_a-nano-reallocr.o)
 .ARM.attributes
                0x00000000000009dc       0x34 /usr/lib/gcc/arm-none-eabi/5.4.1/../../../arm-none-eabi/lib/armv7e-m/fpu/libc_nano.a(lib_a-readr.o)
 .ARM.attributes
                0x0000000000000a10       0x34 /usr/lib/gcc/arm-none-eabi/5.4.1/../../../arm-none-eabi/lib/armv7e-m/fpu/libc_nano.a(lib_a-reent.o)
 .ARM.attributes
                0x0000000000000a44       0x34 /usr/lib/gcc/arm-none-eabi/5.4.1/../../../arm-none-eabi/lib/armv7e-m/fpu/libc_nano.a(lib_a-fstatr.o)
 .ARM.attributes
                0x0000000000000a78       0x34 /usr/lib/gcc/arm-none-eabi/5.4.1/../../../arm-none-eabi/lib/armv7e-m/fpu/libc_nano.a(lib_a-isattyr.o)
 .ARM.attributes
                0x0000000000000aac       0x34 /usr/lib/gcc/arm-none-eabi/5.4.1/../../../arm-none-eabi/lib/armv7e-m/fpu/libc_nano.a(lib_a-nano-msizer.o)
 .ARM.attributes
                0x0000000000000ae0       0x34 /usr/lib/gcc/arm-none-eabi/5.4.1/../../../arm-none-eabi/lib/armv7e-m/fpu/libnosys.a(close.o)
 .ARM.attributes
                0x0000000000000b14       0x34 /usr/lib/gcc/arm-none-eabi/5.4.1/../../../arm-none-eabi/lib/armv7e-m/fpu/libnosys.a(fstat.o)
 .ARM.attributes
                0x0000000000000b48       0x34 /usr/lib/gcc/arm-none-eabi/5.4.1/../../../arm-none-eabi/lib/armv7e-m/fpu/libnosys.a(isatty.o)
 .ARM.attributes
                0x0000000000000b7c       0x34 /usr/lib/gcc/arm-none-eabi/5.4.1/../../../arm-none-eabi/lib/armv7e-m/fpu/libnosys.a(lseek.o)
 .ARM.attributes
                0x0000000000000bb0       0x34 /usr/lib/gcc/arm-none-eabi/5.4.1/../../../arm-none-eabi/lib/armv7e-m/fpu/libnosys.a(read.o)
 .ARM.attributes
                0x0000000000000be4       0x34 /usr/lib/gcc/arm-none-eabi/5.4.1/../../../arm-none-eabi/lib/armv7e-m/fpu/libnosys.a(sbrk.o)
 .ARM.attributes
                0x0000000000000c18       0x34 /usr/lib/gcc/arm-none-eabi/5.4.1/armv7e-m/fpu/crtend.o
 .ARM.attributes
                0x0000000000000c4c       0x22 /usr/lib/gcc/arm-none-eabi/5.4.1/armv7e-m/fpu/crtn.o
OUTPUT(build/robot_test.elf elf32-littlearm)

.comment        0x0000000000000000       0x2b
 .comment       0x0000000000000000       0x2b /usr/lib/gcc/arm-none-eabi/5.4.1/armv7e-m/fpu/crtbegin.o
                                         0x2c (size before relaxing)
 .comment       0x000000000000002b       0x2c build/stm32f3xx_hal_tim.o
 .comment       0x000000000000002b       0x2c build/tasks.o
 .comment       0x000000000000002b       0x2c build/stm32f3xx_hal_gpio.o
 .comment       0x000000000000002b       0x2c build/cmsis_os.o
 .comment       0x000000000000002b       0x2c build/heap_4.o
 .comment       0x000000000000002b       0x2c build/stm32f3xx_hal_cortex.o
 .comment       0x000000000000002b       0x2c build/stm32f3xx_it.o
 .comment       0x000000000000002b       0x2c build/stm32f3xx_hal.o
 .comment       0x000000000000002b       0x2c build/list.o
 .comment       0x000000000000002b       0x2c build/stm32f3xx_hal_timebase_TIM.o
 .comment       0x000000000000002b       0x2c build/port.o
 .comment       0x000000000000002b       0x2c build/stm32f3xx_hal_rcc_ex.o
 .comment       0x000000000000002b       0x2c build/system_stm32f3xx.o
 .comment       0x000000000000002b       0x2c build/freertos.o
 .comment       0x000000000000002b       0x2c build/stm32f3xx_hal_msp.o
 .comment       0x000000000000002b       0x2c build/main.o
 .comment       0x000000000000002b       0x2c build/stm32f3xx_hal_tim_ex.o
 .comment       0x000000000000002b       0x2c build/stm32f3xx_hal_rcc.o
 .comment       0x000000000000002b       0x2c build/stm32f3xx_hal_adc.o
 .comment       0x000000000000002b       0x2c build/stm32f3xx_hal_adc_ex.o
 .comment       0x000000000000002b       0x2c build/stm32f3xx_hal_uart.o
 .comment       0x000000000000002b       0x2c /usr/lib/gcc/arm-none-eabi/5.4.1/../../../arm-none-eabi/lib/armv7e-m/fpu/libc_nano.a(lib_a-impure.o)
 .comment       0x000000000000002b       0x2c /usr/lib/gcc/arm-none-eabi/5.4.1/../../../arm-none-eabi/lib/armv7e-m/fpu/libc_nano.a(lib_a-init.o)
 .comment       0x000000000000002b       0x2c /usr/lib/gcc/arm-none-eabi/5.4.1/../../../arm-none-eabi/lib/armv7e-m/fpu/libc_nano.a(lib_a-memset.o)
 .comment       0x000000000000002b       0x2c /usr/lib/gcc/arm-none-eabi/5.4.1/../../../arm-none-eabi/lib/armv7e-m/fpu/libc_nano.a(lib_a-printf.o)
 .comment       0x000000000000002b       0x2c /usr/lib/gcc/arm-none-eabi/5.4.1/../../../arm-none-eabi/lib/armv7e-m/fpu/libc_nano.a(lib_a-findfp.o)
 .comment       0x000000000000002b       0x2c /usr/lib/gcc/arm-none-eabi/5.4.1/../../../arm-none-eabi/lib/armv7e-m/fpu/libc_nano.a(lib_a-fwalk.o)
 .comment       0x000000000000002b       0x2c /usr/lib/gcc/arm-none-eabi/5.4.1/../../../arm-none-eabi/lib/armv7e-m/fpu/libc_nano.a(lib_a-nano-mallocr.o)
 .comment       0x000000000000002b       0x2c /usr/lib/gcc/arm-none-eabi/5.4.1/../../../arm-none-eabi/lib/armv7e-m/fpu/libc_nano.a(lib_a-nano-vfprintf.o)
 .comment       0x000000000000002b       0x2c /usr/lib/gcc/arm-none-eabi/5.4.1/../../../arm-none-eabi/lib/armv7e-m/fpu/libc_nano.a(lib_a-nano-vfprintf_i.o)
 .comment       0x000000000000002b       0x2c /usr/lib/gcc/arm-none-eabi/5.4.1/../../../arm-none-eabi/lib/armv7e-m/fpu/libc_nano.a(lib_a-sbrkr.o)
 .comment       0x000000000000002b       0x2c /usr/lib/gcc/arm-none-eabi/5.4.1/../../../arm-none-eabi/lib/armv7e-m/fpu/libc_nano.a(lib_a-stdio.o)
 .comment       0x000000000000002b       0x2c /usr/lib/gcc/arm-none-eabi/5.4.1/../../../arm-none-eabi/lib/armv7e-m/fpu/libc_nano.a(lib_a-wbuf.o)
 .comment       0x000000000000002b       0x2c /usr/lib/gcc/arm-none-eabi/5.4.1/../../../arm-none-eabi/lib/armv7e-m/fpu/libc_nano.a(lib_a-writer.o)
 .comment       0x000000000000002b       0x2c /usr/lib/gcc/arm-none-eabi/5.4.1/../../../arm-none-eabi/lib/armv7e-m/fpu/libc_nano.a(lib_a-wsetup.o)
 .comment       0x000000000000002b       0x2c /usr/lib/gcc/arm-none-eabi/5.4.1/../../../arm-none-eabi/lib/armv7e-m/fpu/libc_nano.a(lib_a-closer.o)
 .comment       0x000000000000002b       0x2c /usr/lib/gcc/arm-none-eabi/5.4.1/../../../arm-none-eabi/lib/armv7e-m/fpu/libc_nano.a(lib_a-fflush.o)
 .comment       0x000000000000002b       0x2c /usr/lib/gcc/arm-none-eabi/5.4.1/../../../arm-none-eabi/lib/armv7e-m/fpu/libc_nano.a(lib_a-fvwrite.o)
 .comment       0x000000000000002b       0x2c /usr/lib/gcc/arm-none-eabi/5.4.1/../../../arm-none-eabi/lib/armv7e-m/fpu/libc_nano.a(lib_a-lseekr.o)
 .comment       0x000000000000002b       0x2c /usr/lib/gcc/arm-none-eabi/5.4.1/../../../arm-none-eabi/lib/armv7e-m/fpu/libc_nano.a(lib_a-makebuf.o)
 .comment       0x000000000000002b       0x2c /usr/lib/gcc/arm-none-eabi/5.4.1/../../../arm-none-eabi/lib/armv7e-m/fpu/libc_nano.a(lib_a-memmove.o)
 .comment       0x000000000000002b       0x2c /usr/lib/gcc/arm-none-eabi/5.4.1/../../../arm-none-eabi/lib/armv7e-m/fpu/libc_nano.a(lib_a-nano-freer.o)
 .comment       0x000000000000002b       0x2c /usr/lib/gcc/arm-none-eabi/5.4.1/../../../arm-none-eabi/lib/armv7e-m/fpu/libc_nano.a(lib_a-nano-reallocr.o)
 .comment       0x000000000000002b       0x2c /usr/lib/gcc/arm-none-eabi/5.4.1/../../../arm-none-eabi/lib/armv7e-m/fpu/libc_nano.a(lib_a-readr.o)
 .comment       0x000000000000002b       0x2c /usr/lib/gcc/arm-none-eabi/5.4.1/../../../arm-none-eabi/lib/armv7e-m/fpu/libc_nano.a(lib_a-reent.o)
 .comment       0x000000000000002b       0x2c /usr/lib/gcc/arm-none-eabi/5.4.1/../../../arm-none-eabi/lib/armv7e-m/fpu/libc_nano.a(lib_a-fstatr.o)
 .comment       0x000000000000002b       0x2c /usr/lib/gcc/arm-none-eabi/5.4.1/../../../arm-none-eabi/lib/armv7e-m/fpu/libc_nano.a(lib_a-isattyr.o)
 .comment       0x000000000000002b       0x2c /usr/lib/gcc/arm-none-eabi/5.4.1/../../../arm-none-eabi/lib/armv7e-m/fpu/libc_nano.a(lib_a-nano-msizer.o)
 .comment       0x000000000000002b       0x2c /usr/lib/gcc/arm-none-eabi/5.4.1/../../../arm-none-eabi/lib/armv7e-m/fpu/libnosys.a(close.o)
 .comment       0x000000000000002b       0x2c /usr/lib/gcc/arm-none-eabi/5.4.1/../../../arm-none-eabi/lib/armv7e-m/fpu/libnosys.a(fstat.o)
 .comment       0x000000000000002b       0x2c /usr/lib/gcc/arm-none-eabi/5.4.1/../../../arm-none-eabi/lib/armv7e-m/fpu/libnosys.a(isatty.o)
 .comment       0x000000000000002b       0x2c /usr/lib/gcc/arm-none-eabi/5.4.1/../../../arm-none-eabi/lib/armv7e-m/fpu/libnosys.a(lseek.o)
 .comment       0x000000000000002b       0x2c /usr/lib/gcc/arm-none-eabi/5.4.1/../../../arm-none-eabi/lib/armv7e-m/fpu/libnosys.a(read.o)
 .comment       0x000000000000002b       0x2c /usr/lib/gcc/arm-none-eabi/5.4.1/../../../arm-none-eabi/lib/armv7e-m/fpu/libnosys.a(sbrk.o)
 .comment       0x000000000000002b       0x2c /usr/lib/gcc/arm-none-eabi/5.4.1/armv7e-m/fpu/crtend.o

.debug_info     0x0000000000000000    0x25492
 .debug_info    0x0000000000000000     0x30c1 build/stm32f3xx_hal_tim.o
 .debug_info    0x00000000000030c1     0x224f build/tasks.o
 .debug_info    0x0000000000005310      0x7c2 build/stm32f3xx_hal_gpio.o
 .debug_info    0x0000000000005ad2     0x1c86 build/cmsis_os.o
 .debug_info    0x0000000000007758      0x46f build/heap_4.o
 .debug_info    0x0000000000007bc7      0xcd5 build/stm32f3xx_hal_cortex.o
 .debug_info    0x000000000000889c      0xa52 build/stm32f3xx_it.o
 .debug_info    0x00000000000092ee      0x70d build/stm32f3xx_hal.o
 .debug_info    0x00000000000099fb      0x2d0 build/list.o
 .debug_info    0x0000000000009ccb      0xa37 build/stm32f3xx_hal_timebase_TIM.o
 .debug_info    0x000000000000a702      0x570 build/port.o
 .debug_info    0x000000000000ac72      0x63e build/stm32f3xx_hal_rcc_ex.o
 .debug_info    0x000000000000b2b0      0x456 build/system_stm32f3xx.o
 .debug_info    0x000000000000b706     0x159a build/freertos.o
 .debug_info    0x000000000000cca0     0x142f build/stm32f3xx_hal_msp.o
 .debug_info    0x000000000000e0cf     0x1d1b build/main.o
 .debug_info    0x000000000000fdea     0x179c build/stm32f3xx_hal_tim_ex.o
 .debug_info    0x0000000000011586     0x145f build/stm32f3xx_hal_rcc.o
 .debug_info    0x00000000000129e5      0xc26 build/stm32f3xx_hal_adc.o
 .debug_info    0x000000000001360b     0x1c44 build/stm32f3xx_hal_adc_ex.o
 .debug_info    0x000000000001524f     0x1b4b build/stm32f3xx_hal_uart.o
 .debug_info    0x0000000000016d9a       0x8f build/startup_stm32f303x8.o
 .debug_info    0x0000000000016e29      0x7da /usr/lib/gcc/arm-none-eabi/5.4.1/../../../arm-none-eabi/lib/armv7e-m/fpu/libc_nano.a(lib_a-impure.o)
 .debug_info    0x0000000000017603      0x110 /usr/lib/gcc/arm-none-eabi/5.4.1/../../../arm-none-eabi/lib/armv7e-m/fpu/libc_nano.a(lib_a-init.o)
 .debug_info    0x0000000000017713       0xcf /usr/lib/gcc/arm-none-eabi/5.4.1/../../../arm-none-eabi/lib/armv7e-m/fpu/libc_nano.a(lib_a-memcpy.o)
 .debug_info    0x00000000000177e2      0x11e /usr/lib/gcc/arm-none-eabi/5.4.1/../../../arm-none-eabi/lib/armv7e-m/fpu/libc_nano.a(lib_a-memset.o)
 .debug_info    0x0000000000017900      0x871 /usr/lib/gcc/arm-none-eabi/5.4.1/../../../arm-none-eabi/lib/armv7e-m/fpu/libc_nano.a(lib_a-printf.o)
 .debug_info    0x0000000000018171      0xd7c /usr/lib/gcc/arm-none-eabi/5.4.1/../../../arm-none-eabi/lib/armv7e-m/fpu/libc_nano.a(lib_a-findfp.o)
 .debug_info    0x0000000000018eed      0x851 /usr/lib/gcc/arm-none-eabi/5.4.1/../../../arm-none-eabi/lib/armv7e-m/fpu/libc_nano.a(lib_a-fwalk.o)
 .debug_info    0x000000000001973e      0x8ec /usr/lib/gcc/arm-none-eabi/5.4.1/../../../arm-none-eabi/lib/armv7e-m/fpu/libc_nano.a(lib_a-nano-mallocr.o)
 .debug_info    0x000000000001a02a      0xd65 /usr/lib/gcc/arm-none-eabi/5.4.1/../../../arm-none-eabi/lib/armv7e-m/fpu/libc_nano.a(lib_a-nano-vfprintf.o)
 .debug_info    0x000000000001ad8f      0xb3b /usr/lib/gcc/arm-none-eabi/5.4.1/../../../arm-none-eabi/lib/armv7e-m/fpu/libc_nano.a(lib_a-nano-vfprintf_i.o)
 .debug_info    0x000000000001b8ca      0x7a1 /usr/lib/gcc/arm-none-eabi/5.4.1/../../../arm-none-eabi/lib/armv7e-m/fpu/libc_nano.a(lib_a-sbrkr.o)
 .debug_info    0x000000000001c06b      0x9d5 /usr/lib/gcc/arm-none-eabi/5.4.1/../../../arm-none-eabi/lib/armv7e-m/fpu/libc_nano.a(lib_a-stdio.o)
 .debug_info    0x000000000001ca40      0x8f2 /usr/lib/gcc/arm-none-eabi/5.4.1/../../../arm-none-eabi/lib/armv7e-m/fpu/libc_nano.a(lib_a-wbuf.o)
 .debug_info    0x000000000001d332      0x7df /usr/lib/gcc/arm-none-eabi/5.4.1/../../../arm-none-eabi/lib/armv7e-m/fpu/libc_nano.a(lib_a-writer.o)
 .debug_info    0x000000000001db11      0x871 /usr/lib/gcc/arm-none-eabi/5.4.1/../../../arm-none-eabi/lib/armv7e-m/fpu/libc_nano.a(lib_a-wsetup.o)
 .debug_info    0x000000000001e382      0x797 /usr/lib/gcc/arm-none-eabi/5.4.1/../../../arm-none-eabi/lib/armv7e-m/fpu/libc_nano.a(lib_a-closer.o)
 .debug_info    0x000000000001eb19      0x9c4 /usr/lib/gcc/arm-none-eabi/5.4.1/../../../arm-none-eabi/lib/armv7e-m/fpu/libc_nano.a(lib_a-fflush.o)
 .debug_info    0x000000000001f4dd      0xa9c /usr/lib/gcc/arm-none-eabi/5.4.1/../../../arm-none-eabi/lib/armv7e-m/fpu/libc_nano.a(lib_a-fvwrite.o)
 .debug_info    0x000000000001ff79      0x7c2 /usr/lib/gcc/arm-none-eabi/5.4.1/../../../arm-none-eabi/lib/armv7e-m/fpu/libc_nano.a(lib_a-lseekr.o)
 .debug_info    0x000000000002073b      0xac7 /usr/lib/gcc/arm-none-eabi/5.4.1/../../../arm-none-eabi/lib/armv7e-m/fpu/libc_nano.a(lib_a-makebuf.o)
 .debug_info    0x0000000000021202       0xc8 /usr/lib/gcc/arm-none-eabi/5.4.1/../../../arm-none-eabi/lib/armv7e-m/fpu/libc_nano.a(lib_a-memchr.o)
 .debug_info    0x00000000000212ca      0x138 /usr/lib/gcc/arm-none-eabi/5.4.1/../../../arm-none-eabi/lib/armv7e-m/fpu/libc_nano.a(lib_a-memmove.o)
 .debug_info    0x0000000000021402      0x825 /usr/lib/gcc/arm-none-eabi/5.4.1/../../../arm-none-eabi/lib/armv7e-m/fpu/libc_nano.a(lib_a-nano-freer.o)
 .debug_info    0x0000000000021c27      0x882 /usr/lib/gcc/arm-none-eabi/5.4.1/../../../arm-none-eabi/lib/armv7e-m/fpu/libc_nano.a(lib_a-nano-reallocr.o)
 .debug_info    0x00000000000224a9      0x7d8 /usr/lib/gcc/arm-none-eabi/5.4.1/../../../arm-none-eabi/lib/armv7e-m/fpu/libc_nano.a(lib_a-readr.o)
 .debug_info    0x0000000000022c81      0x8fc /usr/lib/gcc/arm-none-eabi/5.4.1/../../../arm-none-eabi/lib/armv7e-m/fpu/libc_nano.a(lib_a-reent.o)
 .debug_info    0x000000000002357d      0x978 /usr/lib/gcc/arm-none-eabi/5.4.1/../../../arm-none-eabi/lib/armv7e-m/fpu/libc_nano.a(lib_a-fstatr.o)
 .debug_info    0x0000000000023ef5      0x797 /usr/lib/gcc/arm-none-eabi/5.4.1/../../../arm-none-eabi/lib/armv7e-m/fpu/libc_nano.a(lib_a-isattyr.o)
 .debug_info    0x000000000002468c      0x7c0 /usr/lib/gcc/arm-none-eabi/5.4.1/../../../arm-none-eabi/lib/armv7e-m/fpu/libc_nano.a(lib_a-nano-msizer.o)
 .debug_info    0x0000000000024e4c       0xb5 /usr/lib/gcc/arm-none-eabi/5.4.1/../../../arm-none-eabi/lib/armv7e-m/fpu/libnosys.a(close.o)
 .debug_info    0x0000000000024f01      0x297 /usr/lib/gcc/arm-none-eabi/5.4.1/../../../arm-none-eabi/lib/armv7e-m/fpu/libnosys.a(fstat.o)
 .debug_info    0x0000000000025198       0xb5 /usr/lib/gcc/arm-none-eabi/5.4.1/../../../arm-none-eabi/lib/armv7e-m/fpu/libnosys.a(isatty.o)
 .debug_info    0x000000000002524d       0xd1 /usr/lib/gcc/arm-none-eabi/5.4.1/../../../arm-none-eabi/lib/armv7e-m/fpu/libnosys.a(lseek.o)
 .debug_info    0x000000000002531e       0xd7 /usr/lib/gcc/arm-none-eabi/5.4.1/../../../arm-none-eabi/lib/armv7e-m/fpu/libnosys.a(read.o)
 .debug_info    0x00000000000253f5       0x9d /usr/lib/gcc/arm-none-eabi/5.4.1/../../../arm-none-eabi/lib/armv7e-m/fpu/libnosys.a(sbrk.o)

.debug_abbrev   0x0000000000000000     0x5ecd
 .debug_abbrev  0x0000000000000000      0x269 build/stm32f3xx_hal_tim.o
 .debug_abbrev  0x0000000000000269      0x358 build/tasks.o
 .debug_abbrev  0x00000000000005c1      0x202 build/stm32f3xx_hal_gpio.o
 .debug_abbrev  0x00000000000007c3      0x31b build/cmsis_os.o
 .debug_abbrev  0x0000000000000ade      0x216 build/heap_4.o
 .debug_abbrev  0x0000000000000cf4      0x2d2 build/stm32f3xx_hal_cortex.o
 .debug_abbrev  0x0000000000000fc6      0x176 build/stm32f3xx_it.o
 .debug_abbrev  0x000000000000113c      0x1c1 build/stm32f3xx_hal.o
 .debug_abbrev  0x00000000000012fd       0xf8 build/list.o
 .debug_abbrev  0x00000000000013f5      0x1d4 build/stm32f3xx_hal_timebase_TIM.o
 .debug_abbrev  0x00000000000015c9      0x236 build/port.o
 .debug_abbrev  0x00000000000017ff      0x242 build/stm32f3xx_hal_rcc_ex.o
 .debug_abbrev  0x0000000000001a41      0x103 build/system_stm32f3xx.o
 .debug_abbrev  0x0000000000001b44      0x244 build/freertos.o
 .debug_abbrev  0x0000000000001d88      0x1d0 build/stm32f3xx_hal_msp.o
 .debug_abbrev  0x0000000000001f58      0x2a8 build/main.o
 .debug_abbrev  0x0000000000002200      0x251 build/stm32f3xx_hal_tim_ex.o
 .debug_abbrev  0x0000000000002451      0x2b9 build/stm32f3xx_hal_rcc.o
 .debug_abbrev  0x000000000000270a      0x161 build/stm32f3xx_hal_adc.o
 .debug_abbrev  0x000000000000286b      0x2c4 build/stm32f3xx_hal_adc_ex.o
 .debug_abbrev  0x0000000000002b2f      0x265 build/stm32f3xx_hal_uart.o
 .debug_abbrev  0x0000000000002d94       0x12 build/startup_stm32f303x8.o
 .debug_abbrev  0x0000000000002da6      0x136 /usr/lib/gcc/arm-none-eabi/5.4.1/../../../arm-none-eabi/lib/armv7e-m/fpu/libc_nano.a(lib_a-impure.o)
 .debug_abbrev  0x0000000000002edc       0xba /usr/lib/gcc/arm-none-eabi/5.4.1/../../../arm-none-eabi/lib/armv7e-m/fpu/libc_nano.a(lib_a-init.o)
 .debug_abbrev  0x0000000000002f96       0x14 /usr/lib/gcc/arm-none-eabi/5.4.1/../../../arm-none-eabi/lib/armv7e-m/fpu/libc_nano.a(lib_a-memcpy.o)
 .debug_abbrev  0x0000000000002faa       0x9f /usr/lib/gcc/arm-none-eabi/5.4.1/../../../arm-none-eabi/lib/armv7e-m/fpu/libc_nano.a(lib_a-memset.o)
 .debug_abbrev  0x0000000000003049      0x1ed /usr/lib/gcc/arm-none-eabi/5.4.1/../../../arm-none-eabi/lib/armv7e-m/fpu/libc_nano.a(lib_a-printf.o)
 .debug_abbrev  0x0000000000003236      0x320 /usr/lib/gcc/arm-none-eabi/5.4.1/../../../arm-none-eabi/lib/armv7e-m/fpu/libc_nano.a(lib_a-findfp.o)
 .debug_abbrev  0x0000000000003556      0x167 /usr/lib/gcc/arm-none-eabi/5.4.1/../../../arm-none-eabi/lib/armv7e-m/fpu/libc_nano.a(lib_a-fwalk.o)
 .debug_abbrev  0x00000000000036bd      0x22e /usr/lib/gcc/arm-none-eabi/5.4.1/../../../arm-none-eabi/lib/armv7e-m/fpu/libc_nano.a(lib_a-nano-mallocr.o)
 .debug_abbrev  0x00000000000038eb      0x275 /usr/lib/gcc/arm-none-eabi/5.4.1/../../../arm-none-eabi/lib/armv7e-m/fpu/libc_nano.a(lib_a-nano-vfprintf.o)
 .debug_abbrev  0x0000000000003b60      0x1f5 /usr/lib/gcc/arm-none-eabi/5.4.1/../../../arm-none-eabi/lib/armv7e-m/fpu/libc_nano.a(lib_a-nano-vfprintf_i.o)
 .debug_abbrev  0x0000000000003d55      0x1a0 /usr/lib/gcc/arm-none-eabi/5.4.1/../../../arm-none-eabi/lib/armv7e-m/fpu/libc_nano.a(lib_a-sbrkr.o)
 .debug_abbrev  0x0000000000003ef5      0x1cf /usr/lib/gcc/arm-none-eabi/5.4.1/../../../arm-none-eabi/lib/armv7e-m/fpu/libc_nano.a(lib_a-stdio.o)
 .debug_abbrev  0x00000000000040c4      0x1e7 /usr/lib/gcc/arm-none-eabi/5.4.1/../../../arm-none-eabi/lib/armv7e-m/fpu/libc_nano.a(lib_a-wbuf.o)
 .debug_abbrev  0x00000000000042ab      0x1a0 /usr/lib/gcc/arm-none-eabi/5.4.1/../../../arm-none-eabi/lib/armv7e-m/fpu/libc_nano.a(lib_a-writer.o)
 .debug_abbrev  0x000000000000444b      0x1a3 /usr/lib/gcc/arm-none-eabi/5.4.1/../../../arm-none-eabi/lib/armv7e-m/fpu/libc_nano.a(lib_a-wsetup.o)
 .debug_abbrev  0x00000000000045ee      0x19b /usr/lib/gcc/arm-none-eabi/5.4.1/../../../arm-none-eabi/lib/armv7e-m/fpu/libc_nano.a(lib_a-closer.o)
 .debug_abbrev  0x0000000000004789      0x237 /usr/lib/gcc/arm-none-eabi/5.4.1/../../../arm-none-eabi/lib/armv7e-m/fpu/libc_nano.a(lib_a-fflush.o)
 .debug_abbrev  0x00000000000049c0      0x1c1 /usr/lib/gcc/arm-none-eabi/5.4.1/../../../arm-none-eabi/lib/armv7e-m/fpu/libc_nano.a(lib_a-fvwrite.o)
 .debug_abbrev  0x0000000000004b81      0x1aa /usr/lib/gcc/arm-none-eabi/5.4.1/../../../arm-none-eabi/lib/armv7e-m/fpu/libc_nano.a(lib_a-lseekr.o)
 .debug_abbrev  0x0000000000004d2b      0x23b /usr/lib/gcc/arm-none-eabi/5.4.1/../../../arm-none-eabi/lib/armv7e-m/fpu/libc_nano.a(lib_a-makebuf.o)
 .debug_abbrev  0x0000000000004f66       0x14 /usr/lib/gcc/arm-none-eabi/5.4.1/../../../arm-none-eabi/lib/armv7e-m/fpu/libc_nano.a(lib_a-memchr.o)
 .debug_abbrev  0x0000000000004f7a       0xab /usr/lib/gcc/arm-none-eabi/5.4.1/../../../arm-none-eabi/lib/armv7e-m/fpu/libc_nano.a(lib_a-memmove.o)
 .debug_abbrev  0x0000000000005025      0x1b8 /usr/lib/gcc/arm-none-eabi/5.4.1/../../../arm-none-eabi/lib/armv7e-m/fpu/libc_nano.a(lib_a-nano-freer.o)
 .debug_abbrev  0x00000000000051dd      0x1a2 /usr/lib/gcc/arm-none-eabi/5.4.1/../../../arm-none-eabi/lib/armv7e-m/fpu/libc_nano.a(lib_a-nano-reallocr.o)
 .debug_abbrev  0x000000000000537f      0x19b /usr/lib/gcc/arm-none-eabi/5.4.1/../../../arm-none-eabi/lib/armv7e-m/fpu/libc_nano.a(lib_a-readr.o)
 .debug_abbrev  0x000000000000551a      0x1f2 /usr/lib/gcc/arm-none-eabi/5.4.1/../../../arm-none-eabi/lib/armv7e-m/fpu/libc_nano.a(lib_a-reent.o)
 .debug_abbrev  0x000000000000570c      0x1aa /usr/lib/gcc/arm-none-eabi/5.4.1/../../../arm-none-eabi/lib/armv7e-m/fpu/libc_nano.a(lib_a-fstatr.o)
 .debug_abbrev  0x00000000000058b6      0x19b /usr/lib/gcc/arm-none-eabi/5.4.1/../../../arm-none-eabi/lib/armv7e-m/fpu/libc_nano.a(lib_a-isattyr.o)
 .debug_abbrev  0x0000000000005a51      0x161 /usr/lib/gcc/arm-none-eabi/5.4.1/../../../arm-none-eabi/lib/armv7e-m/fpu/libc_nano.a(lib_a-nano-msizer.o)
 .debug_abbrev  0x0000000000005bb2       0x66 /usr/lib/gcc/arm-none-eabi/5.4.1/../../../arm-none-eabi/lib/armv7e-m/fpu/libnosys.a(close.o)
 .debug_abbrev  0x0000000000005c18       0xbb /usr/lib/gcc/arm-none-eabi/5.4.1/../../../arm-none-eabi/lib/armv7e-m/fpu/libnosys.a(fstat.o)
 .debug_abbrev  0x0000000000005cd3       0x66 /usr/lib/gcc/arm-none-eabi/5.4.1/../../../arm-none-eabi/lib/armv7e-m/fpu/libnosys.a(isatty.o)
 .debug_abbrev  0x0000000000005d39       0x84 /usr/lib/gcc/arm-none-eabi/5.4.1/../../../arm-none-eabi/lib/armv7e-m/fpu/libnosys.a(lseek.o)
 .debug_abbrev  0x0000000000005dbd       0x8d /usr/lib/gcc/arm-none-eabi/5.4.1/../../../arm-none-eabi/lib/armv7e-m/fpu/libnosys.a(read.o)
 .debug_abbrev  0x0000000000005e4a       0x83 /usr/lib/gcc/arm-none-eabi/5.4.1/../../../arm-none-eabi/lib/armv7e-m/fpu/libnosys.a(sbrk.o)

.debug_loc      0x0000000000000000    0x11dcc
 .debug_loc     0x0000000000000000     0x3c83 build/stm32f3xx_hal_tim.o
 .debug_loc     0x0000000000003c83     0x16d3 build/tasks.o
 .debug_loc     0x0000000000005356      0x3a3 build/stm32f3xx_hal_gpio.o
 .debug_loc     0x00000000000056f9     0x15f0 build/cmsis_os.o
 .debug_loc     0x0000000000006ce9      0x32f build/heap_4.o
 .debug_loc     0x0000000000007018      0x59f build/stm32f3xx_hal_cortex.o
 .debug_loc     0x00000000000075b7       0x60 build/stm32f3xx_it.o
 .debug_loc     0x0000000000007617       0xe3 build/stm32f3xx_hal.o
 .debug_loc     0x00000000000076fa       0x91 build/list.o
 .debug_loc     0x000000000000778b       0xb1 build/stm32f3xx_hal_timebase_TIM.o
 .debug_loc     0x000000000000783c      0x128 build/port.o
 .debug_loc     0x0000000000007964      0x4df build/stm32f3xx_hal_rcc_ex.o
 .debug_loc     0x0000000000007e43       0xff build/system_stm32f3xx.o
 .debug_loc     0x0000000000007f42      0x3b0 build/freertos.o
 .debug_loc     0x00000000000082f2      0x236 build/stm32f3xx_hal_msp.o
 .debug_loc     0x0000000000008528      0x232 build/main.o
 .debug_loc     0x000000000000875a     0x1c85 build/stm32f3xx_hal_tim_ex.o
 .debug_loc     0x000000000000a3df      0xa9a build/stm32f3xx_hal_rcc.o
 .debug_loc     0x000000000000ae79      0x1ef build/stm32f3xx_hal_adc.o
 .debug_loc     0x000000000000b068     0x21d7 build/stm32f3xx_hal_adc_ex.o
 .debug_loc     0x000000000000d23f     0x19aa build/stm32f3xx_hal_uart.o
 .debug_loc     0x000000000000ebe9       0xae /usr/lib/gcc/arm-none-eabi/5.4.1/../../../arm-none-eabi/lib/armv7e-m/fpu/libc_nano.a(lib_a-init.o)
 .debug_loc     0x000000000000ec97      0x1ae /usr/lib/gcc/arm-none-eabi/5.4.1/../../../arm-none-eabi/lib/armv7e-m/fpu/libc_nano.a(lib_a-memset.o)
 .debug_loc     0x000000000000ee45       0x3f /usr/lib/gcc/arm-none-eabi/5.4.1/../../../arm-none-eabi/lib/armv7e-m/fpu/libc_nano.a(lib_a-printf.o)
 .debug_loc     0x000000000000ee84      0x2f4 /usr/lib/gcc/arm-none-eabi/5.4.1/../../../arm-none-eabi/lib/armv7e-m/fpu/libc_nano.a(lib_a-findfp.o)
 .debug_loc     0x000000000000f178      0x207 /usr/lib/gcc/arm-none-eabi/5.4.1/../../../arm-none-eabi/lib/armv7e-m/fpu/libc_nano.a(lib_a-fwalk.o)
 .debug_loc     0x000000000000f37f      0x389 /usr/lib/gcc/arm-none-eabi/5.4.1/../../../arm-none-eabi/lib/armv7e-m/fpu/libc_nano.a(lib_a-nano-mallocr.o)
 .debug_loc     0x000000000000f708      0x584 /usr/lib/gcc/arm-none-eabi/5.4.1/../../../arm-none-eabi/lib/armv7e-m/fpu/libc_nano.a(lib_a-nano-vfprintf.o)
 .debug_loc     0x000000000000fc8c      0x69d /usr/lib/gcc/arm-none-eabi/5.4.1/../../../arm-none-eabi/lib/armv7e-m/fpu/libc_nano.a(lib_a-nano-vfprintf_i.o)
 .debug_loc     0x0000000000010329       0x4d /usr/lib/gcc/arm-none-eabi/5.4.1/../../../arm-none-eabi/lib/armv7e-m/fpu/libc_nano.a(lib_a-sbrkr.o)
 .debug_loc     0x0000000000010376      0x2bf /usr/lib/gcc/arm-none-eabi/5.4.1/../../../arm-none-eabi/lib/armv7e-m/fpu/libc_nano.a(lib_a-stdio.o)
 .debug_loc     0x0000000000010635      0x13e /usr/lib/gcc/arm-none-eabi/5.4.1/../../../arm-none-eabi/lib/armv7e-m/fpu/libc_nano.a(lib_a-wbuf.o)
 .debug_loc     0x0000000000010773       0xb0 /usr/lib/gcc/arm-none-eabi/5.4.1/../../../arm-none-eabi/lib/armv7e-m/fpu/libc_nano.a(lib_a-writer.o)
 .debug_loc     0x0000000000010823       0xaa /usr/lib/gcc/arm-none-eabi/5.4.1/../../../arm-none-eabi/lib/armv7e-m/fpu/libc_nano.a(lib_a-wsetup.o)
 .debug_loc     0x00000000000108cd       0x4d /usr/lib/gcc/arm-none-eabi/5.4.1/../../../arm-none-eabi/lib/armv7e-m/fpu/libc_nano.a(lib_a-closer.o)
 .debug_loc     0x000000000001091a      0x324 /usr/lib/gcc/arm-none-eabi/5.4.1/../../../arm-none-eabi/lib/armv7e-m/fpu/libc_nano.a(lib_a-fflush.o)
 .debug_loc     0x0000000000010c3e      0x6af /usr/lib/gcc/arm-none-eabi/5.4.1/../../../arm-none-eabi/lib/armv7e-m/fpu/libc_nano.a(lib_a-fvwrite.o)
 .debug_loc     0x00000000000112ed       0xb0 /usr/lib/gcc/arm-none-eabi/5.4.1/../../../arm-none-eabi/lib/armv7e-m/fpu/libc_nano.a(lib_a-lseekr.o)
 .debug_loc     0x000000000001139d      0x120 /usr/lib/gcc/arm-none-eabi/5.4.1/../../../arm-none-eabi/lib/armv7e-m/fpu/libc_nano.a(lib_a-makebuf.o)
 .debug_loc     0x00000000000114bd      0x292 /usr/lib/gcc/arm-none-eabi/5.4.1/../../../arm-none-eabi/lib/armv7e-m/fpu/libc_nano.a(lib_a-memmove.o)
 .debug_loc     0x000000000001174f      0x135 /usr/lib/gcc/arm-none-eabi/5.4.1/../../../arm-none-eabi/lib/armv7e-m/fpu/libc_nano.a(lib_a-nano-freer.o)
 .debug_loc     0x0000000000011884      0x11e /usr/lib/gcc/arm-none-eabi/5.4.1/../../../arm-none-eabi/lib/armv7e-m/fpu/libc_nano.a(lib_a-nano-reallocr.o)
 .debug_loc     0x00000000000119a2       0xb0 /usr/lib/gcc/arm-none-eabi/5.4.1/../../../arm-none-eabi/lib/armv7e-m/fpu/libc_nano.a(lib_a-readr.o)
 .debug_loc     0x0000000000011a52       0xec /usr/lib/gcc/arm-none-eabi/5.4.1/../../../arm-none-eabi/lib/armv7e-m/fpu/libc_nano.a(lib_a-reent.o)
 .debug_loc     0x0000000000011b3e       0x84 /usr/lib/gcc/arm-none-eabi/5.4.1/../../../arm-none-eabi/lib/armv7e-m/fpu/libc_nano.a(lib_a-fstatr.o)
 .debug_loc     0x0000000000011bc2       0x4d /usr/lib/gcc/arm-none-eabi/5.4.1/../../../arm-none-eabi/lib/armv7e-m/fpu/libc_nano.a(lib_a-isattyr.o)
 .debug_loc     0x0000000000011c0f       0xb5 /usr/lib/gcc/arm-none-eabi/5.4.1/../../../arm-none-eabi/lib/armv7e-m/fpu/libc_nano.a(lib_a-nano-msizer.o)
 .debug_loc     0x0000000000011cc4       0x21 /usr/lib/gcc/arm-none-eabi/5.4.1/../../../arm-none-eabi/lib/armv7e-m/fpu/libnosys.a(close.o)
 .debug_loc     0x0000000000011ce5       0x21 /usr/lib/gcc/arm-none-eabi/5.4.1/../../../arm-none-eabi/lib/armv7e-m/fpu/libnosys.a(fstat.o)
 .debug_loc     0x0000000000011d06       0x21 /usr/lib/gcc/arm-none-eabi/5.4.1/../../../arm-none-eabi/lib/armv7e-m/fpu/libnosys.a(isatty.o)
 .debug_loc     0x0000000000011d27       0x42 /usr/lib/gcc/arm-none-eabi/5.4.1/../../../arm-none-eabi/lib/armv7e-m/fpu/libnosys.a(lseek.o)
 .debug_loc     0x0000000000011d69       0x42 /usr/lib/gcc/arm-none-eabi/5.4.1/../../../arm-none-eabi/lib/armv7e-m/fpu/libnosys.a(read.o)
 .debug_loc     0x0000000000011dab       0x21 /usr/lib/gcc/arm-none-eabi/5.4.1/../../../arm-none-eabi/lib/armv7e-m/fpu/libnosys.a(sbrk.o)

.debug_aranges  0x0000000000000000     0x1630
 .debug_aranges
                0x0000000000000000      0x368 build/stm32f3xx_hal_tim.o
 .debug_aranges
                0x0000000000000368      0x190 build/tasks.o
 .debug_aranges
                0x00000000000004f8       0x58 build/stm32f3xx_hal_gpio.o
 .debug_aranges
                0x0000000000000550      0x1d8 build/cmsis_os.o
 .debug_aranges
                0x0000000000000728       0x50 build/heap_4.o
 .debug_aranges
                0x0000000000000778       0x90 build/stm32f3xx_hal_cortex.o
 .debug_aranges
                0x0000000000000808       0x30 build/stm32f3xx_it.o
 .debug_aranges
                0x0000000000000838       0xb0 build/stm32f3xx_hal.o
 .debug_aranges
                0x00000000000008e8       0x40 build/list.o
 .debug_aranges
                0x0000000000000928       0x30 build/stm32f3xx_hal_timebase_TIM.o
 .debug_aranges
                0x0000000000000958       0x80 build/port.o
 .debug_aranges
                0x00000000000009d8       0x38 build/stm32f3xx_hal_rcc_ex.o
 .debug_aranges
                0x0000000000000a10       0x28 build/system_stm32f3xx.o
 .debug_aranges
                0x0000000000000a38       0x98 build/freertos.o
 .debug_aranges
                0x0000000000000ad0       0x58 build/stm32f3xx_hal_msp.o
 .debug_aranges
                0x0000000000000b28       0x70 build/main.o
 .debug_aranges
                0x0000000000000b98      0x170 build/stm32f3xx_hal_tim_ex.o
 .debug_aranges
                0x0000000000000d08       0x88 build/stm32f3xx_hal_rcc.o
 .debug_aranges
                0x0000000000000d90       0xc8 build/stm32f3xx_hal_adc.o
 .debug_aranges
                0x0000000000000e58      0x168 build/stm32f3xx_hal_adc_ex.o
 .debug_aranges
                0x0000000000000fc0      0x1f0 build/stm32f3xx_hal_uart.o
 .debug_aranges
                0x00000000000011b0       0x28 build/startup_stm32f303x8.o
 .debug_aranges
                0x00000000000011d8       0x18 /usr/lib/gcc/arm-none-eabi/5.4.1/../../../arm-none-eabi/lib/armv7e-m/fpu/libc_nano.a(lib_a-impure.o)
 .debug_aranges
                0x00000000000011f0       0x20 /usr/lib/gcc/arm-none-eabi/5.4.1/../../../arm-none-eabi/lib/armv7e-m/fpu/libc_nano.a(lib_a-init.o)
 .debug_aranges
                0x0000000000001210       0x20 /usr/lib/gcc/arm-none-eabi/5.4.1/../../../arm-none-eabi/lib/armv7e-m/fpu/libc_nano.a(lib_a-memcpy.o)
 .debug_aranges
                0x0000000000001230       0x20 /usr/lib/gcc/arm-none-eabi/5.4.1/../../../arm-none-eabi/lib/armv7e-m/fpu/libc_nano.a(lib_a-memset.o)
 .debug_aranges
                0x0000000000001250       0x20 /usr/lib/gcc/arm-none-eabi/5.4.1/../../../arm-none-eabi/lib/armv7e-m/fpu/libc_nano.a(lib_a-printf.o)
 .debug_aranges
                0x0000000000001270       0x20 /usr/lib/gcc/arm-none-eabi/5.4.1/../../../arm-none-eabi/lib/armv7e-m/fpu/libc_nano.a(lib_a-findfp.o)
 .debug_aranges
                0x0000000000001290       0x20 /usr/lib/gcc/arm-none-eabi/5.4.1/../../../arm-none-eabi/lib/armv7e-m/fpu/libc_nano.a(lib_a-fwalk.o)
 .debug_aranges
                0x00000000000012b0       0x20 /usr/lib/gcc/arm-none-eabi/5.4.1/../../../arm-none-eabi/lib/armv7e-m/fpu/libc_nano.a(lib_a-nano-mallocr.o)
 .debug_aranges
                0x00000000000012d0       0x20 /usr/lib/gcc/arm-none-eabi/5.4.1/../../../arm-none-eabi/lib/armv7e-m/fpu/libc_nano.a(lib_a-nano-vfprintf.o)
 .debug_aranges
                0x00000000000012f0       0x20 /usr/lib/gcc/arm-none-eabi/5.4.1/../../../arm-none-eabi/lib/armv7e-m/fpu/libc_nano.a(lib_a-nano-vfprintf_i.o)
 .debug_aranges
                0x0000000000001310       0x20 /usr/lib/gcc/arm-none-eabi/5.4.1/../../../arm-none-eabi/lib/armv7e-m/fpu/libc_nano.a(lib_a-sbrkr.o)
 .debug_aranges
                0x0000000000001330       0x20 /usr/lib/gcc/arm-none-eabi/5.4.1/../../../arm-none-eabi/lib/armv7e-m/fpu/libc_nano.a(lib_a-stdio.o)
 .debug_aranges
                0x0000000000001350       0x20 /usr/lib/gcc/arm-none-eabi/5.4.1/../../../arm-none-eabi/lib/armv7e-m/fpu/libc_nano.a(lib_a-wbuf.o)
 .debug_aranges
                0x0000000000001370       0x20 /usr/lib/gcc/arm-none-eabi/5.4.1/../../../arm-none-eabi/lib/armv7e-m/fpu/libc_nano.a(lib_a-writer.o)
 .debug_aranges
                0x0000000000001390       0x20 /usr/lib/gcc/arm-none-eabi/5.4.1/../../../arm-none-eabi/lib/armv7e-m/fpu/libc_nano.a(lib_a-wsetup.o)
 .debug_aranges
                0x00000000000013b0       0x20 /usr/lib/gcc/arm-none-eabi/5.4.1/../../../arm-none-eabi/lib/armv7e-m/fpu/libc_nano.a(lib_a-closer.o)
 .debug_aranges
                0x00000000000013d0       0x20 /usr/lib/gcc/arm-none-eabi/5.4.1/../../../arm-none-eabi/lib/armv7e-m/fpu/libc_nano.a(lib_a-fflush.o)
 .debug_aranges
                0x00000000000013f0       0x20 /usr/lib/gcc/arm-none-eabi/5.4.1/../../../arm-none-eabi/lib/armv7e-m/fpu/libc_nano.a(lib_a-fvwrite.o)
 .debug_aranges
                0x0000000000001410       0x20 /usr/lib/gcc/arm-none-eabi/5.4.1/../../../arm-none-eabi/lib/armv7e-m/fpu/libc_nano.a(lib_a-lseekr.o)
 .debug_aranges
                0x0000000000001430       0x20 /usr/lib/gcc/arm-none-eabi/5.4.1/../../../arm-none-eabi/lib/armv7e-m/fpu/libc_nano.a(lib_a-makebuf.o)
 .debug_aranges
                0x0000000000001450       0x20 /usr/lib/gcc/arm-none-eabi/5.4.1/../../../arm-none-eabi/lib/armv7e-m/fpu/libc_nano.a(lib_a-memchr.o)
 .debug_aranges
                0x0000000000001470       0x20 /usr/lib/gcc/arm-none-eabi/5.4.1/../../../arm-none-eabi/lib/armv7e-m/fpu/libc_nano.a(lib_a-memmove.o)
 .debug_aranges
                0x0000000000001490       0x20 /usr/lib/gcc/arm-none-eabi/5.4.1/../../../arm-none-eabi/lib/armv7e-m/fpu/libc_nano.a(lib_a-nano-freer.o)
 .debug_aranges
                0x00000000000014b0       0x20 /usr/lib/gcc/arm-none-eabi/5.4.1/../../../arm-none-eabi/lib/armv7e-m/fpu/libc_nano.a(lib_a-nano-reallocr.o)
 .debug_aranges
                0x00000000000014d0       0x20 /usr/lib/gcc/arm-none-eabi/5.4.1/../../../arm-none-eabi/lib/armv7e-m/fpu/libc_nano.a(lib_a-readr.o)
 .debug_aranges
                0x00000000000014f0       0x20 /usr/lib/gcc/arm-none-eabi/5.4.1/../../../arm-none-eabi/lib/armv7e-m/fpu/libc_nano.a(lib_a-reent.o)
 .debug_aranges
                0x0000000000001510       0x20 /usr/lib/gcc/arm-none-eabi/5.4.1/../../../arm-none-eabi/lib/armv7e-m/fpu/libc_nano.a(lib_a-fstatr.o)
 .debug_aranges
                0x0000000000001530       0x20 /usr/lib/gcc/arm-none-eabi/5.4.1/../../../arm-none-eabi/lib/armv7e-m/fpu/libc_nano.a(lib_a-isattyr.o)
 .debug_aranges
                0x0000000000001550       0x20 /usr/lib/gcc/arm-none-eabi/5.4.1/../../../arm-none-eabi/lib/armv7e-m/fpu/libc_nano.a(lib_a-nano-msizer.o)
 .debug_aranges
                0x0000000000001570       0x20 /usr/lib/gcc/arm-none-eabi/5.4.1/../../../arm-none-eabi/lib/armv7e-m/fpu/libnosys.a(close.o)
 .debug_aranges
                0x0000000000001590       0x20 /usr/lib/gcc/arm-none-eabi/5.4.1/../../../arm-none-eabi/lib/armv7e-m/fpu/libnosys.a(fstat.o)
 .debug_aranges
                0x00000000000015b0       0x20 /usr/lib/gcc/arm-none-eabi/5.4.1/../../../arm-none-eabi/lib/armv7e-m/fpu/libnosys.a(isatty.o)
 .debug_aranges
                0x00000000000015d0       0x20 /usr/lib/gcc/arm-none-eabi/5.4.1/../../../arm-none-eabi/lib/armv7e-m/fpu/libnosys.a(lseek.o)
 .debug_aranges
                0x00000000000015f0       0x20 /usr/lib/gcc/arm-none-eabi/5.4.1/../../../arm-none-eabi/lib/armv7e-m/fpu/libnosys.a(read.o)
 .debug_aranges
                0x0000000000001610       0x20 /usr/lib/gcc/arm-none-eabi/5.4.1/../../../arm-none-eabi/lib/armv7e-m/fpu/libnosys.a(sbrk.o)

.debug_ranges   0x0000000000000000     0x1418
 .debug_ranges  0x0000000000000000      0x358 build/stm32f3xx_hal_tim.o
 .debug_ranges  0x0000000000000358      0x1b8 build/tasks.o
 .debug_ranges  0x0000000000000510       0x48 build/stm32f3xx_hal_gpio.o
 .debug_ranges  0x0000000000000558      0x1c8 build/cmsis_os.o
 .debug_ranges  0x0000000000000720       0x40 build/heap_4.o
 .debug_ranges  0x0000000000000760       0x80 build/stm32f3xx_hal_cortex.o
 .debug_ranges  0x00000000000007e0       0x20 build/stm32f3xx_it.o
 .debug_ranges  0x0000000000000800       0xa0 build/stm32f3xx_hal.o
 .debug_ranges  0x00000000000008a0       0x30 build/list.o
 .debug_ranges  0x00000000000008d0       0x20 build/stm32f3xx_hal_timebase_TIM.o
 .debug_ranges  0x00000000000008f0       0x70 build/port.o
 .debug_ranges  0x0000000000000960       0x40 build/stm32f3xx_hal_rcc_ex.o
 .debug_ranges  0x00000000000009a0       0x18 build/system_stm32f3xx.o
 .debug_ranges  0x00000000000009b8       0x88 build/freertos.o
 .debug_ranges  0x0000000000000a40       0x48 build/stm32f3xx_hal_msp.o
 .debug_ranges  0x0000000000000a88       0x60 build/main.o
 .debug_ranges  0x0000000000000ae8      0x160 build/stm32f3xx_hal_tim_ex.o
 .debug_ranges  0x0000000000000c48       0x90 build/stm32f3xx_hal_rcc.o
 .debug_ranges  0x0000000000000cd8       0xb8 build/stm32f3xx_hal_adc.o
 .debug_ranges  0x0000000000000d90      0x158 build/stm32f3xx_hal_adc_ex.o
 .debug_ranges  0x0000000000000ee8      0x1e0 build/stm32f3xx_hal_uart.o
 .debug_ranges  0x00000000000010c8       0x20 build/startup_stm32f303x8.o
 .debug_ranges  0x00000000000010e8       0x68 /usr/lib/gcc/arm-none-eabi/5.4.1/../../../arm-none-eabi/lib/armv7e-m/fpu/libc_nano.a(lib_a-findfp.o)
 .debug_ranges  0x0000000000001150       0x40 /usr/lib/gcc/arm-none-eabi/5.4.1/../../../arm-none-eabi/lib/armv7e-m/fpu/libc_nano.a(lib_a-nano-mallocr.o)
 .debug_ranges  0x0000000000001190       0x18 /usr/lib/gcc/arm-none-eabi/5.4.1/../../../arm-none-eabi/lib/armv7e-m/fpu/libc_nano.a(lib_a-nano-vfprintf.o)
 .debug_ranges  0x00000000000011a8       0xb0 /usr/lib/gcc/arm-none-eabi/5.4.1/../../../arm-none-eabi/lib/armv7e-m/fpu/libc_nano.a(lib_a-nano-vfprintf_i.o)
 .debug_ranges  0x0000000000001258       0x18 /usr/lib/gcc/arm-none-eabi/5.4.1/../../../arm-none-eabi/lib/armv7e-m/fpu/libc_nano.a(lib_a-wbuf.o)
 .debug_ranges  0x0000000000001270       0x28 /usr/lib/gcc/arm-none-eabi/5.4.1/../../../arm-none-eabi/lib/armv7e-m/fpu/libc_nano.a(lib_a-writer.o)
 .debug_ranges  0x0000000000001298       0x30 /usr/lib/gcc/arm-none-eabi/5.4.1/../../../arm-none-eabi/lib/armv7e-m/fpu/libc_nano.a(lib_a-wsetup.o)
 .debug_ranges  0x00000000000012c8       0x20 /usr/lib/gcc/arm-none-eabi/5.4.1/../../../arm-none-eabi/lib/armv7e-m/fpu/libc_nano.a(lib_a-closer.o)
 .debug_ranges  0x00000000000012e8       0x58 /usr/lib/gcc/arm-none-eabi/5.4.1/../../../arm-none-eabi/lib/armv7e-m/fpu/libc_nano.a(lib_a-fflush.o)
 .debug_ranges  0x0000000000001340       0x20 /usr/lib/gcc/arm-none-eabi/5.4.1/../../../arm-none-eabi/lib/armv7e-m/fpu/libc_nano.a(lib_a-fvwrite.o)
 .debug_ranges  0x0000000000001360       0x28 /usr/lib/gcc/arm-none-eabi/5.4.1/../../../arm-none-eabi/lib/armv7e-m/fpu/libc_nano.a(lib_a-lseekr.o)
 .debug_ranges  0x0000000000001388       0x28 /usr/lib/gcc/arm-none-eabi/5.4.1/../../../arm-none-eabi/lib/armv7e-m/fpu/libc_nano.a(lib_a-makebuf.o)
 .debug_ranges  0x00000000000013b0       0x28 /usr/lib/gcc/arm-none-eabi/5.4.1/../../../arm-none-eabi/lib/armv7e-m/fpu/libc_nano.a(lib_a-readr.o)
 .debug_ranges  0x00000000000013d8       0x20 /usr/lib/gcc/arm-none-eabi/5.4.1/../../../arm-none-eabi/lib/armv7e-m/fpu/libc_nano.a(lib_a-fstatr.o)
 .debug_ranges  0x00000000000013f8       0x20 /usr/lib/gcc/arm-none-eabi/5.4.1/../../../arm-none-eabi/lib/armv7e-m/fpu/libc_nano.a(lib_a-isattyr.o)

.debug_line     0x0000000000000000     0xa27d
 .debug_line    0x0000000000000000     0x11fc build/stm32f3xx_hal_tim.o
 .debug_line    0x00000000000011fc      0xa06 build/tasks.o
 .debug_line    0x0000000000001c02      0x2a5 build/stm32f3xx_hal_gpio.o
 .debug_line    0x0000000000001ea7      0x7a6 build/cmsis_os.o
 .debug_line    0x000000000000264d      0x28c build/heap_4.o
 .debug_line    0x00000000000028d9      0x2b4 build/stm32f3xx_hal_cortex.o
 .debug_line    0x0000000000002b8d      0x1f1 build/stm32f3xx_it.o