Archive member included to satisfy reference by file (symbol)

/usr/lib/gcc/arm-none-eabi/5.4.1/../../../arm-none-eabi/lib/armv7e-m/fpu/libc_nano.a(lib_a-atexit.o)
                              /usr/lib/gcc/arm-none-eabi/5.4.1/../../../arm-none-eabi/lib/armv7e-m/fpu/crt0.o (atexit)
/usr/lib/gcc/arm-none-eabi/5.4.1/../../../arm-none-eabi/lib/armv7e-m/fpu/libc_nano.a(lib_a-exit.o)
                              /usr/lib/gcc/arm-none-eabi/5.4.1/../../../arm-none-eabi/lib/armv7e-m/fpu/crt0.o (exit)
/usr/lib/gcc/arm-none-eabi/5.4.1/../../../arm-none-eabi/lib/armv7e-m/fpu/libc_nano.a(lib_a-fini.o)
                              /usr/lib/gcc/arm-none-eabi/5.4.1/../../../arm-none-eabi/lib/armv7e-m/fpu/crt0.o (__libc_fini_array)
/usr/lib/gcc/arm-none-eabi/5.4.1/../../../arm-none-eabi/lib/armv7e-m/fpu/libc_nano.a(lib_a-impure.o)
                              /usr/lib/gcc/arm-none-eabi/5.4.1/../../../arm-none-eabi/lib/armv7e-m/fpu/libc_nano.a(lib_a-exit.o) (_global_impure_ptr)
/usr/lib/gcc/arm-none-eabi/5.4.1/../../../arm-none-eabi/lib/armv7e-m/fpu/libc_nano.a(lib_a-init.o)
                              /usr/lib/gcc/arm-none-eabi/5.4.1/../../../arm-none-eabi/lib/armv7e-m/fpu/crt0.o (__libc_init_array)
/usr/lib/gcc/arm-none-eabi/5.4.1/../../../arm-none-eabi/lib/armv7e-m/fpu/libc_nano.a(lib_a-memcpy.o)
                              build/queue.o (memcpy)
/usr/lib/gcc/arm-none-eabi/5.4.1/../../../arm-none-eabi/lib/armv7e-m/fpu/libc_nano.a(lib_a-memset.o)
                              /usr/lib/gcc/arm-none-eabi/5.4.1/../../../arm-none-eabi/lib/armv7e-m/fpu/crt0.o (memset)
/usr/lib/gcc/arm-none-eabi/5.4.1/../../../arm-none-eabi/lib/armv7e-m/fpu/libc_nano.a(lib_a-__atexit.o)
                              /usr/lib/gcc/arm-none-eabi/5.4.1/../../../arm-none-eabi/lib/armv7e-m/fpu/libc_nano.a(lib_a-atexit.o) (__register_exitproc)
/usr/lib/gcc/arm-none-eabi/5.4.1/../../../arm-none-eabi/lib/armv7e-m/fpu/libc_nano.a(lib_a-__call_atexit.o)
                              /usr/lib/gcc/arm-none-eabi/5.4.1/../../../arm-none-eabi/lib/armv7e-m/fpu/libc_nano.a(lib_a-__atexit.o) (__call_exitprocs)
/usr/lib/gcc/arm-none-eabi/5.4.1/../../../arm-none-eabi/lib/armv7e-m/fpu/libnosys.a(_exit.o)
                              /usr/lib/gcc/arm-none-eabi/5.4.1/../../../arm-none-eabi/lib/armv7e-m/fpu/libc_nano.a(lib_a-exit.o) (_exit)

Allocating common symbols
Common symbol       size              file

defaultTaskHandle   0x4               build/main.o
uwTick              0x4               build/stm32f3xx_hal.o
xQueueRegistry      0x40              build/queue.o
pFlash              0x20              build/stm32f3xx_hal_flash.o
pc_comHandle        0x4               build/main.o
huart2              0x70              build/main.o

Discarded input sections

 .text          0x0000000000000000        0x0 /usr/lib/gcc/arm-none-eabi/5.4.1/armv7e-m/fpu/crti.o
 .data          0x0000000000000000        0x0 /usr/lib/gcc/arm-none-eabi/5.4.1/armv7e-m/fpu/crti.o
 .bss           0x0000000000000000        0x0 /usr/lib/gcc/arm-none-eabi/5.4.1/armv7e-m/fpu/crti.o
 .data          0x0000000000000000        0x4 /usr/lib/gcc/arm-none-eabi/5.4.1/armv7e-m/fpu/crtbegin.o
 .text          0x0000000000000000       0x68 /usr/lib/gcc/arm-none-eabi/5.4.1/../../../arm-none-eabi/lib/armv7e-m/fpu/crt0.o
 .data          0x0000000000000000        0x0 /usr/lib/gcc/arm-none-eabi/5.4.1/../../../arm-none-eabi/lib/armv7e-m/fpu/crt0.o
 .bss           0x0000000000000000        0x0 /usr/lib/gcc/arm-none-eabi/5.4.1/../../../arm-none-eabi/lib/armv7e-m/fpu/crt0.o
 .ARM.extab     0x0000000000000000        0x0 /usr/lib/gcc/arm-none-eabi/5.4.1/../../../arm-none-eabi/lib/armv7e-m/fpu/crt0.o
 .ARM.exidx     0x0000000000000000        0x8 /usr/lib/gcc/arm-none-eabi/5.4.1/../../../arm-none-eabi/lib/armv7e-m/fpu/crt0.o
 .debug_line    0x0000000000000000       0x7e /usr/lib/gcc/arm-none-eabi/5.4.1/../../../arm-none-eabi/lib/armv7e-m/fpu/crt0.o
 .debug_info    0x0000000000000000       0xa5 /usr/lib/gcc/arm-none-eabi/5.4.1/../../../arm-none-eabi/lib/armv7e-m/fpu/crt0.o
 .debug_abbrev  0x0000000000000000       0x14 /usr/lib/gcc/arm-none-eabi/5.4.1/../../../arm-none-eabi/lib/armv7e-m/fpu/crt0.o
 .debug_aranges
                0x0000000000000000       0x20 /usr/lib/gcc/arm-none-eabi/5.4.1/../../../arm-none-eabi/lib/armv7e-m/fpu/crt0.o
 .ARM.attributes
                0x0000000000000000       0x20 /usr/lib/gcc/arm-none-eabi/5.4.1/../../../arm-none-eabi/lib/armv7e-m/fpu/crt0.o
 .text          0x0000000000000000        0x0 build/system_stm32f3xx.o
 .data          0x0000000000000000        0x0 build/system_stm32f3xx.o
 .bss           0x0000000000000000        0x0 build/system_stm32f3xx.o
 .text.SystemCoreClockUpdate
                0x0000000000000000       0x8c build/system_stm32f3xx.o
 .text          0x0000000000000000        0x0 build/freertos.o
 .data          0x0000000000000000        0x0 build/freertos.o
 .bss           0x0000000000000000        0x0 build/freertos.o
[...]
Memory Configuration

Name             Origin             Length             Attributes
RAM              0x0000000020000000 0x0000000000003000 xrw
CCMRAM           0x0000000010000000 0x0000000000001000 rw
FLASH            0x0000000008000000 0x0000000000010000 xr
*default*        0x0000000000000000 0xffffffffffffffff

Linker script and memory map

LOAD /usr/lib/gcc/arm-none-eabi/5.4.1/armv7e-m/fpu/crti.o
LOAD /usr/lib/gcc/arm-none-eabi/5.4.1/armv7e-m/fpu/crtbegin.o
LOAD /usr/lib/gcc/arm-none-eabi/5.4.1/../../../arm-none-eabi/lib/armv7e-m/fpu/crt0.o
LOAD build/system_stm32f3xx.o
LOAD build/freertos.o
LOAD build/queue.o
LOAD build/stm32f3xx_hal_uart_ex.o
LOAD build/stm32f3xx_hal_i2c.o
LOAD build/stm32f3xx_hal_dma.o
LOAD build/tasks.o
LOAD build/cmsis_os.o
LOAD build/heap_4.o
LOAD build/croutine.o
LOAD build/stm32f3xx_hal_rcc_ex.o
LOAD build/stm32f3xx_hal.o
LOAD build/stm32f3xx_hal_flash.o
LOAD build/stm32f3xx_hal_pwr.o
LOAD build/stm32f3xx_it.o
LOAD build/stm32f3xx_hal_uart.o
LOAD build/stm32f3xx_hal_i2c_ex.o
LOAD build/stm32f3xx_hal_flash_ex.o
LOAD build/stm32f3xx_hal_gpio.o
LOAD build/stm32f3xx_hal_tim_ex.o
LOAD build/stm32f3xx_hal_cortex.o
LOAD build/stm32f3xx_hal_rcc.o
LOAD build/port.o
LOAD build/event_groups.o
LOAD build/timers.o
LOAD build/stm32f3xx_hal_msp.o
LOAD build/stm32f3xx_hal_pwr_ex.o
LOAD build/stm32f3xx_hal_tim.o
LOAD build/list.o
LOAD build/main.o
LOAD build/startup_stm32f303x8.o
LOAD /usr/lib/gcc/arm-none-eabi/5.4.1/../../../arm-none-eabi/lib/armv7e-m/fpu/libc_nano.a
LOAD /usr/lib/gcc/arm-none-eabi/5.4.1/../../../arm-none-eabi/lib/armv7e-m/fpu/libm.a
LOAD /usr/lib/gcc/arm-none-eabi/5.4.1/../../../arm-none-eabi/lib/armv7e-m/fpu/libnosys.a
START GROUP
LOAD /usr/lib/gcc/arm-none-eabi/5.4.1/armv7e-m/fpu/libgcc.a
LOAD /usr/lib/gcc/arm-none-eabi/5.4.1/../../../arm-none-eabi/lib/armv7e-m/fpu/libc_nano.a
END GROUP
START GROUP
LOAD /usr/lib/gcc/arm-none-eabi/5.4.1/armv7e-m/fpu/libgcc.a
LOAD /usr/lib/gcc/arm-none-eabi/5.4.1/../../../arm-none-eabi/lib/armv7e-m/fpu/libc_nano.a
END GROUP
LOAD /usr/lib/gcc/arm-none-eabi/5.4.1/armv7e-m/fpu/crtend.o
LOAD /usr/lib/gcc/arm-none-eabi/5.4.1/armv7e-m/fpu/crtn.o
                0x0000000020003000                _estack = 0x20003000
                0x0000000000000200                _Min_Heap_Size = 0x200
                0x0000000000000400                _Min_Stack_Size = 0x400

.isr_vector     0x0000000008000000      0x188
                0x0000000008000000                . = ALIGN (0x4)
 *(.isr_vector)
 .isr_vector    0x0000000008000000      0x188 build/startup_stm32f303x8.o
                0x0000000008000000                g_pfnVectors
                0x0000000008000188                . = ALIGN (0x4)

.text           0x0000000008000190     0x21b0
                0x0000000008000190                . = ALIGN (0x4)
 *(.text)
 .text          0x0000000008000190       0xa4 /usr/lib/gcc/arm-none-eabi/5.4.1/armv7e-m/fpu/crtbegin.o
 .text          0x0000000008000234       0x50 /usr/lib/gcc/arm-none-eabi/5.4.1/../../../arm-none-eabi/lib/armv7e-m/fpu/libc_nano.a(lib_a-init.o)
                0x0000000008000234                __libc_init_array
 *(.text*)
 .text.SystemInit
                0x0000000008000284       0x68 build/system_stm32f3xx.o
                0x0000000008000284                SystemInit
 .text.pcCOM    0x00000000080002ec       0x24 build/freertos.o
                0x00000000080002ec                pcCOM
 .text.prvResetNextTaskUnblockTime
                0x0000000008000310       0x34 build/tasks.o
 .text.prvDeleteTCB
                0x0000000008000344       0x14 build/tasks.o
 .text.prvInitialiseNewTask
                0x0000000008000358       0x80 build/tasks.o
 .text.prvInitialiseTaskLists
                0x00000000080003d8       0x68 build/tasks.o
 .text.prvAddNewTaskToReadyList
                0x0000000008000440       0xa8 build/tasks.o
 .text.prvAddCurrentTaskToDelayedList
                0x00000000080004e8       0x98 build/tasks.o
 .text.xTaskCreate
                0x0000000008000580       0x64 build/tasks.o
                0x0000000008000580                xTaskCreate
 .text.vTaskStartScheduler
                0x00000000080005e4       0x7c build/tasks.o
                0x00000000080005e4                vTaskStartScheduler
 .text.vTaskSuspendAll
                0x0000000008000660       0x10 build/tasks.o
                0x0000000008000660                vTaskSuspendAll
 .text.xTaskIncrementTick
                0x0000000008000670      0x124 build/tasks.o
                0x0000000008000670                xTaskIncrementTick
 .text.xTaskResumeAll
                0x0000000008000794       0xf8 build/tasks.o
                0x0000000008000794                xTaskResumeAll
 .text.vTaskDelay
                0x000000000800088c       0x50 build/tasks.o
                0x000000000800088c                vTaskDelay
 .text.prvCheckTasksWaitingTermination
                0x00000000080008dc       0x54 build/tasks.o
 .text.prvIdleTask
                0x0000000008000930       0x28 build/tasks.o
 .text.vTaskSwitchContext
                0x0000000008000958       0x94 build/tasks.o
                0x0000000008000958                vTaskSwitchContext
 .text.xTaskGetSchedulerState
                0x00000000080009ec       0x20 build/tasks.o
                0x00000000080009ec                xTaskGetSchedulerState
 .text.makeFreeRtosPriority
                0x0000000008000a0c        0xc build/cmsis_os.o
 .text.osKernelStart
                0x0000000008000a18        0xc build/cmsis_os.o
                0x0000000008000a18                osKernelStart
 .text.osThreadCreate
                0x0000000008000a24       0x34 build/cmsis_os.o
                0x0000000008000a24                osThreadCreate
 .text.osDelay  0x0000000008000a58       0x10 build/cmsis_os.o
                0x0000000008000a58                osDelay
 .text.osSystickHandler
                0x0000000008000a68       0x10 build/cmsis_os.o
                0x0000000008000a68                osSystickHandler
 .text.prvHeapInit
                0x0000000008000a78       0x64 build/heap_4.o
 .text.prvInsertBlockIntoFreeList
                0x0000000008000adc       0x58 build/heap_4.o
 .text.pvPortMalloc
                0x0000000008000b34      0x104 build/heap_4.o
                0x0000000008000b34                pvPortMalloc
 .text.vPortFree
                0x0000000008000c38       0x78 build/heap_4.o
                0x0000000008000c38                vPortFree
 .text.HAL_InitTick
                0x0000000008000cb0       0x2c build/stm32f3xx_hal.o
                0x0000000008000cb0                HAL_InitTick
 .text.HAL_Init
                0x0000000008000cdc       0x24 build/stm32f3xx_hal.o
                0x0000000008000cdc                HAL_Init
 .text.HAL_IncTick
                0x0000000008000d00       0x10 build/stm32f3xx_hal.o
                0x0000000008000d00                HAL_IncTick
 .text.HAL_GetTick
                0x0000000008000d10        0xc build/stm32f3xx_hal.o
                0x0000000008000d10                HAL_GetTick
 .text.SysTick_Handler
                0x0000000008000d1c        0xc build/stm32f3xx_it.o
                0x0000000008000d1c                SysTick_Handler
 .text.UART_SetConfig
                0x0000000008000d28      0x1b0 build/stm32f3xx_hal_uart.o
                0x0000000008000d28                UART_SetConfig
 .text.UART_AdvFeatureConfig
                0x0000000008000ed8       0xc8 build/stm32f3xx_hal_uart.o
                0x0000000008000ed8                UART_AdvFeatureConfig
 .text.UART_WaitOnFlagUntilTimeout
                0x0000000008000fa0       0x68 build/stm32f3xx_hal_uart.o
                0x0000000008000fa0                UART_WaitOnFlagUntilTimeout
 .text.HAL_UART_Transmit
                0x0000000008001008       0xd0 build/stm32f3xx_hal_uart.o
                0x0000000008001008                HAL_UART_Transmit
 .text.UART_CheckIdleState
                0x00000000080010d8       0x6c build/stm32f3xx_hal_uart.o
                0x00000000080010d8                UART_CheckIdleState
 .text.HAL_UART_Init
                0x0000000008001144       0x6c build/stm32f3xx_hal_uart.o
                0x0000000008001144                HAL_UART_Init
 .text.HAL_GPIO_Init
                0x00000000080011b0      0x188 build/stm32f3xx_hal_gpio.o
                0x00000000080011b0                HAL_GPIO_Init
 .text.HAL_GPIO_WritePin
                0x0000000008001338        0xc build/stm32f3xx_hal_gpio.o
                0x0000000008001338                HAL_GPIO_WritePin
 .text.HAL_GPIO_TogglePin
                0x0000000008001344        0x8 build/stm32f3xx_hal_gpio.o
                0x0000000008001344                HAL_GPIO_TogglePin
 .text.HAL_NVIC_SetPriorityGrouping
                0x000000000800134c       0x24 build/stm32f3xx_hal_cortex.o
                0x000000000800134c                HAL_NVIC_SetPriorityGrouping
 .text.HAL_NVIC_SetPriority
                0x0000000008001370       0x64 build/stm32f3xx_hal_cortex.o
                0x0000000008001370                HAL_NVIC_SetPriority
 .text.HAL_SYSTICK_Config
                0x00000000080013d4       0x2c build/stm32f3xx_hal_cortex.o
                0x00000000080013d4                HAL_SYSTICK_Config
 .text.HAL_SYSTICK_CLKSourceConfig
                0x0000000008001400       0x20 build/stm32f3xx_hal_cortex.o
                0x0000000008001400                HAL_SYSTICK_CLKSourceConfig
 .text.HAL_RCC_OscConfig
                0x0000000008001420      0x620 build/stm32f3xx_hal_rcc.o
                0x0000000008001420                HAL_RCC_OscConfig
 .text.HAL_RCC_GetSysClockFreq
                0x0000000008001a40       0x70 build/stm32f3xx_hal_rcc.o
                0x0000000008001a40                HAL_RCC_GetSysClockFreq
 .text.HAL_RCC_ClockConfig
                0x0000000008001ab0      0x1e4 build/stm32f3xx_hal_rcc.o
                0x0000000008001ab0                HAL_RCC_ClockConfig
 .text.HAL_RCC_GetHCLKFreq
                0x0000000008001c94        0xc build/stm32f3xx_hal_rcc.o
                0x0000000008001c94                HAL_RCC_GetHCLKFreq
 .text.HAL_RCC_GetPCLK1Freq
                0x0000000008001ca0       0x30 build/stm32f3xx_hal_rcc.o
                0x0000000008001ca0                HAL_RCC_GetPCLK1Freq
 .text.HAL_RCC_GetPCLK2Freq
                0x0000000008001cd0       0x30 build/stm32f3xx_hal_rcc.o
                0x0000000008001cd0                HAL_RCC_GetPCLK2Freq
 .text.prvTaskExitError
                0x0000000008001d00       0x34 build/port.o
 .text.prvPortStartFirstTask
                0x0000000008001d34       0x20 build/port.o
 .text.vPortEnableVFP
                0x0000000008001d54       0x14 build/port.o
 .text.pxPortInitialiseStack
                0x0000000008001d68       0x2c build/port.o
                0x0000000008001d68                pxPortInitialiseStack
 *fill*         0x0000000008001d94        0xc 
 .text.SVC_Handler
                0x0000000008001da0       0x24 build/port.o
                0x0000000008001da0                SVC_Handler
 .text.vPortEnterCritical
                0x0000000008001dc4       0x44 build/port.o
                0x0000000008001dc4                vPortEnterCritical
 .text.vPortExitCritical
                0x0000000008001e08       0x2c build/port.o
                0x0000000008001e08                vPortExitCritical
 *fill*         0x0000000008001e34        0xc 
 .text.PendSV_Handler
                0x0000000008001e40       0x64 build/port.o
                0x0000000008001e40                PendSV_Handler
 .text.xPortSysTickHandler
                0x0000000008001ea4       0x2c build/port.o
                0x0000000008001ea4                xPortSysTickHandler
 .text.vPortSetupTimerInterrupt
                0x0000000008001ed0       0x2c build/port.o
                0x0000000008001ed0                vPortSetupTimerInterrupt
 .text.xPortStartScheduler
                0x0000000008001efc       0xec build/port.o
                0x0000000008001efc                xPortStartScheduler
 .text.HAL_MspInit
                0x0000000008001fe8       0x7c build/stm32f3xx_hal_msp.o
                0x0000000008001fe8                HAL_MspInit
 .text.HAL_UART_MspInit
                0x0000000008002064       0x50 build/stm32f3xx_hal_msp.o
                0x0000000008002064                HAL_UART_MspInit
 .text.vListInitialise
                0x00000000080020b4       0x18 build/list.o
                0x00000000080020b4                vListInitialise
 .text.vListInitialiseItem
                0x00000000080020cc        0x8 build/list.o
                0x00000000080020cc                vListInitialiseItem
 .text.vListInsertEnd
                0x00000000080020d4       0x18 build/list.o
                0x00000000080020d4                vListInsertEnd
 .text.vListInsert
                0x00000000080020ec       0x34 build/list.o
                0x00000000080020ec                vListInsert
 .text.uxListRemove
                0x0000000008002120       0x24 build/list.o
                0x0000000008002120                uxListRemove
 .text.MX_GPIO_Init
                0x0000000008002144       0x6c build/main.o
 .text.StartDefaultTask
                0x00000000080021b0       0x18 build/main.o
                0x00000000080021b0                StartDefaultTask
 .text._Error_Handler
                0x00000000080021c8        0x4 build/main.o
                0x00000000080021c8                _Error_Handler
 .text.MX_USART2_UART_Init
                0x00000000080021cc       0x3c build/main.o
 .text.SystemClock_Config
                0x0000000008002208       0x74 build/main.o
                0x0000000008002208                SystemClock_Config
 .text.main     0x000000000800227c       0x58 build/main.o
                0x000000000800227c                main
 .text.Reset_Handler
                0x00000000080022d4       0x50 build/startup_stm32f303x8.o
                0x00000000080022d4                Reset_Handler
 .text.Default_Handler
                0x0000000008002324        0x2 build/startup_stm32f303x8.o
                0x0000000008002324                RTC_Alarm_IRQHandler
                0x0000000008002324                DebugMon_Handler
                0x0000000008002324                TIM1_CC_IRQHandler
                0x0000000008002324                HardFault_Handler
                0x0000000008002324                PVD_IRQHandler
                0x0000000008002324                TAMP_STAMP_IRQHandler
                0x0000000008002324                NMI_Handler
                0x0000000008002324                EXTI3_IRQHandler
                0x0000000008002324                EXTI0_IRQHandler
                0x0000000008002324                FPU_IRQHandler
                0x0000000008002324                CAN_TX_IRQHandler
                0x0000000008002324                TIM1_UP_TIM16_IRQHandler
                0x0000000008002324                UsageFault_Handler
                0x0000000008002324                ADC1_2_IRQHandler
                0x0000000008002324                SPI1_IRQHandler
                0x0000000008002324                CAN_SCE_IRQHandler
                0x0000000008002324                DMA1_Channel4_IRQHandler
                0x0000000008002324                USART3_IRQHandler
                0x0000000008002324                DMA1_Channel7_IRQHandler
                0x0000000008002324                TIM7_DAC2_IRQHandler
                0x0000000008002324                CAN_RX1_IRQHandler
                0x0000000008002324                I2C1_EV_IRQHandler
                0x0000000008002324                DMA1_Channel6_IRQHandler
                0x0000000008002324                TIM3_IRQHandler
                0x0000000008002324                RCC_IRQHandler
                0x0000000008002324                DMA1_Channel1_IRQHandler
                0x0000000008002324                Default_Handler
                0x0000000008002324                EXTI15_10_IRQHandler
                0x0000000008002324                COMP2_IRQHandler
                0x0000000008002324                TIM6_DAC1_IRQHandler
                0x0000000008002324                EXTI9_5_IRQHandler
                0x0000000008002324                RTC_WKUP_IRQHandler
                0x0000000008002324                MemManage_Handler
                0x0000000008002324                DMA1_Channel5_IRQHandler
                0x0000000008002324                EXTI4_IRQHandler
                0x0000000008002324                TIM1_TRG_COM_TIM17_IRQHandler
                0x0000000008002324                DMA1_Channel3_IRQHandler
                0x0000000008002324                WWDG_IRQHandler
                0x0000000008002324                TIM2_IRQHandler
                0x0000000008002324                EXTI1_IRQHandler
                0x0000000008002324                COMP4_6_IRQHandler
                0x0000000008002324                USART2_IRQHandler
                0x0000000008002324                DMA1_Channel2_IRQHandler
                0x0000000008002324                FLASH_IRQHandler
                0x0000000008002324                BusFault_Handler
                0x0000000008002324                USART1_IRQHandler
                0x0000000008002324                CAN_RX0_IRQHandler
                0x0000000008002324                I2C1_ER_IRQHandler
                0x0000000008002324                EXTI2_TSC_IRQHandler
                0x0000000008002324                TIM1_BRK_TIM15_IRQHandler
 *(.glue_7)
 .glue_7        0x0000000008002326        0x0 linker stubs
 *(.glue_7t)
 .glue_7t       0x0000000008002326        0x0 linker stubs
 *(.eh_frame)
 *fill*         0x0000000008002326        0x2 
 .eh_frame      0x0000000008002328        0x0 /usr/lib/gcc/arm-none-eabi/5.4.1/armv7e-m/fpu/crtbegin.o
 *(.init)
 .init          0x0000000008002328        0x4 /usr/lib/gcc/arm-none-eabi/5.4.1/armv7e-m/fpu/crti.o
                0x0000000008002328                _init
 .init          0x000000000800232c        0x8 /usr/lib/gcc/arm-none-eabi/5.4.1/armv7e-m/fpu/crtn.o
 *(.fini)
 .fini          0x0000000008002334        0x4 /usr/lib/gcc/arm-none-eabi/5.4.1/armv7e-m/fpu/crti.o
                0x0000000008002334                _fini
 .fini          0x0000000008002338        0x8 /usr/lib/gcc/arm-none-eabi/5.4.1/armv7e-m/fpu/crtn.o
                0x0000000008002340                . = ALIGN (0x4)
                0x0000000008002340                _etext = .

.vfp11_veneer   0x0000000008002340        0x0
 .vfp11_veneer  0x0000000008002340        0x0 linker stubs

.v4_bx          0x0000000008002340        0x0
 .v4_bx         0x0000000008002340        0x0 linker stubs

.iplt           0x0000000008002340        0x0
 .iplt          0x0000000008002340        0x0 /usr/lib/gcc/arm-none-eabi/5.4.1/armv7e-m/fpu/crtbegin.o

.rodata         0x0000000008002340       0x90
                0x0000000008002340                . = ALIGN (0x4)
 *(.rodata)
 .rodata        0x0000000008002340       0x28 build/main.o
 *(.rodata*)
 .rodata.AHBPrescTable
                0x0000000008002368       0x10 build/system_stm32f3xx.o
                0x0000000008002368                AHBPrescTable
 .rodata.APBPrescTable
                0x0000000008002378        0x8 build/system_stm32f3xx.o
                0x0000000008002378                APBPrescTable
 .rodata.str1.4
                0x0000000008002380        0x8 build/freertos.o
 .rodata.str1.4
                0x0000000008002388        0x5 build/tasks.o
 *fill*         0x000000000800238d        0x3 
 .rodata.aPredivFactorTable
                0x0000000008002390       0x10 build/stm32f3xx_hal_rcc.o
                0x0000000008002390                aPredivFactorTable
 .rodata.aPLLMULFactorTable
                0x00000000080023a0       0x10 build/stm32f3xx_hal_rcc.o
                0x00000000080023a0                aPLLMULFactorTable
 .rodata.str1.4
                0x00000000080023b0       0x20 build/main.o
                0x00000000080023d0                . = ALIGN (0x4)

.rel.dyn        0x00000000080023d0        0x0
 .rel.iplt      0x00000000080023d0        0x0 /usr/lib/gcc/arm-none-eabi/5.4.1/armv7e-m/fpu/crtbegin.o

.ARM.extab
 *(.ARM.extab* .gnu.linkonce.armextab.*)

.ARM            0x00000000080023d0        0x0
                0x00000000080023d0                __exidx_start = .
 *(.ARM.exidx*)
                0x00000000080023d0                __exidx_end = .

.preinit_array  0x00000000080023d0        0x0
                0x00000000080023d0                PROVIDE (__preinit_array_start, .)
 *(.preinit_array*)
                0x00000000080023d0                PROVIDE (__preinit_array_end, .)

.init_array     0x00000000080023d0        0x4
                0x00000000080023d0                PROVIDE (__init_array_start, .)
 *(SORT(.init_array.*))
 *(.init_array*)
 .init_array    0x00000000080023d0        0x4 /usr/lib/gcc/arm-none-eabi/5.4.1/armv7e-m/fpu/crtbegin.o
                0x00000000080023d4                PROVIDE (__init_array_end, .)

.fini_array     0x00000000080023d4        0x4
                0x00000000080023d4                PROVIDE (__fini_array_start, .)
 *(SORT(.fini_array.*))
 *(.fini_array*)
 .fini_array    0x00000000080023d4        0x4 /usr/lib/gcc/arm-none-eabi/5.4.1/armv7e-m/fpu/crtbegin.o
                0x00000000080023d8                PROVIDE (__fini_array_end, .)
                0x00000000080023d8                _sidata = LOADADDR (.data)

.data           0x0000000020000000        0x8 load address 0x00000000080023d8
                0x0000000020000000                . = ALIGN (0x4)
                0x0000000020000000                _sdata = .
 *(.data)
 *(.data*)
 .data.SystemCoreClock
                0x0000000020000000        0x4 build/system_stm32f3xx.o
                0x0000000020000000                SystemCoreClock
 .data.uxCriticalNesting
                0x0000000020000004        0x4 build/port.o
                0x0000000020000008                . = ALIGN (0x4)
                0x0000000020000008                _edata = .
                0x00000000080023e0                _siccmram = LOADADDR (.ccmram)

.jcr            0x0000000020000008        0x0 load address 0x00000000080023e0
 .jcr           0x0000000020000008        0x0 /usr/lib/gcc/arm-none-eabi/5.4.1/armv7e-m/fpu/crtbegin.o

.tm_clone_table
                0x0000000020000008        0x0 load address 0x00000000080023e0
 .tm_clone_table
                0x0000000020000008        0x0 /usr/lib/gcc/arm-none-eabi/5.4.1/armv7e-m/fpu/crtbegin.o
 .tm_clone_table
                0x0000000020000008        0x0 /usr/lib/gcc/arm-none-eabi/5.4.1/armv7e-m/fpu/crtend.o

.igot.plt       0x0000000020000008        0x0 load address 0x00000000080023e0
 .igot.plt      0x0000000020000008        0x0 /usr/lib/gcc/arm-none-eabi/5.4.1/armv7e-m/fpu/crtbegin.o

.ccmram         0x0000000010000000        0x0 load address 0x00000000080023e0
                0x0000000010000000                . = ALIGN (0x4)
                0x0000000010000000                _sccmram = .
 *(.ccmram)
 *(.ccmram*)
                0x0000000010000000                . = ALIGN (0x4)
                0x0000000010000000                _eccmram = .
                0x0000000010000000                . = ALIGN (0x4)

.bss            0x0000000020000008      0xde4
                0x0000000020000008                _sbss = .
                0x0000000020000008                __bss_start__ = _sbss
 *(.bss)
 .bss           0x0000000020000008       0x1c /usr/lib/gcc/arm-none-eabi/5.4.1/armv7e-m/fpu/crtbegin.o
 *(.bss*)
 .bss.xNumOfOverflows
                0x0000000020000024        0x4 build/tasks.o
 .bss.pxDelayedTaskList
                0x0000000020000028        0x4 build/tasks.o
 .bss.xSchedulerRunning
                0x000000002000002c        0x4 build/tasks.o
 .bss.xTasksWaitingTermination
                0x0000000020000030       0x14 build/tasks.o
 .bss.pxOverflowDelayedTaskList
                0x0000000020000044        0x4 build/tasks.o
 .bss.uxPendedTicks
                0x0000000020000048        0x4 build/tasks.o
 .bss.pxReadyTasksLists
                0x000000002000004c       0x8c build/tasks.o
 .bss.uxSchedulerSuspended
                0x00000000200000d8        0x4 build/tasks.o
 .bss.uxDeletedTasksWaitingCleanUp
                0x00000000200000dc        0x4 build/tasks.o
 .bss.uxCurrentNumberOfTasks
                0x00000000200000e0        0x4 build/tasks.o
 .bss.pxCurrentTCB
                0x00000000200000e4        0x4 build/tasks.o
                0x00000000200000e4                pxCurrentTCB
 .bss.xPendingReadyList
                0x00000000200000e8       0x14 build/tasks.o
 .bss.xIdleTaskHandle
                0x00000000200000fc        0x4 build/tasks.o
 .bss.xTickCount
                0x0000000020000100        0x4 build/tasks.o
 .bss.xNextTaskUnblockTime
                0x0000000020000104        0x4 build/tasks.o
 .bss.uxTaskNumber
                0x0000000020000108        0x4 build/tasks.o
 .bss.xDelayedTaskList1
                0x000000002000010c       0x14 build/tasks.o
 .bss.xDelayedTaskList2
                0x0000000020000120       0x14 build/tasks.o
 .bss.xSuspendedTaskList
                0x0000000020000134       0x14 build/tasks.o
 .bss.uxTopReadyPriority
                0x0000000020000148        0x4 build/tasks.o
 .bss.xYieldPending
                0x000000002000014c        0x4 build/tasks.o
 .bss.xFreeBytesRemaining
                0x0000000020000150        0x4 build/heap_4.o
 .bss.pxEnd     0x0000000020000154        0x4 build/heap_4.o
 .bss.xStart    0x0000000020000158        0x8 build/heap_4.o
 .bss.ucHeap    0x0000000020000160      0xc00 build/heap_4.o
 .bss.xBlockAllocatedBit
                0x0000000020000d60        0x4 build/heap_4.o
 .bss.xMinimumEverFreeBytesRemaining
                0x0000000020000d64        0x4 build/heap_4.o
 .bss.ucMaxSysCallPriority
                0x0000000020000d68        0x1 build/port.o
 *fill*         0x0000000020000d69        0x3 
 .bss.ulMaxPRIGROUPValue
                0x0000000020000d6c        0x4 build/port.o
 *(COMMON)
 COMMON         0x0000000020000d70        0x4 build/stm32f3xx_hal.o
                0x0000000020000d70                uwTick
 COMMON         0x0000000020000d74       0x78 build/main.o
                0x0000000020000d74                defaultTaskHandle
                0x0000000020000d78                pc_comHandle
                0x0000000020000d7c                huart2
                0x0000000020000dec                . = ALIGN (0x4)
                0x0000000020000dec                _ebss = .
                0x0000000020000dec                __bss_end__ = _ebss

._user_heap_stack
                0x0000000020000dec      0x604
                0x0000000020000df0                . = ALIGN (0x8)
 *fill*         0x0000000020000dec        0x4 
                [!provide]                        PROVIDE (end, .)
                [!provide]                        PROVIDE (_end, .)
                0x0000000020000ff0                . = (. + _Min_Heap_Size)
 *fill*         0x0000000020000df0      0x200 
                0x00000000200013f0                . = (. + _Min_Stack_Size)
 *fill*         0x0000000020000ff0      0x400 
                0x00000000200013f0                . = ALIGN (0x8)

/DISCARD/
 libc.a(*)
 libm.a(*)
 libgcc.a(*)

.ARM.attributes
                0x0000000000000000       0x30
 *(.ARM.attributes)
 .ARM.attributes
                0x0000000000000000       0x22 /usr/lib/gcc/arm-none-eabi/5.4.1/armv7e-m/fpu/crti.o
 .ARM.attributes
                0x0000000000000022       0x34 /usr/lib/gcc/arm-none-eabi/5.4.1/armv7e-m/fpu/crtbegin.o
 .ARM.attributes
                0x0000000000000056       0x39 build/system_stm32f3xx.o
 .ARM.attributes
                0x000000000000008f       0x39 build/freertos.o
 .ARM.attributes
                0x00000000000000c8       0x39 build/tasks.o
 .ARM.attributes
                0x0000000000000101       0x39 build/cmsis_os.o
 .ARM.attributes
                0x000000000000013a       0x39 build/heap_4.o
 .ARM.attributes
                0x0000000000000173       0x39 build/stm32f3xx_hal.o
 .ARM.attributes
                0x00000000000001ac       0x39 build/stm32f3xx_it.o
 .ARM.attributes
                0x00000000000001e5       0x39 build/stm32f3xx_hal_uart.o
 .ARM.attributes
                0x000000000000021e       0x39 build/stm32f3xx_hal_gpio.o
 .ARM.attributes
                0x0000000000000257       0x39 build/stm32f3xx_hal_cortex.o
 .ARM.attributes
                0x0000000000000290       0x39 build/stm32f3xx_hal_rcc.o
 .ARM.attributes
                0x00000000000002c9       0x39 build/port.o
 .ARM.attributes
                0x0000000000000302       0x39 build/stm32f3xx_hal_msp.o
 .ARM.attributes
                0x000000000000033b       0x39 build/list.o
 .ARM.attributes
                0x0000000000000374       0x39 build/main.o
 .ARM.attributes
                0x00000000000003ad       0x21 build/startup_stm32f303x8.o
 .ARM.attributes
                0x00000000000003ce       0x34 /usr/lib/gcc/arm-none-eabi/5.4.1/../../../arm-none-eabi/lib/armv7e-m/fpu/libc_nano.a(lib_a-init.o)
 .ARM.attributes
                0x0000000000000402       0x34 /usr/lib/gcc/arm-none-eabi/5.4.1/armv7e-m/fpu/crtend.o
 .ARM.attributes
                0x0000000000000436       0x22 /usr/lib/gcc/arm-none-eabi/5.4.1/armv7e-m/fpu/crtn.o
OUTPUT(build/putain_de_test_2.elf elf32-littlearm)

.comment        0x0000000000000000       0x2b
 .comment       0x0000000000000000       0x2b /usr/lib/gcc/arm-none-eabi/5.4.1/armv7e-m/fpu/crtbegin.o
                                         0x2c (size before relaxing)
 .comment       0x000000000000002b       0x2c build/system_stm32f3xx.o
 .comment       0x000000000000002b       0x2c build/freertos.o
 .comment       0x000000000000002b       0x2c build/tasks.o
 .comment       0x000000000000002b       0x2c build/cmsis_os.o
 .comment       0x000000000000002b       0x2c build/heap_4.o
 .comment       0x000000000000002b       0x2c build/stm32f3xx_hal.o
 .comment       0x000000000000002b       0x2c build/stm32f3xx_it.o
 .comment       0x000000000000002b       0x2c build/stm32f3xx_hal_uart.o
 .comment       0x000000000000002b       0x2c build/stm32f3xx_hal_gpio.o
 .comment       0x000000000000002b       0x2c build/stm32f3xx_hal_cortex.o
 .comment       0x000000000000002b       0x2c build/stm32f3xx_hal_rcc.o
 .comment       0x000000000000002b       0x2c build/port.o
 .comment       0x000000000000002b       0x2c build/stm32f3xx_hal_msp.o
 .comment       0x000000000000002b       0x2c build/list.o
 .comment       0x000000000000002b       0x2c build/main.o
 .comment       0x000000000000002b       0x2c /usr/lib/gcc/arm-none-eabi/5.4.1/../../../arm-none-eabi/lib/armv7e-m/fpu/libc_nano.a(lib_a-init.o)
 .comment       0x000000000000002b       0x2c /usr/lib/gcc/arm-none-eabi/5.4.1/armv7e-m/fpu/crtend.o

.debug_info     0x0000000000000000     0xc0e2
 .debug_info    0x0000000000000000      0x456 build/system_stm32f3xx.o
 .debug_info    0x0000000000000456      0x727 build/freertos.o
 .debug_info    0x0000000000000b7d     0x224f build/tasks.o
 .debug_info    0x0000000000002dcc     0x1c86 build/cmsis_os.o
 .debug_info    0x0000000000004a52      0x46f build/heap_4.o
 .debug_info    0x0000000000004ec1      0x70d build/stm32f3xx_hal.o
 .debug_info    0x00000000000055ce       0xf7 build/stm32f3xx_it.o
 .debug_info    0x00000000000056c5     0x1b4b build/stm32f3xx_hal_uart.o
 .debug_info    0x0000000000007210      0x7c2 build/stm32f3xx_hal_gpio.o
 .debug_info    0x00000000000079d2      0xcd5 build/stm32f3xx_hal_cortex.o
 .debug_info    0x00000000000086a7     0x145f build/stm32f3xx_hal_rcc.o
 .debug_info    0x0000000000009b06      0x570 build/port.o
 .debug_info    0x000000000000a076      0xbc2 build/stm32f3xx_hal_msp.o
 .debug_info    0x000000000000ac38      0x2d0 build/list.o
 .debug_info    0x000000000000af08     0x105e build/main.o
 .debug_info    0x000000000000bf66       0x6c build/startup_stm32f303x8.o
 .debug_info    0x000000000000bfd2      0x110 /usr/lib/gcc/arm-none-eabi/5.4.1/../../../arm-none-eabi/lib/armv7e-m/fpu/libc_nano.a(lib_a-init.o)

.debug_abbrev   0x0000000000000000     0x1f21
 .debug_abbrev  0x0000000000000000      0x103 build/system_stm32f3xx.o
 .debug_abbrev  0x0000000000000103      0x171 build/freertos.o
 .debug_abbrev  0x0000000000000274      0x358 build/tasks.o
 .debug_abbrev  0x00000000000005cc      0x31b build/cmsis_os.o
 .debug_abbrev  0x00000000000008e7      0x216 build/heap_4.o
 .debug_abbrev  0x0000000000000afd      0x1c1 build/stm32f3xx_hal.o
 .debug_abbrev  0x0000000000000cbe       0x88 build/stm32f3xx_it.o
 .debug_abbrev  0x0000000000000d46      0x265 build/stm32f3xx_hal_uart.o
 .debug_abbrev  0x0000000000000fab      0x202 build/stm32f3xx_hal_gpio.o
 .debug_abbrev  0x00000000000011ad      0x2d2 build/stm32f3xx_hal_cortex.o
 .debug_abbrev  0x000000000000147f      0x2b9 build/stm32f3xx_hal_rcc.o
 .debug_abbrev  0x0000000000001738      0x236 build/port.o
 .debug_abbrev  0x000000000000196e      0x18f build/stm32f3xx_hal_msp.o
 .debug_abbrev  0x0000000000001afd       0xf8 build/list.o
 .debug_abbrev  0x0000000000001bf5      0x260 build/main.o
 .debug_abbrev  0x0000000000001e55       0x12 build/startup_stm32f303x8.o
 .debug_abbrev  0x0000000000001e67       0xba /usr/lib/gcc/arm-none-eabi/5.4.1/../../../arm-none-eabi/lib/armv7e-m/fpu/libc_nano.a(lib_a-init.o)

.debug_loc      0x0000000000000000     0x644a
 .debug_loc     0x0000000000000000       0xff build/system_stm32f3xx.o
 .debug_loc     0x00000000000000ff       0x41 build/freertos.o
 .debug_loc     0x0000000000000140     0x16d3 build/tasks.o
 .debug_loc     0x0000000000001813     0x15f0 build/cmsis_os.o
 .debug_loc     0x0000000000002e03      0x32f build/heap_4.o
 .debug_loc     0x0000000000003132       0xe3 build/stm32f3xx_hal.o
 .debug_loc     0x0000000000003215       0x20 build/stm32f3xx_it.o
 .debug_loc     0x0000000000003235     0x19aa build/stm32f3xx_hal_uart.o
 .debug_loc     0x0000000000004bdf      0x3a3 build/stm32f3xx_hal_gpio.o
 .debug_loc     0x0000000000004f82      0x59f build/stm32f3xx_hal_cortex.o
 .debug_loc     0x0000000000005521      0xa9a build/stm32f3xx_hal_rcc.o
 .debug_loc     0x0000000000005fbb      0x128 build/port.o
 .debug_loc     0x00000000000060e3       0xe9 build/stm32f3xx_hal_msp.o
 .debug_loc     0x00000000000061cc       0x91 build/list.o
 .debug_loc     0x000000000000625d      0x13f build/main.o
 .debug_loc     0x000000000000639c       0xae /usr/lib/gcc/arm-none-eabi/5.4.1/../../../arm-none-eabi/lib/armv7e-m/fpu/libc_nano.a(lib_a-init.o)

.debug_aranges  0x0000000000000000      0x9b8
 .debug_aranges
                0x0000000000000000       0x28 build/system_stm32f3xx.o
 .debug_aranges
                0x0000000000000028       0x20 build/freertos.o
 .debug_aranges
                0x0000000000000048      0x190 build/tasks.o
 .debug_aranges
                0x00000000000001d8      0x1d8 build/cmsis_os.o
 .debug_aranges
                0x00000000000003b0       0x50 build/heap_4.o
 .debug_aranges
                0x0000000000000400       0xb0 build/stm32f3xx_hal.o
 .debug_aranges
                0x00000000000004b0       0x20 build/stm32f3xx_it.o
 .debug_aranges
                0x00000000000004d0      0x1f0 build/stm32f3xx_hal_uart.o
 .debug_aranges
                0x00000000000006c0       0x58 build/stm32f3xx_hal_gpio.o
 .debug_aranges
                0x0000000000000718       0x90 build/stm32f3xx_hal_cortex.o
 .debug_aranges
                0x00000000000007a8       0x88 build/stm32f3xx_hal_rcc.o
 .debug_aranges
                0x0000000000000830       0x80 build/port.o
 .debug_aranges
                0x00000000000008b0       0x30 build/stm32f3xx_hal_msp.o
 .debug_aranges
                0x00000000000008e0       0x40 build/list.o
 .debug_aranges
                0x0000000000000920       0x50 build/main.o
 .debug_aranges
                0x0000000000000970       0x28 build/startup_stm32f303x8.o
 .debug_aranges
                0x0000000000000998       0x20 /usr/lib/gcc/arm-none-eabi/5.4.1/../../../arm-none-eabi/lib/armv7e-m/fpu/libc_nano.a(lib_a-init.o)

.debug_ranges   0x0000000000000000      0x8f0
 .debug_ranges  0x0000000000000000       0x18 build/system_stm32f3xx.o
 .debug_ranges  0x0000000000000018       0x10 build/freertos.o
 .debug_ranges  0x0000000000000028      0x1b8 build/tasks.o
 .debug_ranges  0x00000000000001e0      0x1c8 build/cmsis_os.o
 .debug_ranges  0x00000000000003a8       0x40 build/heap_4.o
 .debug_ranges  0x00000000000003e8       0xa0 build/stm32f3xx_hal.o
 .debug_ranges  0x0000000000000488       0x10 build/stm32f3xx_it.o
 .debug_ranges  0x0000000000000498      0x1e0 build/stm32f3xx_hal_uart.o
 .debug_ranges  0x0000000000000678       0x48 build/stm32f3xx_hal_gpio.o
 .debug_ranges  0x00000000000006c0       0x80 build/stm32f3xx_hal_cortex.o
 .debug_ranges  0x0000000000000740       0x90 build/stm32f3xx_hal_rcc.o
 .debug_ranges  0x00000000000007d0       0x70 build/port.o
 .debug_ranges  0x0000000000000840       0x20 build/stm32f3xx_hal_msp.o
 .debug_ranges  0x0000000000000860       0x30 build/list.o
 .debug_ranges  0x0000000000000890       0x40 build/main.o
 .debug_ranges  0x00000000000008d0       0x20 build/startup_stm32f303x8.o

.debug_line     0x0000000000000000     0x3c6f
 .debug_line    0x0000000000000000      0x127 build/system_stm32f3xx.o
 .debug_line    0x0000000000000127      0x1a5 build/freertos.o
 .debug_line    0x00000000000002cc      0xa06 build/tasks.o
 .debug_line    0x0000000000000cd2      0x7a6 build/cmsis_os.o
 .debug_line    0x0000000000001478      0x28c build/heap_4.o
 .debug_line    0x0000000000001704      0x2c5 build/stm32f3xx_hal.o
 .debug_line    0x00000000000019c9      0x132 build/stm32f3xx_it.o
 .debug_line    0x0000000000001afb      0xb94 build/stm32f3xx_hal_uart.o
 .debug_line    0x000000000000268f      0x2a5 build/stm32f3xx_hal_gpio.o
 .debug_line    0x0000000000002934      0x2b4 build/stm32f3xx_hal_cortex.o
 .debug_line    0x0000000000002be8      0x671 build/stm32f3xx_hal_rcc.o
 .debug_line    0x0000000000003259      0x2a3 build/port.o
 .debug_line    0x00000000000034fc      0x1cd build/stm32f3xx_hal_msp.o
 .debug_line    0x00000000000036c9      0x1a8 build/list.o
 .debug_line    0x0000000000003871      0x2d2 build/main.o
 .debug_line    0x0000000000003b43       0x74 build/startup_stm32f303x8.o
 .debug_line    0x0000000000003bb7       0xb8 /usr/lib/gcc/arm-none-eabi/5.4.1/../../../arm-none-eabi/lib/armv7e-m/fpu/libc_nano.a(lib_a-init.o)

.debug_str      0x0000000000000000     0x364a
 .debug_str     0x0000000000000000      0x280 build/system_stm32f3xx.o
                                        0x2d2 (size before relaxing)
 .debug_str     0x0000000000000280      0x472 build/freertos.o
                                        0x649 (size before relaxing)
 .debug_str     0x00000000000006f2      0xc09 build/tasks.o
                                        0xdd6 (size before relaxing)
 .debug_str     0x00000000000012fb      0x8e5 build/cmsis_os.o
                                        0xd98 (size before relaxing)
 .debug_str     0x0000000000001be0      0x1e9 build/heap_4.o
                                        0x3c4 (size before relaxing)
 .debug_str     0x0000000000001dc9      0x576 build/stm32f3xx_hal.o
                                        0x770 (size before relaxing)
 .debug_str     0x000000000000233f       0x23 build/stm32f3xx_it.o
                                        0x1b8 (size before relaxing)
 .debug_str     0x0000000000002362      0x73e build/stm32f3xx_hal_uart.o
                                        0xe3e (size before relaxing)
 .debug_str     0x0000000000002aa0      0x237 build/stm32f3xx_hal_gpio.o
                                        0x4aa (size before relaxing)
 .debug_str     0x0000000000002cd7      0x253 build/stm32f3xx_hal_cortex.o
                                        0x8c4 (size before relaxing)
 .debug_str     0x0000000000002f2a      0x2c5 build/stm32f3xx_hal_rcc.o
                                        0x655 (size before relaxing)
 .debug_str     0x00000000000031ef      0x175 build/port.o
                                        0x440 (size before relaxing)
 .debug_str     0x0000000000003364       0x28 build/stm32f3xx_hal_msp.o
                                        0xa4e (size before relaxing)
 .debug_str     0x000000000000338c       0x6c build/list.o
                                        0x2db (size before relaxing)
 .debug_str     0x00000000000033f8       0xbc build/main.o
                                        0xdc2 (size before relaxing)
 .debug_str     0x00000000000034b4      0x196 /usr/lib/gcc/arm-none-eabi/5.4.1/../../../arm-none-eabi/lib/armv7e-m/fpu/libc_nano.a(lib_a-init.o)
                                        0x241 (size before relaxing)

.debug_frame    0x0000000000000000     0x1a8c
 .debug_frame   0x0000000000000000       0x30 build/system_stm32f3xx.o
 .debug_frame   0x0000000000000030       0x2c build/freertos.o
 .debug_frame   0x000000000000005c      0x57c build/tasks.o
 .debug_frame   0x00000000000005d8      0x608 build/cmsis_os.o
 .debug_frame   0x0000000000000be0       0xb8 build/heap_4.o
 .debug_frame   0x0000000000000c98      0x174 build/stm32f3xx_hal.o
 .debug_frame   0x0000000000000e0c       0x2c build/stm32f3xx_it.o
 .debug_frame   0x0000000000000e38      0x624 build/stm32f3xx_hal_uart.o
 .debug_frame   0x000000000000145c       0xd4 build/stm32f3xx_hal_gpio.o
 .debug_frame   0x0000000000001530      0x134 build/stm32f3xx_hal_cortex.o
 .debug_frame   0x0000000000001664      0x154 build/stm32f3xx_hal_rcc.o
 .debug_frame   0x00000000000017b8       0xf8 build/port.o
 .debug_frame   0x00000000000018b0       0x6c build/stm32f3xx_hal_msp.o
 .debug_frame   0x000000000000191c       0x70 build/list.o
 .debug_frame   0x000000000000198c       0xd4 build/main.o
 .debug_frame   0x0000000000001a60       0x2c /usr/lib/gcc/arm-none-eabi/5.4.1/../../../arm-none-eabi/lib/armv7e-m/fpu/libc_nano.a(lib_a-init.o)

Cross Reference Table

Symbol                                            File
ADC1_2_IRQHandler                                 build/startup_stm32f303x8.o
AHBPrescTable                                     build/system_stm32f3xx.o
                                                  build/stm32f3xx_hal_rcc.o
APBPrescTable                                     build/system_stm32f3xx.o
                                                  build/stm32f3xx_hal_rcc.o
BusFault_Handler                                  build/startup_stm32f303x8.o
CAN_RX0_IRQHandler                                build/startup_stm32f303x8.o
CAN_RX1_IRQHandler                                build/startup_stm32f303x8.o
CAN_SCE_IRQHandler                                build/startup_stm32f303x8.o
CAN_TX_IRQHandler                                 build/startup_stm32f303x8.o
COMP2_IRQHandler                                  build/startup_stm32f303x8.o
COMP4_6_IRQHandler                                build/startup_stm32f303x8.o
DMA1_Channel1_IRQHandler                          build/startup_stm32f303x8.o
DMA1_Channel2_IRQHandler                          build/startup_stm32f303x8.o
DMA1_Channel3_IRQHandler                          build/startup_stm32f303x8.o
DMA1_Channel4_IRQHandler                          build/startup_stm32f303x8.o
DMA1_Channel5_IRQHandler                          build/startup_stm32f303x8.o
DMA1_Channel6_IRQHandler                          build/startup_stm32f303x8.o
DMA1_Channel7_IRQHandler                          build/startup_stm32f303x8.o
DebugMon_Handler                                  build/startup_stm32f303x8.o
Default_Handler                                   build/startup_stm32f303x8.o
EXTI0_IRQHandler                                  build/startup_stm32f303x8.o
EXTI15_10_IRQHandler                              build/startup_stm32f303x8.o
EXTI1_IRQHandler                                  build/startup_stm32f303x8.o
EXTI2_TSC_IRQHandler                              build/startup_stm32f303x8.o
EXTI3_IRQHandler                                  build/startup_stm32f303x8.o
EXTI4_IRQHandler                                  build/startup_stm32f303x8.o
EXTI9_5_IRQHandler                                build/startup_stm32f303x8.o
FLASH_IRQHandler                                  build/startup_stm32f303x8.o
FLASH_PageErase                                   build/stm32f3xx_hal_flash_ex.o
                                                  build/stm32f3xx_hal_flash.o
FLASH_WaitForLastOperation                        build/stm32f3xx_hal_flash.o
                                                  build/stm32f3xx_hal_flash_ex.o
FPU_IRQHandler                                    build/startup_stm32f303x8.o
HAL_DBGMCU_DisableDBGSleepMode                    build/stm32f3xx_hal.o
HAL_DBGMCU_DisableDBGStandbyMode                  build/stm32f3xx_hal.o
HAL_DBGMCU_DisableDBGStopMode                     build/stm32f3xx_hal.o
HAL_DBGMCU_EnableDBGSleepMode                     build/stm32f3xx_hal.o
HAL_DBGMCU_EnableDBGStandbyMode                   build/stm32f3xx_hal.o
HAL_DBGMCU_EnableDBGStopMode                      build/stm32f3xx_hal.o
HAL_DMA_Abort                                     build/stm32f3xx_hal_dma.o
                                                  build/stm32f3xx_hal_uart.o
HAL_DMA_Abort_IT                                  build/stm32f3xx_hal_dma.o
                                                  build/stm32f3xx_hal_uart.o
                                                  build/stm32f3xx_hal_i2c.o
HAL_DMA_DeInit                                    build/stm32f3xx_hal_dma.o
HAL_DMA_GetError                                  build/stm32f3xx_hal_dma.o
HAL_DMA_GetState                                  build/stm32f3xx_hal_dma.o
HAL_DMA_IRQHandler                                build/stm32f3xx_hal_dma.o
HAL_DMA_Init                                      build/stm32f3xx_hal_dma.o
HAL_DMA_PollForTransfer                           build/stm32f3xx_hal_dma.o
HAL_DMA_RegisterCallback                          build/stm32f3xx_hal_dma.o
HAL_DMA_Start                                     build/stm32f3xx_hal_dma.o
HAL_DMA_Start_IT                                  build/stm32f3xx_hal_dma.o
                                                  build/stm32f3xx_hal_uart.o
                                                  build/stm32f3xx_hal_i2c.o
HAL_DMA_UnRegisterCallback                        build/stm32f3xx_hal_dma.o
HAL_DeInit                                        build/stm32f3xx_hal.o
HAL_Delay                                         build/stm32f3xx_hal.o
HAL_FLASHEx_Erase                                 build/stm32f3xx_hal_flash_ex.o
HAL_FLASHEx_Erase_IT                              build/stm32f3xx_hal_flash_ex.o
HAL_FLASHEx_OBErase                               build/stm32f3xx_hal_flash_ex.o
HAL_FLASHEx_OBGetConfig                           build/stm32f3xx_hal_flash_ex.o
HAL_FLASHEx_OBGetUserData                         build/stm32f3xx_hal_flash_ex.o
HAL_FLASHEx_OBProgram                             build/stm32f3xx_hal_flash_ex.o
HAL_FLASH_EndOfOperationCallback                  build/stm32f3xx_hal_flash.o
HAL_FLASH_GetError                                build/stm32f3xx_hal_flash.o
HAL_FLASH_IRQHandler                              build/stm32f3xx_hal_flash.o
HAL_FLASH_Lock                                    build/stm32f3xx_hal_flash.o
HAL_FLASH_OB_Launch                               build/stm32f3xx_hal_flash.o
HAL_FLASH_OB_Lock                                 build/stm32f3xx_hal_flash.o
HAL_FLASH_OB_Unlock                               build/stm32f3xx_hal_flash.o
HAL_FLASH_OperationErrorCallback                  build/stm32f3xx_hal_flash.o
HAL_FLASH_Program                                 build/stm32f3xx_hal_flash.o
HAL_FLASH_Program_IT                              build/stm32f3xx_hal_flash.o
HAL_FLASH_Unlock                                  build/stm32f3xx_hal_flash.o
HAL_GPIO_DeInit                                   build/stm32f3xx_hal_gpio.o
                                                  build/stm32f3xx_hal_msp.o
HAL_GPIO_EXTI_Callback                            build/stm32f3xx_hal_gpio.o
HAL_GPIO_EXTI_IRQHandler                          build/stm32f3xx_hal_gpio.o
HAL_GPIO_Init                                     build/stm32f3xx_hal_gpio.o
                                                  build/main.o
                                                  build/stm32f3xx_hal_msp.o
                                                  build/stm32f3xx_hal_rcc.o
HAL_GPIO_LockPin                                  build/stm32f3xx_hal_gpio.o
HAL_GPIO_ReadPin                                  build/stm32f3xx_hal_gpio.o
HAL_GPIO_TogglePin                                build/stm32f3xx_hal_gpio.o
                                                  build/main.o
HAL_GPIO_WritePin                                 build/stm32f3xx_hal_gpio.o
                                                  build/main.o
HAL_GetDEVID                                      build/stm32f3xx_hal.o
HAL_GetHalVersion                                 build/stm32f3xx_hal.o
HAL_GetREVID                                      build/stm32f3xx_hal.o
HAL_GetTick                                       build/stm32f3xx_hal.o
                                                  build/stm32f3xx_hal_rcc.o
                                                  build/stm32f3xx_hal_uart.o
                                                  build/stm32f3xx_hal_flash.o
                                                  build/stm32f3xx_hal_rcc_ex.o
                                                  build/stm32f3xx_hal_dma.o
                                                  build/stm32f3xx_hal_i2c.o
                                                  build/stm32f3xx_hal_uart_ex.o
HAL_HalfDuplex_EnableReceiver                     build/stm32f3xx_hal_uart.o
HAL_HalfDuplex_EnableTransmitter                  build/stm32f3xx_hal_uart.o
HAL_HalfDuplex_Init                               build/stm32f3xx_hal_uart.o
HAL_I2CEx_ConfigAnalogFilter                      build/stm32f3xx_hal_i2c_ex.o
HAL_I2CEx_ConfigDigitalFilter                     build/stm32f3xx_hal_i2c_ex.o
HAL_I2CEx_DisableFastModePlus                     build/stm32f3xx_hal_i2c_ex.o
HAL_I2CEx_DisableWakeUp                           build/stm32f3xx_hal_i2c_ex.o
HAL_I2CEx_EnableFastModePlus                      build/stm32f3xx_hal_i2c_ex.o
HAL_I2CEx_EnableWakeUp                            build/stm32f3xx_hal_i2c_ex.o
HAL_I2C_AbortCpltCallback                         build/stm32f3xx_hal_i2c.o
HAL_I2C_AddrCallback                              build/stm32f3xx_hal_i2c.o
HAL_I2C_DeInit                                    build/stm32f3xx_hal_i2c.o
HAL_I2C_DisableListen_IT                          build/stm32f3xx_hal_i2c.o
HAL_I2C_ER_IRQHandler                             build/stm32f3xx_hal_i2c.o
HAL_I2C_EV_IRQHandler                             build/stm32f3xx_hal_i2c.o
HAL_I2C_EnableListen_IT                           build/stm32f3xx_hal_i2c.o
HAL_I2C_ErrorCallback                             build/stm32f3xx_hal_i2c.o
HAL_I2C_GetError                                  build/stm32f3xx_hal_i2c.o
HAL_I2C_GetMode                                   build/stm32f3xx_hal_i2c.o
HAL_I2C_GetState                                  build/stm32f3xx_hal_i2c.o
HAL_I2C_Init                                      build/stm32f3xx_hal_i2c.o
HAL_I2C_IsDeviceReady                             build/stm32f3xx_hal_i2c.o
HAL_I2C_ListenCpltCallback                        build/stm32f3xx_hal_i2c.o
HAL_I2C_MasterRxCpltCallback                      build/stm32f3xx_hal_i2c.o
HAL_I2C_MasterTxCpltCallback                      build/stm32f3xx_hal_i2c.o
HAL_I2C_Master_Abort_IT                           build/stm32f3xx_hal_i2c.o
HAL_I2C_Master_Receive                            build/stm32f3xx_hal_i2c.o
HAL_I2C_Master_Receive_DMA                        build/stm32f3xx_hal_i2c.o
HAL_I2C_Master_Receive_IT                         build/stm32f3xx_hal_i2c.o
HAL_I2C_Master_Sequential_Receive_IT              build/stm32f3xx_hal_i2c.o
HAL_I2C_Master_Sequential_Transmit_IT             build/stm32f3xx_hal_i2c.o
HAL_I2C_Master_Transmit                           build/stm32f3xx_hal_i2c.o
HAL_I2C_Master_Transmit_DMA                       build/stm32f3xx_hal_i2c.o
HAL_I2C_Master_Transmit_IT                        build/stm32f3xx_hal_i2c.o
HAL_I2C_MemRxCpltCallback                         build/stm32f3xx_hal_i2c.o
HAL_I2C_MemTxCpltCallback                         build/stm32f3xx_hal_i2c.o
HAL_I2C_Mem_Read                                  build/stm32f3xx_hal_i2c.o
HAL_I2C_Mem_Read_DMA                              build/stm32f3xx_hal_i2c.o
HAL_I2C_Mem_Read_IT                               build/stm32f3xx_hal_i2c.o
HAL_I2C_Mem_Write                                 build/stm32f3xx_hal_i2c.o
HAL_I2C_Mem_Write_DMA                             build/stm32f3xx_hal_i2c.o
HAL_I2C_Mem_Write_IT                              build/stm32f3xx_hal_i2c.o
HAL_I2C_MspDeInit                                 build/stm32f3xx_hal_i2c.o
HAL_I2C_MspInit                                   build/stm32f3xx_hal_i2c.o
HAL_I2C_SlaveRxCpltCallback                       build/stm32f3xx_hal_i2c.o
HAL_I2C_SlaveTxCpltCallback                       build/stm32f3xx_hal_i2c.o
HAL_I2C_Slave_Receive                             build/stm32f3xx_hal_i2c.o
HAL_I2C_Slave_Receive_DMA                         build/stm32f3xx_hal_i2c.o
HAL_I2C_Slave_Receive_IT                          build/stm32f3xx_hal_i2c.o
HAL_I2C_Slave_Sequential_Receive_IT               build/stm32f3xx_hal_i2c.o
HAL_I2C_Slave_Sequential_Transmit_IT              build/stm32f3xx_hal_i2c.o
HAL_I2C_Slave_Transmit                            build/stm32f3xx_hal_i2c.o
HAL_I2C_Slave_Transmit_DMA                        build/stm32f3xx_hal_i2c.o
HAL_I2C_Slave_Transmit_IT                         build/stm32f3xx_hal_i2c.o
HAL_IncTick                                       build/stm32f3xx_hal.o
                                                  build/stm32f3xx_it.o
HAL_Init                                          build/stm32f3xx_hal.o
                                                  build/main.o
HAL_InitTick                                      build/stm32f3xx_hal.o
                                                  build/stm32f3xx_hal_rcc.o
HAL_LIN_Init                                      build/stm32f3xx_hal_uart.o
HAL_LIN_SendBreak                                 build/stm32f3xx_hal_uart.o
HAL_MspDeInit                                     build/stm32f3xx_hal.o
HAL_MspInit                                       build/stm32f3xx_hal_msp.o
                                                  build/stm32f3xx_hal.o
HAL_MultiProcessorEx_AddressLength_Set            build/stm32f3xx_hal_uart_ex.o
HAL_MultiProcessor_DisableMuteMode                build/stm32f3xx_hal_uart.o
HAL_MultiProcessor_EnableMuteMode                 build/stm32f3xx_hal_uart.o
HAL_MultiProcessor_EnterMuteMode                  build/stm32f3xx_hal_uart.o
HAL_MultiProcessor_Init                           build/stm32f3xx_hal_uart.o
HAL_NVIC_ClearPendingIRQ                          build/stm32f3xx_hal_cortex.o
HAL_NVIC_DisableIRQ                               build/stm32f3xx_hal_cortex.o
HAL_NVIC_EnableIRQ                                build/stm32f3xx_hal_cortex.o
HAL_NVIC_GetActive                                build/stm32f3xx_hal_cortex.o
HAL_NVIC_GetPendingIRQ                            build/stm32f3xx_hal_cortex.o
HAL_NVIC_GetPriority                              build/stm32f3xx_hal_cortex.o
HAL_NVIC_GetPriorityGrouping                      build/stm32f3xx_hal_cortex.o
HAL_NVIC_SetPendingIRQ                            build/stm32f3xx_hal_cortex.o
HAL_NVIC_SetPriority                              build/stm32f3xx_hal_cortex.o
                                                  build/main.o
                                                  build/stm32f3xx_hal_msp.o
                                                  build/stm32f3xx_hal.o
HAL_NVIC_SetPriorityGrouping                      build/stm32f3xx_hal_cortex.o
                                                  build/stm32f3xx_hal_msp.o
                                                  build/stm32f3xx_hal.o
HAL_NVIC_SystemReset                              build/stm32f3xx_hal_cortex.o
HAL_PWR_ConfigPVD                                 build/stm32f3xx_hal_pwr_ex.o
HAL_PWR_DeInit                                    build/stm32f3xx_hal_pwr.o
HAL_PWR_DisableBkUpAccess                         build/stm32f3xx_hal_pwr.o
HAL_PWR_DisablePVD                                build/stm32f3xx_hal_pwr_ex.o
HAL_PWR_DisableSEVOnPend                          build/stm32f3xx_hal_pwr.o
HAL_PWR_DisableSleepOnExit                        build/stm32f3xx_hal_pwr.o
HAL_PWR_DisableWakeUpPin                          build/stm32f3xx_hal_pwr.o
HAL_PWR_EnableBkUpAccess                          build/stm32f3xx_hal_pwr.o
HAL_PWR_EnablePVD                                 build/stm32f3xx_hal_pwr_ex.o
HAL_PWR_EnableSEVOnPend                           build/stm32f3xx_hal_pwr.o
HAL_PWR_EnableSleepOnExit                         build/stm32f3xx_hal_pwr.o
HAL_PWR_EnableWakeUpPin                           build/stm32f3xx_hal_pwr.o
HAL_PWR_EnterSLEEPMode                            build/stm32f3xx_hal_pwr.o
HAL_PWR_EnterSTANDBYMode                          build/stm32f3xx_hal_pwr.o
HAL_PWR_EnterSTOPMode                             build/stm32f3xx_hal_pwr.o
HAL_PWR_PVDCallback                               build/stm32f3xx_hal_pwr_ex.o
HAL_PWR_PVD_IRQHandler                            build/stm32f3xx_hal_pwr_ex.o
HAL_RCCEx_GetPeriphCLKConfig                      build/stm32f3xx_hal_rcc_ex.o
HAL_RCCEx_GetPeriphCLKFreq                        build/stm32f3xx_hal_rcc_ex.o
HAL_RCCEx_PeriphCLKConfig                         build/stm32f3xx_hal_rcc_ex.o
HAL_RCC_CSSCallback                               build/stm32f3xx_hal_rcc.o
HAL_RCC_ClockConfig                               build/stm32f3xx_hal_rcc.o
                                                  build/main.o
HAL_RCC_DeInit                                    build/stm32f3xx_hal_rcc.o
HAL_RCC_DisableCSS                                build/stm32f3xx_hal_rcc.o
HAL_RCC_EnableCSS                                 build/stm32f3xx_hal_rcc.o
HAL_RCC_GetClockConfig                            build/stm32f3xx_hal_rcc.o
HAL_RCC_GetHCLKFreq                               build/stm32f3xx_hal_rcc.o
                                                  build/main.o
HAL_RCC_GetOscConfig                              build/stm32f3xx_hal_rcc.o
HAL_RCC_GetPCLK1Freq                              build/stm32f3xx_hal_rcc.o
                                                  build/stm32f3xx_hal_uart.o
                                                  build/stm32f3xx_hal_rcc_ex.o
HAL_RCC_GetPCLK2Freq                              build/stm32f3xx_hal_rcc.o
                                                  build/stm32f3xx_hal_uart.o
HAL_RCC_GetSysClockFreq                           build/stm32f3xx_hal_rcc.o
                                                  build/stm32f3xx_hal_uart.o
                                                  build/stm32f3xx_hal_rcc_ex.o
HAL_RCC_MCOConfig                                 build/stm32f3xx_hal_rcc.o
HAL_RCC_NMI_IRQHandler                            build/stm32f3xx_hal_rcc.o
HAL_RCC_OscConfig                                 build/stm32f3xx_hal_rcc.o
                                                  build/main.o
HAL_RS485Ex_Init                                  build/stm32f3xx_hal_uart_ex.o
HAL_ResumeTick                                    build/stm32f3xx_hal.o
HAL_SYSTICK_CLKSourceConfig                       build/stm32f3xx_hal_cortex.o
                                                  build/main.o
HAL_SYSTICK_Callback                              build/stm32f3xx_hal_cortex.o
HAL_SYSTICK_Config                                build/stm32f3xx_hal_cortex.o
                                                  build/main.o
                                                  build/stm32f3xx_hal.o
HAL_SYSTICK_IRQHandler                            build/stm32f3xx_hal_cortex.o
HAL_SuspendTick                                   build/stm32f3xx_hal.o
HAL_UARTEx_DisableStopMode                        build/stm32f3xx_hal_uart_ex.o
HAL_UARTEx_EnableStopMode                         build/stm32f3xx_hal_uart_ex.o
HAL_UARTEx_StopModeWakeUpSourceConfig             build/stm32f3xx_hal_uart_ex.o
HAL_UARTEx_WakeupCallback                         build/stm32f3xx_hal_uart_ex.o
                                                  build/stm32f3xx_hal_uart.o
HAL_UART_Abort                                    build/stm32f3xx_hal_uart.o
HAL_UART_AbortCpltCallback                        build/stm32f3xx_hal_uart.o
HAL_UART_AbortReceive                             build/stm32f3xx_hal_uart.o
HAL_UART_AbortReceiveCpltCallback                 build/stm32f3xx_hal_uart.o
HAL_UART_AbortReceive_IT                          build/stm32f3xx_hal_uart.o
HAL_UART_AbortTransmit                            build/stm32f3xx_hal_uart.o
HAL_UART_AbortTransmitCpltCallback                build/stm32f3xx_hal_uart.o
HAL_UART_AbortTransmit_IT                         build/stm32f3xx_hal_uart.o
HAL_UART_Abort_IT                                 build/stm32f3xx_hal_uart.o
HAL_UART_DMAPause                                 build/stm32f3xx_hal_uart.o
HAL_UART_DMAResume                                build/stm32f3xx_hal_uart.o
HAL_UART_DMAStop                                  build/stm32f3xx_hal_uart.o
HAL_UART_DeInit                                   build/stm32f3xx_hal_uart.o
HAL_UART_ErrorCallback                            build/stm32f3xx_hal_uart.o
HAL_UART_GetError                                 build/stm32f3xx_hal_uart.o
HAL_UART_GetState                                 build/stm32f3xx_hal_uart.o
HAL_UART_IRQHandler                               build/stm32f3xx_hal_uart.o
HAL_UART_Init                                     build/stm32f3xx_hal_uart.o
                                                  build/main.o
HAL_UART_MspDeInit                                build/stm32f3xx_hal_msp.o
                                                  build/stm32f3xx_hal_uart.o
HAL_UART_MspInit                                  build/stm32f3xx_hal_msp.o
                                                  build/stm32f3xx_hal_uart.o
                                                  build/stm32f3xx_hal_uart_ex.o
HAL_UART_Receive                                  build/stm32f3xx_hal_uart.o
HAL_UART_Receive_DMA                              build/stm32f3xx_hal_uart.o
HAL_UART_Receive_IT                               build/stm32f3xx_hal_uart.o
HAL_UART_RxCpltCallback                           build/stm32f3xx_hal_uart.o
HAL_UART_RxHalfCpltCallback                       build/stm32f3xx_hal_uart.o
HAL_UART_Transmit                                 build/stm32f3xx_hal_uart.o
                                                  build/freertos.o
HAL_UART_Transmit_DMA                             build/stm32f3xx_hal_uart.o
HAL_UART_Transmit_IT                              build/stm32f3xx_hal_uart.o
HAL_UART_TxCpltCallback                           build/stm32f3xx_hal_uart.o
HAL_UART_TxHalfCpltCallback                       build/stm32f3xx_hal_uart.o
HardFault_Handler                                 build/startup_stm32f303x8.o
I2C1_ER_IRQHandler                                build/startup_stm32f303x8.o
I2C1_EV_IRQHandler                                build/startup_stm32f303x8.o
MemManage_Handler                                 build/startup_stm32f303x8.o
NMI_Handler                                       build/startup_stm32f303x8.o
PVD_IRQHandler                                    build/startup_stm32f303x8.o
PendSV_Handler                                    build/port.o
RCC_IRQHandler                                    build/startup_stm32f303x8.o
RTC_Alarm_IRQHandler                              build/startup_stm32f303x8.o
RTC_WKUP_IRQHandler                               build/startup_stm32f303x8.o
Reset_Handler                                     build/startup_stm32f303x8.o
SPI1_IRQHandler                                   build/startup_stm32f303x8.o
SVC_Handler                                       build/port.o
StartDefaultTask                                  build/main.o
SysTick_Handler                                   build/stm32f3xx_it.o
SystemClock_Config                                build/main.o
SystemCoreClock                                   build/system_stm32f3xx.o
                                                  build/port.o
                                                  build/stm32f3xx_hal_rcc.o
                                                  build/stm32f3xx_hal.o
                                                  build/stm32f3xx_hal_rcc_ex.o
SystemCoreClockUpdate                             build/system_stm32f3xx.o
SystemInit                                        build/system_stm32f3xx.o
                                                  build/startup_stm32f303x8.o
TAMP_STAMP_IRQHandler                             build/startup_stm32f303x8.o
TIM1_BRK_TIM15_IRQHandler                         build/startup_stm32f303x8.o
TIM1_CC_IRQHandler                                build/startup_stm32f303x8.o
TIM1_TRG_COM_TIM17_IRQHandler                     build/startup_stm32f303x8.o
TIM1_UP_TIM16_IRQHandler                          build/startup_stm32f303x8.o
TIM2_IRQHandler                                   build/startup_stm32f303x8.o
TIM3_IRQHandler                                   build/startup_stm32f303x8.o
TIM6_DAC1_IRQHandler                              build/startup_stm32f303x8.o
TIM7_DAC2_IRQHandler                              build/startup_stm32f303x8.o
UART_AdvFeatureConfig                             build/stm32f3xx_hal_uart.o
                                                  build/stm32f3xx_hal_uart_ex.o
UART_CheckIdleState                               build/stm32f3xx_hal_uart.o
                                                  build/stm32f3xx_hal_uart_ex.o
UART_EndTransmit_IT                               build/stm32f3xx_hal_uart.o
UART_Receive_IT                                   build/stm32f3xx_hal_uart.o
UART_SetConfig                                    build/stm32f3xx_hal_uart.o
                                                  build/stm32f3xx_hal_uart_ex.o
UART_Transmit_IT                                  build/stm32f3xx_hal_uart.o
UART_WaitOnFlagUntilTimeout                       build/stm32f3xx_hal_uart.o
                                                  build/stm32f3xx_hal_uart_ex.o
UART_Wakeup_AddressConfig                         build/stm32f3xx_hal_uart.o
                                                  build/stm32f3xx_hal_uart_ex.o
USART1_IRQHandler                                 build/startup_stm32f303x8.o
USART2_IRQHandler                                 build/startup_stm32f303x8.o
USART3_IRQHandler                                 build/startup_stm32f303x8.o
UsageFault_Handler                                build/startup_stm32f303x8.o
WWDG_IRQHandler                                   build/startup_stm32f303x8.o
_Error_Handler                                    build/main.o
_ITM_deregisterTMCloneTable                       /usr/lib/gcc/arm-none-eabi/5.4.1/armv7e-m/fpu/crtbegin.o
_ITM_registerTMCloneTable                         /usr/lib/gcc/arm-none-eabi/5.4.1/armv7e-m/fpu/crtbegin.o
_Jv_RegisterClasses                               /usr/lib/gcc/arm-none-eabi/5.4.1/armv7e-m/fpu/crtbegin.o
__TMC_END__                                       /usr/lib/gcc/arm-none-eabi/5.4.1/armv7e-m/fpu/crtend.o
                                                  /usr/lib/gcc/arm-none-eabi/5.4.1/armv7e-m/fpu/crtbegin.o
__atexit_dummy                                    /usr/lib/gcc/arm-none-eabi/5.4.1/../../../arm-none-eabi/lib/armv7e-m/fpu/libc_nano.a(lib_a-__atexit.o)
__bss_end__                                       /usr/lib/gcc/arm-none-eabi/5.4.1/../../../arm-none-eabi/lib/armv7e-m/fpu/crt0.o
__bss_start__                                     /usr/lib/gcc/arm-none-eabi/5.4.1/../../../arm-none-eabi/lib/armv7e-m/fpu/crt0.o
__call_exitprocs                                  /usr/lib/gcc/arm-none-eabi/5.4.1/../../../arm-none-eabi/lib/armv7e-m/fpu/libc_nano.a(lib_a-__call_atexit.o)
                                                  /usr/lib/gcc/arm-none-eabi/5.4.1/../../../arm-none-eabi/lib/armv7e-m/fpu/libc_nano.a(lib_a-__atexit.o)
                                                  /usr/lib/gcc/arm-none-eabi/5.4.1/../../../arm-none-eabi/lib/armv7e-m/fpu/libc_nano.a(lib_a-exit.o)
__deregister_frame_info                           /usr/lib/gcc/arm-none-eabi/5.4.1/armv7e-m/fpu/crtbegin.o
__dso_handle                                      /usr/lib/gcc/arm-none-eabi/5.4.1/armv7e-m/fpu/crtbegin.o
__fini_array_end                                  /usr/lib/gcc/arm-none-eabi/5.4.1/../../../arm-none-eabi/lib/armv7e-m/fpu/libc_nano.a(lib_a-fini.o)
__fini_array_start                                /usr/lib/gcc/arm-none-eabi/5.4.1/../../../arm-none-eabi/lib/armv7e-m/fpu/libc_nano.a(lib_a-fini.o)
__init_array_end                                  /usr/lib/gcc/arm-none-eabi/5.4.1/../../../arm-none-eabi/lib/armv7e-m/fpu/libc_nano.a(lib_a-init.o)
__init_array_start                                /usr/lib/gcc/arm-none-eabi/5.4.1/../../../arm-none-eabi/lib/armv7e-m/fpu/libc_nano.a(lib_a-init.o)
__libc_fini_array                                 /usr/lib/gcc/arm-none-eabi/5.4.1/../../../arm-none-eabi/lib/armv7e-m/fpu/libc_nano.a(lib_a-fini.o)
                                                  /usr/lib/gcc/arm-none-eabi/5.4.1/../../../arm-none-eabi/lib/armv7e-m/fpu/crt0.o
__libc_init_array                                 /usr/lib/gcc/arm-none-eabi/5.4.1/../../../arm-none-eabi/lib/armv7e-m/fpu/libc_nano.a(lib_a-init.o)
                                                  build/startup_stm32f303x8.o
                                                  /usr/lib/gcc/arm-none-eabi/5.4.1/../../../arm-none-eabi/lib/armv7e-m/fpu/crt0.o
__on_exit_args                                    /usr/lib/gcc/arm-none-eabi/5.4.1/../../../arm-none-eabi/lib/armv7e-m/fpu/libc_nano.a(lib_a-__atexit.o)
__preinit_array_end                               /usr/lib/gcc/arm-none-eabi/5.4.1/../../../arm-none-eabi/lib/armv7e-m/fpu/libc_nano.a(lib_a-init.o)
__preinit_array_start                             /usr/lib/gcc/arm-none-eabi/5.4.1/../../../arm-none-eabi/lib/armv7e-m/fpu/libc_nano.a(lib_a-init.o)
__register_exitproc                               /usr/lib/gcc/arm-none-eabi/5.4.1/../../../arm-none-eabi/lib/armv7e-m/fpu/libc_nano.a(lib_a-__atexit.o)
                                                  /usr/lib/gcc/arm-none-eabi/5.4.1/../../../arm-none-eabi/lib/armv7e-m/fpu/libc_nano.a(lib_a-atexit.o)
__register_frame_info                             /usr/lib/gcc/arm-none-eabi/5.4.1/armv7e-m/fpu/crtbegin.o
__sf_fake_stderr                                  /usr/lib/gcc/arm-none-eabi/5.4.1/../../../arm-none-eabi/lib/armv7e-m/fpu/libc_nano.a(lib_a-impure.o)
__sf_fake_stdin                                   /usr/lib/gcc/arm-none-eabi/5.4.1/../../../arm-none-eabi/lib/armv7e-m/fpu/libc_nano.a(lib_a-impure.o)
__sf_fake_stdout                                  /usr/lib/gcc/arm-none-eabi/5.4.1/../../../arm-none-eabi/lib/armv7e-m/fpu/libc_nano.a(lib_a-impure.o)
__stack                                           /usr/lib/gcc/arm-none-eabi/5.4.1/../../../arm-none-eabi/lib/armv7e-m/fpu/crt0.o
_ebss                                             build/startup_stm32f303x8.o
_edata                                            build/startup_stm32f303x8.o
_estack                                           build/startup_stm32f303x8.o
_exit                                             /usr/lib/gcc/arm-none-eabi/5.4.1/../../../arm-none-eabi/lib/armv7e-m/fpu/libnosys.a(_exit.o)
                                                  /usr/lib/gcc/arm-none-eabi/5.4.1/../../../arm-none-eabi/lib/armv7e-m/fpu/libc_nano.a(lib_a-exit.o)
_fini                                             /usr/lib/gcc/arm-none-eabi/5.4.1/armv7e-m/fpu/crti.o
                                                  /usr/lib/gcc/arm-none-eabi/5.4.1/../../../arm-none-eabi/lib/armv7e-m/fpu/libc_nano.a(lib_a-fini.o)
_global_atexit                                    /usr/lib/gcc/arm-none-eabi/5.4.1/../../../arm-none-eabi/lib/armv7e-m/fpu/libc_nano.a(lib_a-__call_atexit.o)
                                                  /usr/lib/gcc/arm-none-eabi/5.4.1/../../../arm-none-eabi/lib/armv7e-m/fpu/libc_nano.a(lib_a-__atexit.o)
_global_impure_ptr                                /usr/lib/gcc/arm-none-eabi/5.4.1/../../../arm-none-eabi/lib/armv7e-m/fpu/libc_nano.a(lib_a-impure.o)
                                                  /usr/lib/gcc/arm-none-eabi/5.4.1/../../../arm-none-eabi/lib/armv7e-m/fpu/libc_nano.a(lib_a-exit.o)
_impure_ptr                                       /usr/lib/gcc/arm-none-eabi/5.4.1/../../../arm-none-eabi/lib/armv7e-m/fpu/libc_nano.a(lib_a-impure.o)
_init                                             /usr/lib/gcc/arm-none-eabi/5.4.1/armv7e-m/fpu/crti.o
                                                  /usr/lib/gcc/arm-none-eabi/5.4.1/../../../arm-none-eabi/lib/armv7e-m/fpu/libc_nano.a(lib_a-init.o)
_mainCRTStartup                                   /usr/lib/gcc/arm-none-eabi/5.4.1/../../../arm-none-eabi/lib/armv7e-m/fpu/crt0.o
_sbss                                             build/startup_stm32f303x8.o
_sdata                                            build/startup_stm32f303x8.o
_sidata                                           build/startup_stm32f303x8.o
_start                                            /usr/lib/gcc/arm-none-eabi/5.4.1/../../../arm-none-eabi/lib/armv7e-m/fpu/crt0.o
aPLLMULFactorTable                                build/stm32f3xx_hal_rcc.o
aPredivFactorTable                                build/stm32f3xx_hal_rcc.o
atexit                                            /usr/lib/gcc/arm-none-eabi/5.4.1/../../../arm-none-eabi/lib/armv7e-m/fpu/libc_nano.a(lib_a-atexit.o)
                                                  /usr/lib/gcc/arm-none-eabi/5.4.1/../../../arm-none-eabi/lib/armv7e-m/fpu/crt0.o
defaultTaskHandle                                 build/main.o
exit                                              /usr/lib/gcc/arm-none-eabi/5.4.1/../../../arm-none-eabi/lib/armv7e-m/fpu/libc_nano.a(lib_a-exit.o)
                                                  /usr/lib/gcc/arm-none-eabi/5.4.1/../../../arm-none-eabi/lib/armv7e-m/fpu/crt0.o
free                                              /usr/lib/gcc/arm-none-eabi/5.4.1/../../../arm-none-eabi/lib/armv7e-m/fpu/libc_nano.a(lib_a-__call_atexit.o)
g_pfnVectors                                      build/startup_stm32f303x8.o
hardware_init_hook                                /usr/lib/gcc/arm-none-eabi/5.4.1/../../../arm-none-eabi/lib/armv7e-m/fpu/crt0.o
huart2                                            build/main.o
                                                  build/freertos.o
main                                              build/main.o
                                                  build/startup_stm32f303x8.o
                                                  /usr/lib/gcc/arm-none-eabi/5.4.1/../../../arm-none-eabi/lib/armv7e-m/fpu/crt0.o
malloc                                            /usr/lib/gcc/arm-none-eabi/5.4.1/../../../arm-none-eabi/lib/armv7e-m/fpu/libc_nano.a(lib_a-__atexit.o)
memcpy                                            /usr/lib/gcc/arm-none-eabi/5.4.1/../../../arm-none-eabi/lib/armv7e-m/fpu/libc_nano.a(lib_a-memcpy.o)
                                                  build/queue.o
memset                                            /usr/lib/gcc/arm-none-eabi/5.4.1/../../../arm-none-eabi/lib/armv7e-m/fpu/libc_nano.a(lib_a-memset.o)
                                                  /usr/lib/gcc/arm-none-eabi/5.4.1/../../../arm-none-eabi/lib/armv7e-m/fpu/crt0.o
osAbortDelay                                      build/cmsis_os.o
osDelay                                           build/cmsis_os.o
                                                  build/main.o
                                                  build/freertos.o
osDelayUntil                                      build/cmsis_os.o
osKernelRunning                                   build/cmsis_os.o
osKernelStart                                     build/cmsis_os.o
                                                  build/main.o
osKernelSysTick                                   build/cmsis_os.o
osMailAlloc                                       build/cmsis_os.o
osMailCAlloc                                      build/cmsis_os.o
osMailCreate                                      build/cmsis_os.o
osMailFree                                        build/cmsis_os.o
osMailGet                                         build/cmsis_os.o
osMailPut                                         build/cmsis_os.o
osMessageAvailableSpace                           build/cmsis_os.o
osMessageCreate                                   build/cmsis_os.o
osMessageDelete                                   build/cmsis_os.o
osMessageGet                                      build/cmsis_os.o
osMessagePeek                                     build/cmsis_os.o
osMessagePut                                      build/cmsis_os.o
osMessageWaiting                                  build/cmsis_os.o
osMutexCreate                                     build/cmsis_os.o
osMutexDelete                                     build/cmsis_os.o
osMutexRelease                                    build/cmsis_os.o
osMutexWait                                       build/cmsis_os.o
osPoolAlloc                                       build/cmsis_os.o
osPoolCAlloc                                      build/cmsis_os.o
osPoolCreate                                      build/cmsis_os.o
osPoolFree                                        build/cmsis_os.o
osRecursiveMutexCreate                            build/cmsis_os.o
osRecursiveMutexRelease                           build/cmsis_os.o
osRecursiveMutexWait                              build/cmsis_os.o
osSemaphoreCreate                                 build/cmsis_os.o
osSemaphoreDelete                                 build/cmsis_os.o
osSemaphoreGetCount                               build/cmsis_os.o
osSemaphoreRelease                                build/cmsis_os.o
osSemaphoreWait                                   build/cmsis_os.o
osSignalSet                                       build/cmsis_os.o
osSignalWait                                      build/cmsis_os.o
osSystickHandler                                  build/cmsis_os.o
                                                  build/stm32f3xx_it.o
osThreadCreate                                    build/cmsis_os.o
                                                  build/main.o
osThreadGetId                                     build/cmsis_os.o
osThreadGetPriority                               build/cmsis_os.o
osThreadList                                      build/cmsis_os.o
osThreadResume                                    build/cmsis_os.o
osThreadResumeAll                                 build/cmsis_os.o
osThreadSetPriority                               build/cmsis_os.o
osThreadSuspend                                   build/cmsis_os.o
osThreadSuspendAll                                build/cmsis_os.o
osThreadTerminate                                 build/cmsis_os.o
osThreadYield                                     build/cmsis_os.o
osTimerCreate                                     build/cmsis_os.o
osTimerDelete                                     build/cmsis_os.o
osTimerStart                                      build/cmsis_os.o
osTimerStop                                       build/cmsis_os.o
pFlash                                            build/stm32f3xx_hal_flash.o
                                                  build/stm32f3xx_hal_flash_ex.o
pcCOM                                             build/freertos.o
pcQueueGetName                                    build/queue.o
pcTaskGetName                                     build/tasks.o
pc_comHandle                                      build/main.o
pvPortMalloc                                      build/heap_4.o
                                                  build/event_groups.o
                                                  build/cmsis_os.o
                                                  build/tasks.o
                                                  build/queue.o
pvTaskIncrementMutexHeldCount                     build/tasks.o
                                                  build/queue.o
pxCurrentTCB                                      build/tasks.o
                                                  build/port.o
pxPortInitialiseStack                             build/port.o
                                                  build/tasks.o
software_init_hook                                /usr/lib/gcc/arm-none-eabi/5.4.1/../../../arm-none-eabi/lib/armv7e-m/fpu/crt0.o
ulTaskNotifyTake                                  build/tasks.o
uwTick                                            build/stm32f3xx_hal.o
uxListRemove                                      build/list.o
                                                  build/tasks.o
uxQueueMessagesWaiting                            build/queue.o
                                                  build/cmsis_os.o
uxQueueMessagesWaitingFromISR                     build/queue.o
                                                  build/cmsis_os.o
uxQueueSpacesAvailable                            build/queue.o
                                                  build/cmsis_os.o
uxTaskGetNumberOfTasks                            build/tasks.o
uxTaskPriorityGet                                 build/tasks.o
                                                  build/cmsis_os.o
uxTaskPriorityGetFromISR                          build/tasks.o
                                                  build/cmsis_os.o
uxTaskResetEventItemValue                         build/tasks.o
                                                  build/event_groups.o
vEventGroupClearBitsCallback                      build/event_groups.o
vEventGroupDelete                                 build/event_groups.o
vEventGroupSetBitsCallback                        build/event_groups.o
vListInitialise                                   build/list.o
                                                  build/event_groups.o
                                                  build/tasks.o
                                                  build/queue.o
vListInitialiseItem                               build/list.o
                                                  build/tasks.o
vListInsert                                       build/list.o
                                                  build/tasks.o
vListInsertEnd                                    build/list.o
                                                  build/tasks.o
vPortEndScheduler                                 build/port.o
                                                  build/tasks.o
vPortEnterCritical                                build/port.o
                                                  build/event_groups.o
                                                  build/cmsis_os.o
                                                  build/tasks.o
                                                  build/queue.o
vPortExitCritical                                 build/port.o
                                                  build/event_groups.o
                                                  build/cmsis_os.o
                                                  build/tasks.o
                                                  build/queue.o
vPortFree                                         build/heap_4.o
                                                  build/event_groups.o
                                                  build/cmsis_os.o
                                                  build/tasks.o
                                                  build/queue.o
vPortInitialiseBlocks                             build/heap_4.o
vPortSetupTimerInterrupt                          build/port.o
vPortValidateInterruptPriority                    build/port.o
                                                  build/tasks.o
                                                  build/queue.o
vQueueAddToRegistry                               build/queue.o
vQueueDelete                                      build/queue.o
                                                  build/cmsis_os.o
vQueueUnregisterQueue                             build/queue.o
vTaskDelay                                        build/tasks.o
                                                  build/cmsis_os.o
vTaskDelete                                       build/tasks.o
                                                  build/cmsis_os.o
vTaskEndScheduler                                 build/tasks.o
vTaskMissedYield                                  build/tasks.o
                                                  build/queue.o
vTaskNotifyGiveFromISR                            build/tasks.o
vTaskPlaceOnEventList                             build/tasks.o
                                                  build/queue.o
vTaskPlaceOnUnorderedEventList                    build/tasks.o
                                                  build/event_groups.o
vTaskPriorityInherit                              build/tasks.o
                                                  build/queue.o
vTaskPrioritySet                                  build/tasks.o
                                                  build/cmsis_os.o
vTaskResume                                       build/tasks.o
                                                  build/cmsis_os.o
vTaskSetTimeOutState                              build/tasks.o
                                                  build/queue.o
vTaskStartScheduler                               build/tasks.o
                                                  build/cmsis_os.o
vTaskSuspend                                      build/tasks.o
                                                  build/cmsis_os.o
vTaskSuspendAll                                   build/tasks.o
                                                  build/event_groups.o
                                                  build/heap_4.o
                                                  build/cmsis_os.o
                                                  build/queue.o
vTaskSwitchContext                                build/tasks.o
                                                  build/port.o
xEventGroupClearBits                              build/event_groups.o
xEventGroupCreate                                 build/event_groups.o
xEventGroupGetBitsFromISR                         build/event_groups.o
xEventGroupSetBits                                build/event_groups.o
xEventGroupSync                                   build/event_groups.o
xEventGroupWaitBits                               build/event_groups.o
xPortGetFreeHeapSize                              build/heap_4.o
xPortGetMinimumEverFreeHeapSize                   build/heap_4.o
xPortStartScheduler                               build/port.o
                                                  build/tasks.o
xPortSysTickHandler                               build/port.o
                                                  build/cmsis_os.o
xQueueCreateMutex                                 build/queue.o
                                                  build/cmsis_os.o
xQueueGenericCreate                               build/queue.o
                                                  build/cmsis_os.o
xQueueGenericReceive                              build/queue.o
                                                  build/cmsis_os.o
xQueueGenericReset                                build/queue.o
xQueueGenericSend                                 build/queue.o
                                                  build/cmsis_os.o
xQueueGenericSendFromISR                          build/queue.o
                                                  build/cmsis_os.o
xQueueGiveFromISR                                 build/queue.o
                                                  build/cmsis_os.o
xQueueIsQueueEmptyFromISR                         build/queue.o
xQueueIsQueueFullFromISR                          build/queue.o
xQueuePeekFromISR                                 build/queue.o
xQueueReceiveFromISR                              build/queue.o
                                                  build/cmsis_os.o
xQueueRegistry                                    build/queue.o
xTaskCheckForTimeOut                              build/tasks.o
                                                  build/queue.o
xTaskCreate                                       build/tasks.o
                                                  build/cmsis_os.o
xTaskGenericNotify                                build/tasks.o
                                                  build/cmsis_os.o
xTaskGenericNotifyFromISR                         build/tasks.o
                                                  build/cmsis_os.o
xTaskGetCurrentTaskHandle                         build/tasks.o
                                                  build/cmsis_os.o
xTaskGetSchedulerState                            build/tasks.o
                                                  build/event_groups.o
                                                  build/cmsis_os.o
                                                  build/queue.o
xTaskGetTickCount                                 build/tasks.o
                                                  build/cmsis_os.o
xTaskGetTickCountFromISR                          build/tasks.o
                                                  build/cmsis_os.o
xTaskIncrementTick                                build/tasks.o
                                                  build/port.o
xTaskNotifyStateClear                             build/tasks.o
xTaskNotifyWait                                   build/tasks.o
                                                  build/cmsis_os.o
xTaskPriorityDisinherit                           build/tasks.o
                                                  build/queue.o
xTaskRemoveFromEventList                          build/tasks.o
                                                  build/queue.o
xTaskRemoveFromUnorderedEventList                 build/tasks.o
                                                  build/event_groups.o
xTaskResumeAll                                    build/tasks.o
                                                  build/event_groups.o
                                                  build/heap_4.o
                                                  build/cmsis_os.o
                                                  build/queue.o
xTaskResumeFromISR                                build/tasks.o
                                                  build/cmsis_os.o
